Archive member included to satisfy reference by file (symbol)

/usr/lib/gcc/arm-none-eabi/12.2.1/../../../arm-none-eabi/lib/thumb/v7-m/nofp/libc.a(lib_a-memcpy.o)
                              canbox.qemu (memcpy)
/usr/lib/gcc/arm-none-eabi/12.2.1/../../../arm-none-eabi/lib/thumb/v7-m/nofp/libc.a(lib_a-memset.o)
                              conf.qemu (memset)
/usr/lib/gcc/arm-none-eabi/12.2.1/../../../arm-none-eabi/lib/thumb/v7-m/nofp/libc.a(lib_a-snprintf.o)
                              main.qemu (snprintf)
/usr/lib/gcc/arm-none-eabi/12.2.1/../../../arm-none-eabi/lib/thumb/v7-m/nofp/libc.a(lib_a-strcpy.o)
                              main.qemu (strcpy)
/usr/lib/gcc/arm-none-eabi/12.2.1/../../../arm-none-eabi/lib/thumb/v7-m/nofp/libc.a(lib_a-strlen-stub.o)
                              main.qemu (strlen)
/usr/lib/gcc/arm-none-eabi/12.2.1/../../../arm-none-eabi/lib/thumb/v7-m/nofp/libc.a(lib_a-svfprintf.o)
                              /usr/lib/gcc/arm-none-eabi/12.2.1/../../../arm-none-eabi/lib/thumb/v7-m/nofp/libc.a(lib_a-snprintf.o) (_svfprintf_r)
/usr/lib/gcc/arm-none-eabi/12.2.1/../../../arm-none-eabi/lib/thumb/v7-m/nofp/libc.a(lib_a-dtoa.o)
                              /usr/lib/gcc/arm-none-eabi/12.2.1/../../../arm-none-eabi/lib/thumb/v7-m/nofp/libc.a(lib_a-svfprintf.o) (_dtoa_r)
/usr/lib/gcc/arm-none-eabi/12.2.1/../../../arm-none-eabi/lib/thumb/v7-m/nofp/libc.a(lib_a-impure.o)
                              /usr/lib/gcc/arm-none-eabi/12.2.1/../../../arm-none-eabi/lib/thumb/v7-m/nofp/libc.a(lib_a-snprintf.o) (_impure_ptr)
/usr/lib/gcc/arm-none-eabi/12.2.1/../../../arm-none-eabi/lib/thumb/v7-m/nofp/libc.a(lib_a-localeconv.o)
                              /usr/lib/gcc/arm-none-eabi/12.2.1/../../../arm-none-eabi/lib/thumb/v7-m/nofp/libc.a(lib_a-svfprintf.o) (_localeconv_r)
/usr/lib/gcc/arm-none-eabi/12.2.1/../../../arm-none-eabi/lib/thumb/v7-m/nofp/libc.a(lib_a-mallocr.o)
                              /usr/lib/gcc/arm-none-eabi/12.2.1/../../../arm-none-eabi/lib/thumb/v7-m/nofp/libc.a(lib_a-svfprintf.o) (_malloc_r)
/usr/lib/gcc/arm-none-eabi/12.2.1/../../../arm-none-eabi/lib/thumb/v7-m/nofp/libc.a(lib_a-memchr-stub.o)
                              /usr/lib/gcc/arm-none-eabi/12.2.1/../../../arm-none-eabi/lib/thumb/v7-m/nofp/libc.a(lib_a-svfprintf.o) (memchr)
/usr/lib/gcc/arm-none-eabi/12.2.1/../../../arm-none-eabi/lib/thumb/v7-m/nofp/libc.a(lib_a-mlock.o)
                              /usr/lib/gcc/arm-none-eabi/12.2.1/../../../arm-none-eabi/lib/thumb/v7-m/nofp/libc.a(lib_a-mallocr.o) (__malloc_lock)
/usr/lib/gcc/arm-none-eabi/12.2.1/../../../arm-none-eabi/lib/thumb/v7-m/nofp/libc.a(lib_a-mprec.o)
                              /usr/lib/gcc/arm-none-eabi/12.2.1/../../../arm-none-eabi/lib/thumb/v7-m/nofp/libc.a(lib_a-dtoa.o) (_Balloc)
/usr/lib/gcc/arm-none-eabi/12.2.1/../../../arm-none-eabi/lib/thumb/v7-m/nofp/libc.a(lib_a-svfiprintf.o)
                              /usr/lib/gcc/arm-none-eabi/12.2.1/../../../arm-none-eabi/lib/thumb/v7-m/nofp/libc.a(lib_a-svfprintf.o) (__ssprint_r)
/usr/lib/gcc/arm-none-eabi/12.2.1/../../../arm-none-eabi/lib/thumb/v7-m/nofp/libc.a(lib_a-assert.o)
                              /usr/lib/gcc/arm-none-eabi/12.2.1/../../../arm-none-eabi/lib/thumb/v7-m/nofp/libc.a(lib_a-dtoa.o) (__assert_func)
/usr/lib/gcc/arm-none-eabi/12.2.1/../../../arm-none-eabi/lib/thumb/v7-m/nofp/libc.a(lib_a-callocr.o)
                              /usr/lib/gcc/arm-none-eabi/12.2.1/../../../arm-none-eabi/lib/thumb/v7-m/nofp/libc.a(lib_a-mprec.o) (_calloc_r)
/usr/lib/gcc/arm-none-eabi/12.2.1/../../../arm-none-eabi/lib/thumb/v7-m/nofp/libc.a(lib_a-fiprintf.o)
                              /usr/lib/gcc/arm-none-eabi/12.2.1/../../../arm-none-eabi/lib/thumb/v7-m/nofp/libc.a(lib_a-assert.o) (fiprintf)
/usr/lib/gcc/arm-none-eabi/12.2.1/../../../arm-none-eabi/lib/thumb/v7-m/nofp/libc.a(lib_a-freer.o)
                              /usr/lib/gcc/arm-none-eabi/12.2.1/../../../arm-none-eabi/lib/thumb/v7-m/nofp/libc.a(lib_a-mallocr.o) (_free_r)
/usr/lib/gcc/arm-none-eabi/12.2.1/../../../arm-none-eabi/lib/thumb/v7-m/nofp/libc.a(lib_a-locale.o)
                              /usr/lib/gcc/arm-none-eabi/12.2.1/../../../arm-none-eabi/lib/thumb/v7-m/nofp/libc.a(lib_a-localeconv.o) (__global_locale)
/usr/lib/gcc/arm-none-eabi/12.2.1/../../../arm-none-eabi/lib/thumb/v7-m/nofp/libc.a(lib_a-mbtowc_r.o)
                              /usr/lib/gcc/arm-none-eabi/12.2.1/../../../arm-none-eabi/lib/thumb/v7-m/nofp/libc.a(lib_a-locale.o) (__ascii_mbtowc)
/usr/lib/gcc/arm-none-eabi/12.2.1/../../../arm-none-eabi/lib/thumb/v7-m/nofp/libc.a(lib_a-memmove.o)
                              /usr/lib/gcc/arm-none-eabi/12.2.1/../../../arm-none-eabi/lib/thumb/v7-m/nofp/libc.a(lib_a-svfiprintf.o) (memmove)
/usr/lib/gcc/arm-none-eabi/12.2.1/../../../arm-none-eabi/lib/thumb/v7-m/nofp/libc.a(lib_a-reallocr.o)
                              /usr/lib/gcc/arm-none-eabi/12.2.1/../../../arm-none-eabi/lib/thumb/v7-m/nofp/libc.a(lib_a-svfiprintf.o) (_realloc_r)
[...]
Memory Configuration

Name             Origin             Length             Attributes
rom              0x08000000         0x00020000         xr
ram              0x20000000         0x00002000         xrw
*default*        0x00000000         0xffffffff

Linker script and memory map

LOAD main.qemu
LOAD canbox.qemu
LOAD ring.qemu
LOAD conf.qemu
LOAD car.qemu
LOAD tick.qemu
LOAD hw.qemu
LOAD sbrk.qemu
LOAD qemu/fw/hw_clock.qemu
LOAD qemu/fw/hw_can.qemu
LOAD qemu/fw/hw_gpio.qemu
LOAD qemu/fw/hw_tick.qemu
LOAD qemu/fw/hw_usart.qemu
LOAD qemu/fw/hw_sleep.qemu
LOAD qemu/fw/hw_conf.qemu
LOAD libopencm3/lib/stm32/f1/gpio.stm32f1
LOAD libopencm3/lib/stm32/f1/rcc.stm32f1
LOAD libopencm3/lib/stm32/f1/pwr.stm32f1
LOAD libopencm3/lib/stm32/f1/flash.stm32f1
LOAD libopencm3/lib/stm32/common/gpio_common_all.stm32f1
LOAD libopencm3/lib/stm32/common/usart_common_all.stm32f1
LOAD libopencm3/lib/stm32/common/usart_common_f124.stm32f1
LOAD libopencm3/lib/stm32/common/rcc_common_all.stm32f1
LOAD libopencm3/lib/stm32/common/pwr_common_all.stm32f1
LOAD libopencm3/lib/cm3/vector.stm32f1
LOAD libopencm3/lib/cm3/systick.stm32f1
LOAD libopencm3/lib/cm3/nvic.stm32f1
LOAD libopencm3/lib/cm3/sync.stm32f1
LOAD libopencm3/lib/stm32/common/flash_common_f01.stm32f1
LOAD libopencm3/lib/stm32/can.stm32f1
LOAD libopencm3/lib/stm32/common/iwdg_common_all.stm32f1
LOAD libopencm3/lib/stm32/common/exti_common_all.stm32f1
LOAD /usr/lib/gcc/arm-none-eabi/12.2.1/../../../arm-none-eabi/lib/thumb/v7-m/nofp/libc.a
LOAD /usr/lib/gcc/arm-none-eabi/12.2.1/../../../arm-none-eabi/lib/thumb/v7-m/nofp/libm.a
START GROUP
LOAD /usr/lib/gcc/arm-none-eabi/12.2.1/thumb/v7-m/nofp/libgcc.a
LOAD /usr/lib/gcc/arm-none-eabi/12.2.1/../../../arm-none-eabi/lib/thumb/v7-m/nofp/libc.a
END GROUP
START GROUP
LOAD /usr/lib/gcc/arm-none-eabi/12.2.1/thumb/v7-m/nofp/libgcc.a
LOAD /usr/lib/gcc/arm-none-eabi/12.2.1/../../../arm-none-eabi/lib/thumb/v7-m/nofp/libc.a
LOAD /usr/lib/gcc/arm-none-eabi/12.2.1/../../../arm-none-eabi/lib/thumb/v7-m/nofp/libnosys.a
END GROUP

.text           0x08000000     0xc42c
 *(.vectors)
 .vectors       0x08000000      0x150 libopencm3/lib/cm3/vector.stm32f1
                0x08000000                vector_table
 *(.text*)
 .text.clr_rscreen
                0x08000150       0x3c main.qemu
 .text.print_line
                0x0800018c       0x2c main.qemu
 .text.clr_screen
                0x080001b8       0x3c main.qemu
 .text.get_rear_delay_state
                0x080001f4       0x30 main.qemu
                0x080001f4                get_rear_delay_state
 .text.print_sniffer
                0x08000224      0x134 main.qemu
                0x08000224                print_sniffer
 .text.print_debug
                0x08000358      0x3e8 main.qemu
                0x08000358                print_debug
 .text.startup.main
                0x08000740      0x350 main.qemu
                0x08000740                main
 .text.snd_canbox_msg
                0x08000a90       0x62 canbox.qemu
 .text.snd_canbox_hiworld_msg
                0x08000af2       0x6a canbox.qemu
 .text.canbox_raise_vw_radar_process
                0x08000b5c      0x2d0 canbox.qemu
                0x08000b5c                canbox_raise_vw_radar_process
 .text.canbox_raise_vw_wheel_process
                0x08000e2c       0x74 canbox.qemu
                0x08000e2c                canbox_raise_vw_wheel_process
 .text.canbox_raise_vw_door_process
                0x08000ea0       0xbc canbox.qemu
                0x08000ea0                canbox_raise_vw_door_process
 .text.canbox_raise_vw_vehicle_info
                0x08000f5c       0xd0 canbox.qemu
                0x08000f5c                canbox_raise_vw_vehicle_info
 .text.canbox_raise_vw_ac_process
                0x0800102c      0x220 canbox.qemu
                0x0800102c                canbox_raise_vw_ac_process
 .text.canbox_raise_vw_mqb_door_process
                0x0800124c       0x8c canbox.qemu
                0x0800124c                canbox_raise_vw_mqb_door_process
 .text.canbox_hiworld_vw_mqb_wheel_process
                0x080012d8       0xac canbox.qemu
                0x080012d8                canbox_hiworld_vw_mqb_wheel_process
 .text.canbox_hiworld_vw_mqb_radar_process
                0x08001384      0x1bc canbox.qemu
                0x08001384                canbox_hiworld_vw_mqb_radar_process
 .text.canbox_hiworld_vw_mqb_door_process
                0x08001540       0x76 canbox.qemu
                0x08001540                canbox_hiworld_vw_mqb_door_process
 .text.canbox_inc_volume
                0x080015b6       0x3a canbox.qemu
                0x080015b6                canbox_inc_volume
 .text.canbox_dec_volume
                0x080015f0       0x3a canbox.qemu
                0x080015f0                canbox_dec_volume
 .text.canbox_prev
                0x0800162a       0x50 canbox.qemu
                0x0800162a                canbox_prev
 .text.canbox_next
                0x0800167a       0x50 canbox.qemu
                0x0800167a                canbox_next
 .text.canbox_mode
                0x080016ca       0x3a canbox.qemu
                0x080016ca                canbox_mode
 .text.canbox_cont
                0x08001704       0x3a canbox.qemu
                0x08001704                canbox_cont
 .text.canbox_mici
                0x0800173e       0x3a canbox.qemu
                0x0800173e                canbox_mici
 .text.canbox_cmd_process
                0x08001778       0xdc canbox.qemu
                0x08001778                canbox_cmd_process
 .text.canbox_process
                0x08001854       0x74 canbox.qemu
                0x08001854                canbox_process
 .text.canbox_park_process
                0x080018c8       0x54 canbox.qemu
                0x080018c8                canbox_park_process
 .text.ring_init
                0x0800191c        0xe ring.qemu
                0x0800191c                ring_init
 .text.ring_write_ch
                0x0800192a       0x40 ring.qemu
                0x0800192a                ring_write_ch
 .text.ring_write
                0x0800196a       0x24 ring.qemu
                0x0800196a                ring_write
 .text.ring_read_ch
                0x0800198e       0x2c ring.qemu
                0x0800198e                ring_read_ch
 *fill*         0x080019ba        0x2 
 .text.conf_write
                0x080019bc       0xa8 conf.qemu
                0x080019bc                conf_write
 .text.conf_read
                0x08001a64       0xc8 conf.qemu
                0x08001a64                conf_read
 .text.conf_get_car
                0x08001b2c        0xc conf.qemu
                0x08001b2c                conf_get_car
 .text.conf_set_car
                0x08001b38       0x10 conf.qemu
                0x08001b38                conf_set_car
 .text.conf_get_illum
                0x08001b48        0xc conf.qemu
                0x08001b48                conf_get_illum
 .text.conf_set_illum
                0x08001b54       0x10 conf.qemu
                0x08001b54                conf_set_illum
 .text.conf_get_rear_delay
                0x08001b64        0xc conf.qemu
                0x08001b64                conf_get_rear_delay
 .text.conf_set_rear_delay
                0x08001b70       0x10 conf.qemu
                0x08001b70                conf_set_rear_delay
 .text.conf_get_canbox
                0x08001b80        0xc conf.qemu
                0x08001b80                conf_get_canbox
 .text.conf_set_canbox
                0x08001b8c       0x10 conf.qemu
                0x08001b8c                conf_set_canbox
 .text.conf_get_idx
                0x08001b9c        0xc conf.qemu
                0x08001b9c                conf_get_idx
 .text.in_process
                0x08001ba8       0xa6 car.qemu
 .text.is_timeout
                0x08001c4e       0x14 car.qemu
                0x08001c4e                is_timeout
 *fill*         0x08001c62        0x2 
 .text.anymsg_handler
                0x08001c64       0x1c car.qemu
 .text.lr2_2013my_ms_4a6_handler
                0x08001c80      0x16c car.qemu
 .text.lr2_2013my_ms_b8_handler
                0x08001dec       0x80 car.qemu
 .text.lr2_2013my_ms_10_handler
                0x08001e6c       0x48 car.qemu
 .text.xc90_2007my_ms_acc_handler
                0x08001eb4       0x2c car.qemu
 .text.xc90_2007my_ms_gear_handler
                0x08001ee0       0x38 car.qemu
 .text.xc90_2007my_ms_lsm1_handler
                0x08001f18       0x44 car.qemu
 .text.xc90_2007my_ms_wheel_handler
                0x08001f5c       0x54 car.qemu
 .text.xc90_2007my_ms_swm_handler
                0x08001fb0       0x5c car.qemu
 .text.skoda_fabia_ms_swm_handler
                0x0800200c        0x4 car.qemu
 .text.xc90_2007my_ms_lsm0_handler
                0x08002010       0x30 car.qemu
 .text.skoda_fabia_ms_taho_handler
                0x08002040       0x20 car.qemu
 .text.skoda_fabia_ms_aircon_handler
                0x08002060       0x20 car.qemu
 .text.skoda_fabia_ms_acc_handler
                0x08002080       0x34 car.qemu
 .text.skoda_fabia_ms_gear_handler
                0x080020b4       0x38 car.qemu
 .text.skoda_fabia_ms_park_handler
                0x080020ec       0x24 car.qemu
 .text.skoda_fabia_ms_wheel_handler
                0x08002110       0x20 car.qemu
 .text.skoda_fabia_ms_illum_handler
                0x08002130       0x28 car.qemu
 .text.toyota_premio_26x_ms_temp_handler
                0x08002158       0x20 car.qemu
 .text.toyota_premio_26x_ms_tacho_handler
                0x08002178       0x28 car.qemu
 .text.toyota_premio_26x_ms_odometer
                0x080021a0       0x28 car.qemu
 .text.toyota_premio_26x_ms_drive_mode_handler
                0x080021c8       0x4c car.qemu
 .text.toyota_premio_26x_ms_light_handler
                0x08002214       0x44 car.qemu
 .text.toyota_premio_26x_ms_ign_brake_doors_handler
                0x08002258       0x84 car.qemu
 .text.toyota_premio_26x_ms_speed_handler
                0x080022dc       0x2c car.qemu
 .text.toyota_premio_26x_ms_wheel_handler
                0x08002308       0x68 car.qemu
 .text.mercedes_w203_2005my_ms_02FF_handler
                0x08002370       0x4c car.qemu
 .text.mercedes_w203_2005my_ms_000A_handler
                0x080023bc       0x30 car.qemu
 .text.mercedes_w203_2005my_ms_0006_handler
                0x080023ec       0x54 car.qemu
 .text.mercedes_w203_2005my_ms_0194_handler
                0x08002440       0x20 car.qemu
 .text.mercedes_w203_2005my_ms_01CA_handler
                0x08002460       0xac car.qemu
 .text.mercedes_w203_2005my_ms_0003_handler
                0x0800250c       0x3c car.qemu
 .text.mercedes_w203_2005my_ms_0004_handler
                0x08002548       0x5c car.qemu
 .text.mercedes_w203_2005my_ms_0000_handler
                0x080025a4       0x28 car.qemu
 .text.q3_2015_ms_3E3_handler
                0x080025cc       0x4c car.qemu
 .text.q3_2015_ms_3E1_handler
                0x08002618       0x34 car.qemu
 .text.q3_2015_ms_6DA_handler
                0x0800264c      0x1bc car.qemu
 .text.q3_2015_ms_621_handler
                0x08002808       0x54 car.qemu
 .text.q3_2015_ms_35b_handler
                0x0800285c       0x50 car.qemu
 .text.q3_2015_ms_3c3_handler
                0x080028ac       0x50 car.qemu
 .text.q3_2015_ms_635_handler
                0x080028fc       0x44 car.qemu
 .text.q3_2015_ms_5BF_handler
                0x08002940      0x124 car.qemu
 .text.q3_2015_ms_359_handler
                0x08002a64       0x64 car.qemu
 .text.q3_2015_ms_470_handler
                0x08002ac8       0x60 car.qemu
 .text.q3_2015_ms_571_handler
                0x08002b28       0x48 car.qemu
 .text.q3_2015_ms_65D_handler
                0x08002b70       0x2c car.qemu
 .text.q3_2015_ms_65F_handler
                0x08002b9c       0x64 car.qemu
 .text.mercedes_w203_2005my_ms_00B2_handler
                0x08002c00        0x4 car.qemu
 .text.q3_2015_ms_2c3_handler
                0x08002c04       0x2c car.qemu
 .text.lr2_2007my_ms_405_handler
                0x08002c30       0x68 car.qemu
 .text.lr2_2013my_ms_405_handler
                0x08002c98        0x4 car.qemu
 .text.lr2_2007my_ms_2a0_handler
                0x08002c9c       0x48 car.qemu
 .text.lr2_2007my_ms_188_handler
                0x08002ce4      0x16c car.qemu
 .text.lr2_2007my_ms_110_handler
                0x08002e50       0x38 car.qemu
 .text.lr2_2007my_ms_fd_handler
                0x08002e88       0x28 car.qemu
 .text.lr2_2007my_ms_7e_handler
                0x08002eb0       0x5c car.qemu
 .text.lr2_2007my_ms_6c_handler
                0x08002f0c       0x44 car.qemu
 .text.xc90_2007my_ms_rem_handler
                0x08002f50       0xc8 car.qemu
 .text.skoda_fabia_ms_rem_handler
                0x08003018       0xc0 car.qemu
 .text.car_get_next_car
                0x080030d8       0x14 car.qemu
                0x080030d8                car_get_next_car
 .text.car_init
                0x080030ec       0x60 car.qemu
                0x080030ec                car_init
 .text.car_get_car
                0x0800314c        0xc car.qemu
                0x0800314c                car_get_car
 .text.car_process
                0x08003158       0x80 car.qemu
                0x08003158                car_process
 .text.car_get_acc
                0x080031d8       0x10 car.qemu
                0x080031d8                car_get_acc
 .text.car_get_ign
                0x080031e8       0x10 car.qemu
                0x080031e8                car_get_ign
 .text.car_get_illum
                0x080031f8       0x14 car.qemu
                0x080031f8                car_get_illum
 .text.car_get_park_lights
                0x0800320c       0x14 car.qemu
                0x0800320c                car_get_park_lights
 .text.car_get_near_lights
                0x08003220       0x14 car.qemu
                0x08003220                car_get_near_lights
 .text.car_get_radar
                0x08003234       0x1c car.qemu
                0x08003234                car_get_radar
 .text.car_get_wheel
                0x08003250       0x10 car.qemu
                0x08003250                car_get_wheel
 .text.car_get_vin
                0x08003260       0x3c car.qemu
                0x08003260                car_get_vin
 .text.car_get_odometer
                0x0800329c        0xc car.qemu
                0x0800329c                car_get_odometer
 .text.car_get_selector
                0x080032a8        0xc car.qemu
                0x080032a8                car_get_selector
 .text.car_get_door_fl
                0x080032b4       0x14 car.qemu
                0x080032b4                car_get_door_fl
 .text.car_get_door_fr
                0x080032c8       0x14 car.qemu
                0x080032c8                car_get_door_fr
 .text.car_get_door_rl
                0x080032dc       0x14 car.qemu
                0x080032dc                car_get_door_rl
 .text.car_get_door_rr
                0x080032f0       0x14 car.qemu
                0x080032f0                car_get_door_rr
 .text.car_get_bonnet
                0x08003304       0x14 car.qemu
                0x08003304                car_get_bonnet
 .text.car_get_tailgate
                0x08003318       0x14 car.qemu
                0x08003318                car_get_tailgate
 .text.car_get_park_break
                0x0800332c       0x14 car.qemu
                0x0800332c                car_get_park_break
 .text.car_get_low_washer
                0x08003340       0x14 car.qemu
                0x08003340                car_get_low_washer
 .text.car_get_ds_belt
                0x08003354       0x14 car.qemu
                0x08003354                car_get_ds_belt
 .text.car_get_taho
                0x08003368        0xc car.qemu
                0x08003368                car_get_taho
 .text.car_get_speed
                0x08003374        0xc car.qemu
                0x08003374                car_get_speed
 .text.car_get_voltage
                0x08003380        0xc car.qemu
                0x08003380                car_get_voltage
 .text.car_get_temp
                0x0800338c        0xc car.qemu
                0x0800338c                car_get_temp
 .text.car_get_low_voltage
                0x08003398       0x14 car.qemu
                0x08003398                car_get_low_voltage
 .text.car_get_low_fuel_level
                0x080033ac       0x14 car.qemu
                0x080033ac                car_get_low_fuel_level
 .text.car_get_air_ac
                0x080033c0       0x10 car.qemu
                0x080033c0                car_get_air_ac
 .text.car_get_air_ac_max
                0x080033d0       0x10 car.qemu
                0x080033d0                car_get_air_ac_max
 .text.car_get_air_recycling
                0x080033e0       0x10 car.qemu
                0x080033e0                car_get_air_recycling
 .text.car_get_air_recycling_max
                0x080033f0       0x10 car.qemu
                0x080033f0                car_get_air_recycling_max
 .text.car_get_air_recycling_min
                0x08003400       0x10 car.qemu
                0x08003400                car_get_air_recycling_min
 .text.car_get_air_dual
                0x08003410       0x10 car.qemu
                0x08003410                car_get_air_dual
 .text.car_get_air_rear
                0x08003420       0x10 car.qemu
                0x08003420                car_get_air_rear
 .text.car_get_air_rear_lock
                0x08003430       0x10 car.qemu
                0x08003430                car_get_air_rear_lock
 .text.car_get_air_aqs
                0x08003440       0x10 car.qemu
                0x08003440                car_get_air_aqs
 .text.car_get_air_wind
                0x08003450       0x10 car.qemu
                0x08003450                car_get_air_wind
 .text.car_get_air_middle
                0x08003460       0x10 car.qemu
                0x08003460                car_get_air_middle
 .text.car_get_air_floor
                0x08003470       0x10 car.qemu
                0x08003470                car_get_air_floor
 .text.car_get_air_powerfull
                0x08003480       0x10 car.qemu
                0x08003480                car_get_air_powerfull
 .text.car_get_air_fanspeed
                0x08003490       0x10 car.qemu
                0x08003490                car_get_air_fanspeed
 .text.car_get_air_l_temp
                0x080034a0       0x10 car.qemu
                0x080034a0                car_get_air_l_temp
 .text.car_get_air_r_temp
                0x080034b0       0x10 car.qemu
                0x080034b0                car_get_air_r_temp
 .text.car_get_air_l_seat
                0x080034c0       0x10 car.qemu
                0x080034c0                car_get_air_l_seat
 .text.car_get_air_r_seat
                0x080034d0       0x10 car.qemu
                0x080034d0                car_get_air_r_seat
 .text.hw_systick_callback
                0x080034e0       0x90 tick.qemu
                0x080034e0                hw_systick_callback
 .text.hw_setup
                0x08003570       0x48 hw.qemu
                0x08003570                hw_setup
 .text.hw_sleep
                0x080035b8       0x26 hw.qemu
                0x080035b8                hw_sleep
 *fill*         0x080035de        0x2 
 .text.__local_ram
                0x080035e0       0x14 sbrk.qemu
                0x080035e0                local_heap_setup
 .text._sbrk_r  0x080035f4       0x34 sbrk.qemu
                0x080035f4                _sbrk_r
 .text.hw_clock_setup
                0x08003628        0x2 qemu/fw/hw_clock.qemu
                0x08003628                hw_clock_setup
 *fill*         0x0800362a        0x2 
 .text.hw_can_get_mscan
                0x0800362c        0x8 qemu/fw/hw_can.qemu
                0x0800362c                hw_can_get_mscan
 .text.hw_can_set_speed
                0x08003634        0x4 qemu/fw/hw_can.qemu
                0x08003634                hw_can_set_speed
 .text.hw_can_setup
                0x08003638       0xe4 qemu/fw/hw_can.qemu
                0x08003638                hw_can_setup
 .text.hw_can_get_msg_nums
                0x0800371c        0x6 qemu/fw/hw_can.qemu
                0x0800371c                hw_can_get_msg_nums
 .text.hw_can_get_pack_nums
                0x08003722       0x10 qemu/fw/hw_can.qemu
                0x08003722                hw_can_get_pack_nums
 .text.hw_can_get_msg
                0x08003732       0x32 qemu/fw/hw_can.qemu
                0x08003732                hw_can_get_msg
 .text.hw_can_clr
                0x08003764        0xa qemu/fw/hw_can.qemu
                0x08003764                hw_can_clr
 .text.hw_can_sleep
                0x0800376e        0x2 qemu/fw/hw_can.qemu
                0x0800376e                hw_can_sleep
 .text.hw_gpio_set
                0x08003770        0x8 qemu/fw/hw_gpio.qemu
                0x08003770                hw_gpio_set
 .text.hw_gpio_clr
                0x08003778        0x8 qemu/fw/hw_gpio.qemu
                0x08003778                hw_gpio_clr
 .text.hw_gpio_set_float
                0x08003780        0xc qemu/fw/hw_gpio.qemu
                0x08003780                hw_gpio_set_float
 .text.hw_gpio_setup
                0x0800378c       0x88 qemu/fw/hw_gpio.qemu
                0x0800378c                hw_gpio_setup
 .text.hw_gpio_disable
                0x08003814       0x30 qemu/fw/hw_gpio.qemu
                0x08003814                hw_gpio_disable
 .text.hw_gpio_rear_on
                0x08003844        0xc qemu/fw/hw_gpio.qemu
                0x08003844                hw_gpio_rear_on
 .text.hw_gpio_rear_off
                0x08003850        0xc qemu/fw/hw_gpio.qemu
                0x08003850                hw_gpio_rear_off
 .text.hw_gpio_acc_on
                0x0800385c        0xc qemu/fw/hw_gpio.qemu
                0x0800385c                hw_gpio_acc_on
 .text.hw_gpio_acc_off
                0x08003868        0xc qemu/fw/hw_gpio.qemu
                0x08003868                hw_gpio_acc_off
 .text.hw_gpio_ill_on
                0x08003874        0xc qemu/fw/hw_gpio.qemu
                0x08003874                hw_gpio_ill_on
 .text.hw_gpio_ill_off
                0x08003880        0xc qemu/fw/hw_gpio.qemu
                0x08003880                hw_gpio_ill_off
 .text.hw_systick_disable
                0x0800388c        0xe qemu/fw/hw_tick.qemu
                0x0800388c                hw_systick_disable
 .text.hw_systick_setup
                0x0800389a       0x24 qemu/fw/hw_tick.qemu
                0x0800389a                hw_systick_setup
 .text.sys_tick_handler
                0x080038be        0x4 qemu/fw/hw_tick.qemu
                0x080038be                sys_tick_handler
 *fill*         0x080038c2        0x2 
 .text.hw_usart_get
                0x080038c4        0x8 qemu/fw/hw_usart.qemu
                0x080038c4                hw_usart_get
 .text.hw_usart_setup
                0x080038cc       0x96 qemu/fw/hw_usart.qemu
                0x080038cc                hw_usart_setup
 *fill*         0x08003962        0x2 
 .text.usart_isr
                0x08003964       0x74 qemu/fw/hw_usart.qemu
                0x08003964                usart_isr
 .text.usart1_isr
                0x080039d8        0xc qemu/fw/hw_usart.qemu
                0x080039d8                usart1_isr
 .text.hw_usart_write
                0x080039e4       0x1c qemu/fw/hw_usart.qemu
                0x080039e4                hw_usart_write
 .text.hw_usart_disable
                0x08003a00       0x20 qemu/fw/hw_usart.qemu
                0x08003a00                hw_usart_disable
 .text.hw_usart_read_ch
                0x08003a20        0x6 qemu/fw/hw_usart.qemu
                0x08003a20                hw_usart_read_ch
 .text.hw_cpu_sleep
                0x08003a26       0x4e qemu/fw/hw_sleep.qemu
                0x08003a26                hw_cpu_sleep
 .text.hw_conf_get_addr
                0x08003a74        0x8 qemu/fw/hw_conf.qemu
                0x08003a74                hw_conf_get_addr
 .text.hw_conf_get_sz
                0x08003a7c        0x6 qemu/fw/hw_conf.qemu
                0x08003a7c                hw_conf_get_sz
 .text.hw_conf_unlock
                0x08003a82        0x2 qemu/fw/hw_conf.qemu
                0x08003a82                hw_conf_unlock
 .text.hw_conf_lock
                0x08003a84        0x2 qemu/fw/hw_conf.qemu
                0x08003a84                hw_conf_lock
 .text.hw_conf_erase
                0x08003a86        0x2 qemu/fw/hw_conf.qemu
                0x08003a86                hw_conf_erase
 .text.hw_conf_setup
                0x08003a88        0x2 qemu/fw/hw_conf.qemu
                0x08003a88                hw_conf_setup
 .text.hw_conf_read_word
                0x08003a8a        0x6 qemu/fw/hw_conf.qemu
                0x08003a8a                hw_conf_read_word
 .text.hw_conf_write_word
                0x08003a90        0x2 qemu/fw/hw_conf.qemu
                0x08003a90                hw_conf_write_word
 .text.gpio_set_mode
                0x08003a92       0x6a libopencm3/lib/stm32/f1/gpio.stm32f1
                0x08003a92                gpio_set_mode
 .text.gpio_set
                0x08003afc        0x4 libopencm3/lib/stm32/common/gpio_common_all.stm32f1
                0x08003afc                gpio_set
 .text.gpio_clear
                0x08003b00        0x6 libopencm3/lib/stm32/common/gpio_common_all.stm32f1
                0x08003b00                gpio_clear
 *fill*         0x08003b06        0x2 
 .text.usart_set_baudrate
                0x08003b08       0x28 libopencm3/lib/stm32/common/usart_common_all.stm32f1
                0x08003b08                usart_set_baudrate
 .text.usart_set_databits
                0x08003b30       0x12 libopencm3/lib/stm32/common/usart_common_all.stm32f1
                0x08003b30                usart_set_databits
 .text.usart_set_stopbits
                0x08003b42        0xc libopencm3/lib/stm32/common/usart_common_all.stm32f1
                0x08003b42                usart_set_stopbits
 .text.usart_set_parity
                0x08003b4e        0xc libopencm3/lib/stm32/common/usart_common_all.stm32f1
                0x08003b4e                usart_set_parity
 .text.usart_set_mode
                0x08003b5a        0xc libopencm3/lib/stm32/common/usart_common_all.stm32f1
                0x08003b5a                usart_set_mode
 .text.usart_set_flow_control
                0x08003b66        0xc libopencm3/lib/stm32/common/usart_common_all.stm32f1
                0x08003b66                usart_set_flow_control
 .text.usart_enable
                0x08003b72        0xa libopencm3/lib/stm32/common/usart_common_all.stm32f1
                0x08003b72                usart_enable
 .text.usart_disable
                0x08003b7c        0xa libopencm3/lib/stm32/common/usart_common_all.stm32f1
                0x08003b7c                usart_disable
 .text.usart_send
                0x08003b86        0x8 libopencm3/lib/stm32/common/usart_common_f124.stm32f1
                0x08003b86                usart_send
 .text.usart_recv
                0x08003b8e        0x8 libopencm3/lib/stm32/common/usart_common_f124.stm32f1
                0x08003b8e                usart_recv
 .text.rcc_periph_clock_enable
                0x08003b96       0x1a libopencm3/lib/stm32/common/rcc_common_all.stm32f1
                0x08003b96                rcc_periph_clock_enable
 .text.pwr_clear_wakeup_flag
                0x08003bb0       0x10 libopencm3/lib/stm32/common/pwr_common_all.stm32f1
                0x08003bb0                pwr_clear_wakeup_flag
 .text.pwr_set_stop_mode
                0x08003bc0       0x10 libopencm3/lib/stm32/common/pwr_common_all.stm32f1
                0x08003bc0                pwr_set_stop_mode
 .text.pwr_voltage_regulator_low_power_in_stop
                0x08003bd0       0x10 libopencm3/lib/stm32/common/pwr_common_all.stm32f1
                0x08003bd0                pwr_voltage_regulator_low_power_in_stop
 .text.blocking_handler
                0x08003be0        0x2 libopencm3/lib/cm3/vector.stm32f1
                0x08003be0                usart3_isr
                0x08003be0                rtc_isr
                0x08003be0                tim7_isr
                0x08003be0                adc1_2_isr
                0x08003be0                tim1_trg_com_isr
                0x08003be0                usb_hp_can_tx_isr
                0x08003be0                tim6_isr
                0x08003be0                usb_wakeup_isr
                0x08003be0                blocking_handler
                0x08003be0                tim5_isr
                0x08003be0                otg_fs_isr
                0x08003be0                spi1_isr
                0x08003be0                exti2_isr
                0x08003be0                dma1_channel6_isr
                0x08003be0                can_rx1_isr
                0x08003be0                dma1_channel5_isr
                0x08003be0                dma2_channel5_isr
                0x08003be0                usage_fault_handler
                0x08003be0                tim8_trg_com_isr
                0x08003be0                can2_rx0_isr
                0x08003be0                tim1_brk_isr
                0x08003be0                can2_rx1_isr
                0x08003be0                tim1_cc_isr
                0x08003be0                sdio_isr
                0x08003be0                eth_isr
                0x08003be0                dma1_channel4_isr
                0x08003be0                tim8_brk_isr
                0x08003be0                dma2_channel4_5_isr
                0x08003be0                pvd_isr
                0x08003be0                rcc_isr
                0x08003be0                flash_isr
                0x08003be0                uart4_isr
                0x08003be0                rtc_alarm_isr
                0x08003be0                exti15_10_isr
                0x08003be0                hard_fault_handler
                0x08003be0                exti1_isr
                0x08003be0                i2c1_ev_isr
                0x08003be0                dma2_channel1_isr
                0x08003be0                spi2_isr
                0x08003be0                tim8_up_isr
                0x08003be0                dma2_channel2_isr
                0x08003be0                exti3_isr
                0x08003be0                adc3_isr
                0x08003be0                tim3_isr
                0x08003be0                usart2_isr
                0x08003be0                usb_lp_can_rx0_isr
                0x08003be0                i2c2_er_isr
                0x08003be0                i2c2_ev_isr
                0x08003be0                uart5_isr
                0x08003be0                fsmc_isr
                0x08003be0                dma1_channel1_isr
                0x08003be0                exti4_isr
                0x08003be0                mem_manage_handler
                0x08003be0                can2_tx_isr
                0x08003be0                exti9_5_isr
                0x08003be0                dma2_channel3_isr
                0x08003be0                dma1_channel7_isr
                0x08003be0                tim1_up_isr
                0x08003be0                can2_sce_isr
                0x08003be0                tim4_isr
                0x08003be0                dma1_channel2_isr
                0x08003be0                i2c1_er_isr
                0x08003be0                can_sce_isr
                0x08003be0                tim8_cc_isr
                0x08003be0                tamper_isr
                0x08003be0                eth_wkup_isr
                0x08003be0                bus_fault_handler
                0x08003be0                wwdg_isr
                0x08003be0                dma1_channel3_isr
                0x08003be0                spi3_isr
                0x08003be0                tim2_isr
                0x08003be0                exti0_isr
 .text.null_handler
                0x08003be2        0x2 libopencm3/lib/cm3/vector.stm32f1
                0x08003be2                null_handler
                0x08003be2                sv_call_handler
                0x08003be2                pend_sv_handler
                0x08003be2                debug_monitor_handler
                0x08003be2                nmi_handler
 .text.reset_handler
                0x08003be4       0x90 libopencm3/lib/cm3/vector.stm32f1
                0x08003be4                reset_handler
 .text.systick_set_reload
                0x08003c74        0xc libopencm3/lib/cm3/systick.stm32f1
                0x08003c74                systick_set_reload
 .text.systick_set_clocksource
                0x08003c80       0x14 libopencm3/lib/cm3/systick.stm32f1
                0x08003c80                systick_set_clocksource
 .text.systick_interrupt_enable
                0x08003c94        0xe libopencm3/lib/cm3/systick.stm32f1
                0x08003c94                systick_interrupt_enable
 .text.systick_interrupt_disable
                0x08003ca2        0xe libopencm3/lib/cm3/systick.stm32f1
                0x08003ca2                systick_interrupt_disable
 .text.systick_counter_enable
                0x08003cb0        0xe libopencm3/lib/cm3/systick.stm32f1
                0x08003cb0                systick_counter_enable
 .text.systick_counter_disable
                0x08003cbe        0xe libopencm3/lib/cm3/systick.stm32f1
                0x08003cbe                systick_counter_disable
 .text.nvic_enable_irq
                0x08003ccc       0x18 libopencm3/lib/cm3/nvic.stm32f1
                0x08003ccc                nvic_enable_irq
 .text          0x08003ce4       0xec /usr/lib/gcc/arm-none-eabi/12.2.1/../../../arm-none-eabi/lib/thumb/v7-m/nofp/libc.a(lib_a-memcpy.o)
                0x08003ce4                memcpy
 .text          0x08003dd0       0xa4 /usr/lib/gcc/arm-none-eabi/12.2.1/../../../arm-none-eabi/lib/thumb/v7-m/nofp/libc.a(lib_a-memset.o)
                0x08003dd0                memset
 .text          0x08003e74      0x100 /usr/lib/gcc/arm-none-eabi/12.2.1/../../../arm-none-eabi/lib/thumb/v7-m/nofp/libc.a(lib_a-snprintf.o)
                0x08003e74                _snprintf_r
                0x08003ef0                snprintf
 .text          0x08003f74       0xbc /usr/lib/gcc/arm-none-eabi/12.2.1/../../../arm-none-eabi/lib/thumb/v7-m/nofp/libc.a(lib_a-strcpy.o)
                0x08003f74                strcpy
 .text          0x08004030       0x5c /usr/lib/gcc/arm-none-eabi/12.2.1/../../../arm-none-eabi/lib/thumb/v7-m/nofp/libc.a(lib_a-strlen-stub.o)
                0x08004030                strlen
 .text          0x0800408c     0x1498 /usr/lib/gcc/arm-none-eabi/12.2.1/../../../arm-none-eabi/lib/thumb/v7-m/nofp/libc.a(lib_a-svfprintf.o)
                0x0800408c                _svfprintf_r
 *fill*         0x08005524        0x4 
 .text          0x08005528      0xff4 /usr/lib/gcc/arm-none-eabi/12.2.1/../../../arm-none-eabi/lib/thumb/v7-m/nofp/libc.a(lib_a-dtoa.o)
                0x08005654                _dtoa_r
 .text          0x0800651c       0x14 /usr/lib/gcc/arm-none-eabi/12.2.1/../../../arm-none-eabi/lib/thumb/v7-m/nofp/libc.a(lib_a-localeconv.o)
                0x0800651c                __localeconv_l
                0x08006520                _localeconv_r
                0x08006528                localeconv
 .text          0x08006530      0x54c /usr/lib/gcc/arm-none-eabi/12.2.1/../../../arm-none-eabi/lib/thumb/v7-m/nofp/libc.a(lib_a-mallocr.o)
                0x08006530                _malloc_r
 .text          0x08006a7c       0x90 /usr/lib/gcc/arm-none-eabi/12.2.1/../../../arm-none-eabi/lib/thumb/v7-m/nofp/libc.a(lib_a-memchr-stub.o)
                0x08006a7c                memchr
 .text          0x08006b0c        0x8 /usr/lib/gcc/arm-none-eabi/12.2.1/../../../arm-none-eabi/lib/thumb/v7-m/nofp/libc.a(lib_a-mlock.o)
                0x08006b0c                __malloc_lock
                0x08006b10                __malloc_unlock
 .text          0x08006b14      0xa68 /usr/lib/gcc/arm-none-eabi/12.2.1/../../../arm-none-eabi/lib/thumb/v7-m/nofp/libc.a(lib_a-mprec.o)
                0x08006b14                _Balloc
                0x08006b60                _Bfree
                0x08006b74                __multadd
                0x08006c18                __s2b
                0x08006ccc                __hi0bits
                0x08006d0c                __lo0bits
                0x08006d64                __i2b
                0x08006dc0                __multiply
                0x08006f1c                __pow5mult
                0x08006fd4                __lshift
                0x080070c0                __mcmp
                0x08007100                __mdiff
                0x0800724c                __ulp
                0x08007290                __b2d
                0x08007360                __d2b
                0x08007424                __ratio
                0x08007484                _mprec_log10
                0x080074bc                __copybits
                0x0800751c                __any_on
 .text          0x0800757c      0xb7c /usr/lib/gcc/arm-none-eabi/12.2.1/../../../arm-none-eabi/lib/thumb/v7-m/nofp/libc.a(lib_a-svfiprintf.o)
                0x0800757c                __ssprint_r
                0x08007678                _svfiprintf_r
 .text          0x080080f8       0x4c /usr/lib/gcc/arm-none-eabi/12.2.1/../../../arm-none-eabi/lib/thumb/v7-m/nofp/libc.a(lib_a-assert.o)
                0x080080f8                __assert_func
                0x08008138                __assert
 .text          0x08008144       0x60 /usr/lib/gcc/arm-none-eabi/12.2.1/../../../arm-none-eabi/lib/thumb/v7-m/nofp/libc.a(lib_a-callocr.o)
                0x08008144                _calloc_r
 .text          0x080081a4       0x44 /usr/lib/gcc/arm-none-eabi/12.2.1/../../../arm-none-eabi/lib/thumb/v7-m/nofp/libc.a(lib_a-fiprintf.o)
                0x080081a4                _fiprintf_r
                0x080081c0                fiprintf
 .text          0x080081e8      0x2a0 /usr/lib/gcc/arm-none-eabi/12.2.1/../../../arm-none-eabi/lib/thumb/v7-m/nofp/libc.a(lib_a-freer.o)
                0x080081e8                _malloc_trim_r
                0x08008288                _free_r
 .text          0x08008488       0x8c /usr/lib/gcc/arm-none-eabi/12.2.1/../../../arm-none-eabi/lib/thumb/v7-m/nofp/libc.a(lib_a-locale.o)
                0x08008488                _setlocale_r
                0x080084c8                __locale_mb_cur_max
                0x080084d4                setlocale
 .text          0x08008514       0x40 /usr/lib/gcc/arm-none-eabi/12.2.1/../../../arm-none-eabi/lib/thumb/v7-m/nofp/libc.a(lib_a-mbtowc_r.o)
                0x08008514                _mbtowc_r
                0x08008528                __ascii_mbtowc
 .text          0x08008554       0xf8 /usr/lib/gcc/arm-none-eabi/12.2.1/../../../arm-none-eabi/lib/thumb/v7-m/nofp/libc.a(lib_a-memmove.o)
                0x08008554                memmove
 .text          0x0800864c      0x3dc /usr/lib/gcc/arm-none-eabi/12.2.1/../../../arm-none-eabi/lib/thumb/v7-m/nofp/libc.a(lib_a-reallocr.o)
                0x0800864c                _realloc_r
 .text          0x08008a28      0x1bc /usr/lib/gcc/arm-none-eabi/12.2.1/../../../arm-none-eabi/lib/thumb/v7-m/nofp/libc.a(lib_a-strcmp.o)
                0x08008a28                strcmp
 .text          0x08008be4      0xd48 /usr/lib/gcc/arm-none-eabi/12.2.1/../../../arm-none-eabi/lib/thumb/v7-m/nofp/libc.a(lib_a-vfiprintf.o)
                0x08008c5c                __sprint_r
                0x08008c70                _vfiprintf_r
                0x080098a4                vfiprintf
 .text          0x0800992c       0x30 /usr/lib/gcc/arm-none-eabi/12.2.1/../../../arm-none-eabi/lib/thumb/v7-m/nofp/libc.a(lib_a-wctomb_r.o)
                0x0800992c                _wctomb_r
                0x08009940                __ascii_wctomb
 .text          0x0800995c       0xd4 /usr/lib/gcc/arm-none-eabi/12.2.1/../../../arm-none-eabi/lib/thumb/v7-m/nofp/libc.a(lib_a-wsetup.o)
                0x0800995c                __swsetup_r
 .text          0x08009a30       0x10 /usr/lib/gcc/arm-none-eabi/12.2.1/../../../arm-none-eabi/lib/thumb/v7-m/nofp/libc.a(lib_a-abort.o)
                0x08009a30                abort
 .text          0x08009a40      0x1a0 /usr/lib/gcc/arm-none-eabi/12.2.1/../../../arm-none-eabi/lib/thumb/v7-m/nofp/libc.a(lib_a-fflush.o)
                0x08009a40                __sflush_r
                0x08009b64                _fflush_r
                0x08009b90                fflush
 .text          0x08009be0      0x214 /usr/lib/gcc/arm-none-eabi/12.2.1/../../../arm-none-eabi/lib/thumb/v7-m/nofp/libc.a(lib_a-findfp.o)
                0x08009be4                _cleanup_r
                0x08009cc8                __sfmoreglue
                0x08009cf8                __sfp
                0x08009da0                _cleanup
                0x08009db4                __sinit
                0x08009dbc                __sfp_lock_acquire
                0x08009dc0                __sfp_lock_release
                0x08009dc4                __sinit_lock_acquire
                0x08009dc8                __sinit_lock_release
                0x08009dcc                __fp_lock_all
                0x08009de0                __fp_unlock_all
 .text          0x08009df4      0x104 /usr/lib/gcc/arm-none-eabi/12.2.1/../../../arm-none-eabi/lib/thumb/v7-m/nofp/libc.a(lib_a-fputwc.o)
                0x08009df4                __fputwc
                0x08009e94                _fputwc_r
                0x08009eb8                fputwc
 .text          0x08009ef8      0x2f0 /usr/lib/gcc/arm-none-eabi/12.2.1/../../../arm-none-eabi/lib/thumb/v7-m/nofp/libc.a(lib_a-fvwrite.o)
                0x08009ef8                __sfvwrite_r
 .text          0x0800a1e8       0x88 /usr/lib/gcc/arm-none-eabi/12.2.1/../../../arm-none-eabi/lib/thumb/v7-m/nofp/libc.a(lib_a-fwalk.o)
                0x0800a1e8                _fwalk
                0x0800a228                _fwalk_reent
 .text          0x0800a270      0x140 /usr/lib/gcc/arm-none-eabi/12.2.1/../../../arm-none-eabi/lib/thumb/v7-m/nofp/libc.a(lib_a-makebuf.o)
                0x0800a270                __smakebuf_r
                0x0800a350                __swhatbuf_r
 .text          0x0800a3b0      0x28c /usr/lib/gcc/arm-none-eabi/12.2.1/../../../arm-none-eabi/lib/thumb/v7-m/nofp/libc.a(lib_a-signal.o)
                0x0800a3b0                _init_signal_r
                0x0800a3e0                _signal_r
                0x0800a42c                _raise_r
                0x0800a484                __sigtramp_r
                0x0800a4ec                raise
                0x0800a548                signal
                0x0800a59c                _init_signal
                0x0800a5d4                __sigtramp
 .text          0x0800a63c       0x2c /usr/lib/gcc/arm-none-eabi/12.2.1/../../../arm-none-eabi/lib/thumb/v7-m/nofp/libc.a(lib_a-signalr.o)
                0x0800a63c                _kill_r
                0x0800a664                _getpid_r
 .text          0x0800a668       0x90 /usr/lib/gcc/arm-none-eabi/12.2.1/../../../arm-none-eabi/lib/thumb/v7-m/nofp/libc.a(lib_a-stdio.o)
                0x0800a668                __sread
                0x0800a68c                __seofread
                0x0800a690                __swrite
                0x0800a6d0                __sseek
                0x0800a6f0                __sclose
 .text          0x0800a6f8       0xc4 /usr/lib/gcc/arm-none-eabi/12.2.1/../../../arm-none-eabi/lib/thumb/v7-m/nofp/libc.a(lib_a-wbuf.o)
                0x0800a6f8                __swbuf_r
                0x0800a7a8                __swbuf
 .text          0x0800a7bc       0x88 /usr/lib/gcc/arm-none-eabi/12.2.1/../../../arm-none-eabi/lib/thumb/v7-m/nofp/libc.a(lib_a-wcrtomb.o)
                0x0800a7bc                _wcrtomb_r
                0x0800a7f8                wcrtomb
 .text          0x0800a844       0x2c /usr/lib/gcc/arm-none-eabi/12.2.1/../../../arm-none-eabi/lib/thumb/v7-m/nofp/libc.a(lib_a-writer.o)
                0x0800a844                _write_r
 .text          0x0800a870       0x24 /usr/lib/gcc/arm-none-eabi/12.2.1/../../../arm-none-eabi/lib/thumb/v7-m/nofp/libc.a(lib_a-closer.o)
                0x0800a870                _close_r
 .text          0x0800a894       0xd4 /usr/lib/gcc/arm-none-eabi/12.2.1/../../../arm-none-eabi/lib/thumb/v7-m/nofp/libc.a(lib_a-fclose.o)
                0x0800a8f8                _fclose_r
                0x0800a92c                fclose
 .text          0x0800a968       0x28 /usr/lib/gcc/arm-none-eabi/12.2.1/../../../arm-none-eabi/lib/thumb/v7-m/nofp/libc.a(lib_a-fstatr.o)
                0x0800a968                _fstat_r
 .text          0x0800a990       0x24 /usr/lib/gcc/arm-none-eabi/12.2.1/../../../arm-none-eabi/lib/thumb/v7-m/nofp/libc.a(lib_a-isattyr.o)
                0x0800a990                _isatty_r
 .text          0x0800a9b4       0x2c /usr/lib/gcc/arm-none-eabi/12.2.1/../../../arm-none-eabi/lib/thumb/v7-m/nofp/libc.a(lib_a-lseekr.o)
                0x0800a9b4                _lseek_r
 .text          0x0800a9e0       0x2c /usr/lib/gcc/arm-none-eabi/12.2.1/../../../arm-none-eabi/lib/thumb/v7-m/nofp/libc.a(lib_a-readr.o)
                0x0800a9e0                _read_r
 .text          0x0800aa0c      0x378 /usr/lib/gcc/arm-none-eabi/12.2.1/thumb/v7-m/nofp/libgcc.a(_arm_addsubdf3.o)
                0x0800aa0c                __aeabi_drsub
                0x0800aa14                __aeabi_dsub
                0x0800aa14                __subdf3
                0x0800aa18                __adddf3
                0x0800aa18                __aeabi_dadd
                0x0800ac90                __aeabi_ui2d
                0x0800ac90                __floatunsidf
                0x0800acb0                __floatsidf
                0x0800acb0                __aeabi_i2d
                0x0800acd4                __extendsfdf2
                0x0800acd4                __aeabi_f2d
                0x0800ad18                __aeabi_ul2d
                0x0800ad18                __floatundidf
                0x0800ad28                __floatdidf
                0x0800ad28                __aeabi_l2d
 .text          0x0800ad84      0x424 /usr/lib/gcc/arm-none-eabi/12.2.1/thumb/v7-m/nofp/libgcc.a(_arm_muldivdf3.o)
                0x0800ad84                __aeabi_dmul
                0x0800ad84                __muldf3
                0x0800afd8                __aeabi_ddiv
                0x0800afd8                __divdf3
 .text          0x0800b1a8      0x110 /usr/lib/gcc/arm-none-eabi/12.2.1/thumb/v7-m/nofp/libgcc.a(_arm_cmpdf2.o)
                0x0800b1a8                __gtdf2
                0x0800b1a8                __gedf2
                0x0800b1b0                __ltdf2
                0x0800b1b0                __ledf2
                0x0800b1b8                __cmpdf2
                0x0800b1b8                __eqdf2
                0x0800b1b8                __nedf2
                0x0800b234                __aeabi_cdrcmple
                0x0800b244                __aeabi_cdcmple
                0x0800b244                __aeabi_cdcmpeq
                0x0800b254                __aeabi_dcmpeq
                0x0800b268                __aeabi_dcmplt
                0x0800b27c                __aeabi_dcmple
                0x0800b290                __aeabi_dcmpge
                0x0800b2a4                __aeabi_dcmpgt
 .text          0x0800b2b8       0x2c /usr/lib/gcc/arm-none-eabi/12.2.1/thumb/v7-m/nofp/libgcc.a(_arm_unorddf2.o)
                0x0800b2b8                __aeabi_dcmpun
                0x0800b2b8                __unorddf2
 .text          0x0800b2e4       0x50 /usr/lib/gcc/arm-none-eabi/12.2.1/thumb/v7-m/nofp/libgcc.a(_arm_fixdfsi.o)
                0x0800b2e4                __fixdfsi
                0x0800b2e4                __aeabi_d2iz
 .text          0x0800b334       0x40 /usr/lib/gcc/arm-none-eabi/12.2.1/thumb/v7-m/nofp/libgcc.a(_arm_fixunsdfsi.o)
                0x0800b334                __fixunsdfsi
                0x0800b334                __aeabi_d2uiz
 .text          0x0800b374      0x21c /usr/lib/gcc/arm-none-eabi/12.2.1/thumb/v7-m/nofp/libgcc.a(_arm_addsubsf3.o)
                0x0800b374                __aeabi_frsub
                0x0800b37c                __subsf3
                0x0800b37c                __aeabi_fsub
                0x0800b380                __aeabi_fadd
                0x0800b380                __addsf3
                0x0800b4e0                __aeabi_ui2f
                0x0800b4e0                __floatunsisf
                0x0800b4e8                __aeabi_i2f
                0x0800b4e8                __floatsisf
                0x0800b504                __floatundisf
                0x0800b504                __aeabi_ul2f
                0x0800b514                __floatdisf
                0x0800b514                __aeabi_l2f
 .text          0x0800b590      0x2a0 /usr/lib/gcc/arm-none-eabi/12.2.1/thumb/v7-m/nofp/libgcc.a(_arm_muldivsf3.o)
                0x0800b590                __mulsf3
                0x0800b590                __aeabi_fmul
                0x0800b6f8                __divsf3
                0x0800b6f8                __aeabi_fdiv
 .text          0x0800b830       0x4c /usr/lib/gcc/arm-none-eabi/12.2.1/thumb/v7-m/nofp/libgcc.a(_arm_fixsfsi.o)
                0x0800b830                __fixsfsi
                0x0800b830                __aeabi_f2iz
 .text          0x0800b87c       0x40 /usr/lib/gcc/arm-none-eabi/12.2.1/thumb/v7-m/nofp/libgcc.a(_arm_fixunssfsi.o)
                0x0800b87c                __aeabi_f2uiz
                0x0800b87c                __fixunssfsi
 .text          0x0800b8bc       0x30 /usr/lib/gcc/arm-none-eabi/12.2.1/thumb/v7-m/nofp/libgcc.a(_aeabi_uldivmod.o)
                0x0800b8bc                __aeabi_uldivmod
 .text          0x0800b8ec      0x2c0 /usr/lib/gcc/arm-none-eabi/12.2.1/thumb/v7-m/nofp/libgcc.a(_udivmoddi4.o)
                0x0800b8ec                __udivmoddi4
 .text          0x0800bbac        0x4 /usr/lib/gcc/arm-none-eabi/12.2.1/thumb/v7-m/nofp/libgcc.a(_dvmd_tls.o)
                0x0800bbac                __aeabi_ldiv0
                0x0800bbac                __aeabi_idiv0
 .text          0x0800bbb0       0x10 /usr/lib/gcc/arm-none-eabi/12.2.1/../../../arm-none-eabi/lib/thumb/v7-m/nofp/libnosys.a(close.o)
                0x0800bbb0                _close
 .text          0x0800bbc0       0x10 /usr/lib/gcc/arm-none-eabi/12.2.1/../../../arm-none-eabi/lib/thumb/v7-m/nofp/libnosys.a(fstat.o)
                0x0800bbc0                _fstat
 .text          0x0800bbd0       0x10 /usr/lib/gcc/arm-none-eabi/12.2.1/../../../arm-none-eabi/lib/thumb/v7-m/nofp/libnosys.a(getpid.o)
                0x0800bbd0                _getpid
 .text          0x0800bbe0       0x10 /usr/lib/gcc/arm-none-eabi/12.2.1/../../../arm-none-eabi/lib/thumb/v7-m/nofp/libnosys.a(isatty.o)
                0x0800bbe0                _isatty
 .text          0x0800bbf0       0x10 /usr/lib/gcc/arm-none-eabi/12.2.1/../../../arm-none-eabi/lib/thumb/v7-m/nofp/libnosys.a(kill.o)
                0x0800bbf0                _kill
 .text          0x0800bc00       0x10 /usr/lib/gcc/arm-none-eabi/12.2.1/../../../arm-none-eabi/lib/thumb/v7-m/nofp/libnosys.a(lseek.o)
                0x0800bc00                _lseek
 .text          0x0800bc10       0x10 /usr/lib/gcc/arm-none-eabi/12.2.1/../../../arm-none-eabi/lib/thumb/v7-m/nofp/libnosys.a(read.o)
                0x0800bc10                _read
 .text          0x0800bc20       0x10 /usr/lib/gcc/arm-none-eabi/12.2.1/../../../arm-none-eabi/lib/thumb/v7-m/nofp/libnosys.a(write.o)
                0x0800bc20                _write
 .text          0x0800bc30        0x4 /usr/lib/gcc/arm-none-eabi/12.2.1/../../../arm-none-eabi/lib/thumb/v7-m/nofp/libnosys.a(_exit.o)
                0x0800bc30                _exit
                0x0800bc34                        . = ALIGN (0x4)
 *(.rodata*)
 .rodata.clr_rscreen.str1.1
                0x0800bc34        0x5 main.qemu
 .rodata.print_line.str1.1
                0x0800bc39       0x17 main.qemu
 .rodata.clr_screen.str1.1
                0x0800bc50        0x5 main.qemu
 .rodata.print_sniffer.str1.1
                0x0800bc55       0x85 main.qemu
                                 0x96 (size before relaxing)
 .rodata.print_debug.str1.1
                0x0800bcda      0x244 main.qemu
                                0x247 (size before relaxing)
 .rodata.main.str1.1
                0x0800bf1e        0x7 main.qemu
 .rodata.str1.1
                0x0800bf25       0xa7 main.qemu
 .rodata.CSWTCH.48
                0x0800bfcc       0x20 main.qemu
 .rodata.CSWTCH.47
                0x0800bfec       0x10 main.qemu
 .rodata.CSWTCH.46
                0x0800bffc       0x1c main.qemu
 .rodata.canbox_cmd_process.str1.1
                0x0800c018       0x11 canbox.qemu
 .rodata        0x0800c029       0x1b canbox.qemu
 .rodata        0x0800c044       0x36 qemu/fw/hw_can.qemu
 *fill*         0x0800c07a        0x2 
 .rodata.str1.4
                0x0800c07c       0x42 /usr/lib/gcc/arm-none-eabi/12.2.1/../../../arm-none-eabi/lib/thumb/v7-m/nofp/libc.a(lib_a-svfprintf.o)
 *fill*         0x0800c0be        0x2 
 .rodata        0x0800c0c0       0x20 /usr/lib/gcc/arm-none-eabi/12.2.1/../../../arm-none-eabi/lib/thumb/v7-m/nofp/libc.a(lib_a-svfprintf.o)
 .rodata.str1.4
                0x0800c0e0       0x56 /usr/lib/gcc/arm-none-eabi/12.2.1/../../../arm-none-eabi/lib/thumb/v7-m/nofp/libc.a(lib_a-dtoa.o)
                                 0x5a (size before relaxing)
 *fill*         0x0800c136        0x2 
 .rodata        0x0800c138        0x4 /usr/lib/gcc/arm-none-eabi/12.2.1/../../../arm-none-eabi/lib/thumb/v7-m/nofp/libc.a(lib_a-impure.o)
                0x0800c138                _global_impure_ptr
 .rodata.str1.4
                0x0800c13c       0x33 /usr/lib/gcc/arm-none-eabi/12.2.1/../../../arm-none-eabi/lib/thumb/v7-m/nofp/libc.a(lib_a-mprec.o)
                                 0x47 (size before relaxing)
 *fill*         0x0800c16f        0x1 
 .rodata        0x0800c170      0x128 /usr/lib/gcc/arm-none-eabi/12.2.1/../../../arm-none-eabi/lib/thumb/v7-m/nofp/libc.a(lib_a-mprec.o)
                0x0800c180                __mprec_tens
                0x0800c248                __mprec_tinytens
                0x0800c270                __mprec_bigtens
 .rodata.str1.4
                0x0800c298       0x2f /usr/lib/gcc/arm-none-eabi/12.2.1/../../../arm-none-eabi/lib/thumb/v7-m/nofp/libc.a(lib_a-svfiprintf.o)
 .rodata        0x0800c298       0x20 /usr/lib/gcc/arm-none-eabi/12.2.1/../../../arm-none-eabi/lib/thumb/v7-m/nofp/libc.a(lib_a-svfiprintf.o)
 .rodata.str1.4
                0x0800c2b8       0x3f /usr/lib/gcc/arm-none-eabi/12.2.1/../../../arm-none-eabi/lib/thumb/v7-m/nofp/libc.a(lib_a-assert.o)
                                 0x43 (size before relaxing)
 *fill*         0x0800c2f7        0x1 
 .rodata.str1.4
                0x0800c2f8        0xe /usr/lib/gcc/arm-none-eabi/12.2.1/../../../arm-none-eabi/lib/thumb/v7-m/nofp/libc.a(lib_a-locale.o)
                                 0x12 (size before relaxing)
 .rodata.str1.4
                0x0800c306       0x2f /usr/lib/gcc/arm-none-eabi/12.2.1/../../../arm-none-eabi/lib/thumb/v7-m/nofp/libc.a(lib_a-vfiprintf.o)
 *fill*         0x0800c306        0x2 
 .rodata        0x0800c308       0x20 /usr/lib/gcc/arm-none-eabi/12.2.1/../../../arm-none-eabi/lib/thumb/v7-m/nofp/libc.a(lib_a-vfiprintf.o)
 .rodata        0x0800c328      0x101 /usr/lib/gcc/arm-none-eabi/12.2.1/../../../arm-none-eabi/lib/thumb/v7-m/nofp/libc.a(lib_a-ctype_.o)
                0x0800c328                _ctype_
                0x0800c42c                        . = ALIGN (0x4)
 *fill*         0x0800c429        0x3 

.glue_7         0x0800c42c        0x0
 .glue_7        0x0800c42c        0x0 linker stubs

.glue_7t        0x0800c42c        0x0
 .glue_7t       0x0800c42c        0x0 linker stubs

.vfp11_veneer   0x0800c42c        0x0
 .vfp11_veneer  0x0800c42c        0x0 linker stubs

.v4_bx          0x0800c42c        0x0
 .v4_bx         0x0800c42c        0x0 linker stubs

.iplt           0x0800c42c        0x0
 .iplt          0x0800c42c        0x0 main.qemu

.preinit_array  0x0800c42c        0x0
                0x0800c42c                        . = ALIGN (0x4)
                0x0800c42c                        __preinit_array_start = .
 *(.preinit_array)
                0x0800c42c                        __preinit_array_end = .

.init_array     0x0800c42c        0x0
                0x0800c42c                        . = ALIGN (0x4)
                0x0800c42c                        __init_array_start = .
 *(SORT_BY_NAME(.init_array.*))
 *(.init_array)
                0x0800c42c                        __init_array_end = .

.fini_array     0x0800c42c        0x0
                0x0800c42c                        . = ALIGN (0x4)
                0x0800c42c                        __fini_array_start = .
 *(.fini_array)
 *(SORT_BY_NAME(.fini_array.*))
                0x0800c42c                        __fini_array_end = .

.ARM.extab
 *(.ARM.extab*)

.ARM.exidx      0x0800c42c        0x8
                0x0800c42c                        __exidx_start = .
 *(.ARM.exidx*)
 .ARM.exidx     0x0800c42c        0x8 /usr/lib/gcc/arm-none-eabi/12.2.1/thumb/v7-m/nofp/libgcc.a(_udivmoddi4.o)
                0x0800c434                        __exidx_end = .

.rel.dyn        0x0800c434        0x0
 .rel.iplt      0x0800c434        0x0 main.qemu
                0x0800c434                        . = ALIGN (0x4)
                0x0800c434                        _etext = .

.data           0x20000000     0x147c load address 0x0800c434
                0x20000000                        _data = .
 *(.data*)
 .data.max_show_sniff_num
                0x20000000        0x4 main.qemu
                0x20000000                max_show_sniff_num
 .data.key_cb   0x20000004       0x28 main.qemu
                0x20000004                key_cb
 .data.conf     0x2000002c       0x10 conf.qemu
                0x2000002c                conf
 .data.mercedes_w203_2005my_ms
                0x2000003c       0x90 car.qemu
 .data.toyota_premio_26x_ms
                0x200000cc       0x80 car.qemu
                0x200000cc                toyota_premio_26x_ms
 .data.q3_2015_ms
                0x2000014c       0xe0 car.qemu
 .data.skoda_fabia_ms
                0x2000022c       0x90 car.qemu
                0x2000022c                skoda_fabia_ms
 .data.xc90_2007my_ms
                0x200002bc       0x70 car.qemu
                0x200002bc                xc90_2007my_ms
 .data.lr2_2013my_ms
                0x2000032c       0x40 car.qemu
                0x2000032c                lr2_2013my_ms
 .data.lr2_2007my_ms
                0x2000036c       0x70 car.qemu
 .data.anymsg_desc
                0x200003dc       0x10 car.qemu
                0x200003dc                anymsg_desc
 .data.key_state
                0x200003ec       0x10 car.qemu
 .data.car_air_state
                0x200003fc       0x12 car.qemu
 *fill*         0x2000040e        0x2 
 .data.carstate
                0x20000410       0x50 car.qemu
 .data.can1     0x20000460      0x5dc qemu/fw/hw_can.qemu
 .data.ill      0x20000a3c        0xc qemu/fw/hw_gpio.qemu
 .data.acc      0x20000a48        0xc qemu/fw/hw_gpio.qemu
 .data.park     0x20000a54        0xc qemu/fw/hw_gpio.qemu
 .data.rear     0x20000a60        0xc qemu/fw/hw_gpio.qemu
 .data.usart1   0x20000a6c       0x58 qemu/fw/hw_usart.qemu
 .data.rcc_apb2_frequency
                0x20000ac4        0x4 libopencm3/lib/stm32/f1/rcc.stm32f1
                0x20000ac4                rcc_apb2_frequency
 .data.rcc_apb1_frequency
                0x20000ac8        0x4 libopencm3/lib/stm32/f1/rcc.stm32f1
                0x20000ac8                rcc_apb1_frequency
 *fill*         0x20000acc        0x4 
 .data          0x20000ad0      0x430 /usr/lib/gcc/arm-none-eabi/12.2.1/../../../arm-none-eabi/lib/thumb/v7-m/nofp/libc.a(lib_a-impure.o)
                0x20000ad0                _impure_ptr
 .data          0x20000f00      0x410 /usr/lib/gcc/arm-none-eabi/12.2.1/../../../arm-none-eabi/lib/thumb/v7-m/nofp/libc.a(lib_a-mallocr.o)
                0x20000f00                __malloc_av_
                0x20001308                __malloc_sbrk_base
                0x2000130c                __malloc_trim_threshold
 .data          0x20001310      0x16c /usr/lib/gcc/arm-none-eabi/12.2.1/../../../arm-none-eabi/lib/thumb/v7-m/nofp/libc.a(lib_a-locale.o)
                0x20001310                __global_locale
                0x2000147c                        . = ALIGN (0x4)
                0x2000147c                        _edata = .
                0x0800c434                        _data_loadaddr = LOADADDR (.data)

.igot.plt       0x2000147c        0x0 load address 0x0800d8b0
 .igot.plt      0x2000147c        0x0 main.qemu

.bss            0x2000147c      0x2c4 load address 0x0800d8b0
 *(.bss*)
 .bss.wakeups   0x2000147c        0x4 main.qemu
                0x2000147c                wakeups
 .bss.sniffer_on
                0x20001480        0x1 main.qemu
                0x20001480                sniffer_on
 .bss.msg_idx   0x20001481        0x1 main.qemu
                0x20001481                msg_idx
 *fill*         0x20001482        0x2 
 .bss.debug_on_cnt
                0x20001484        0x4 main.qemu
                0x20001484                debug_on_cnt
 .bss.debug_on  0x20001488        0x1 main.qemu
                0x20001488                debug_on
 *fill*         0x20001489        0x3 
 .bss.rear_on_delay
                0x2000148c        0x4 main.qemu
 .bss.rear_off_delay
                0x20001490        0x4 main.qemu
 .bss.park_is_on.0
                0x20001494        0x1 canbox.qemu
 .bss.low_state.1
                0x20001495        0x1 canbox.qemu
 .bss.park_is_on.2
                0x20001496        0x1 canbox.qemu
 .bss.rx_state  0x20001497        0x1 canbox.qemu
 .bss.rx_idx    0x20001498        0x1 canbox.qemu
 .bss.rx_buffer
                0x20001499       0x20 canbox.qemu
 *fill*         0x200014b9        0x1 
 .bss.div_5ms.0
                0x200014ba        0x2 tick.qemu
 .bss.div_100ms.1
                0x200014bc        0x2 tick.qemu
 .bss.div_250ms.2
                0x200014be        0x2 tick.qemu
 .bss.div_1000ms.3
                0x200014c0        0x2 tick.qemu
 *fill*         0x200014c2        0x2 
 .bss.timer     0x200014c4       0x14 tick.qemu
                0x200014c4                timer
 .bss.usart_rx_ring_buffer
                0x200014d8       0x20 hw.qemu
 .bss.usart_tx_ring_buffer
                0x200014f8      0x200 hw.qemu
 .bss._heap_end
                0x200016f8        0x4 sbrk.qemu
 .bss._cur_brk  0x200016fc        0x4 sbrk.qemu
 .bss.can_isr_cnt
                0x20001700        0x4 qemu/fw/hw_can.qemu
                0x20001700                can_isr_cnt
 .bss.usart_isr_cnt
                0x20001704        0x4 qemu/fw/hw_usart.qemu
                0x20001704                usart_isr_cnt
 .bss           0x20001708       0x34 /usr/lib/gcc/arm-none-eabi/12.2.1/../../../arm-none-eabi/lib/thumb/v7-m/nofp/libc.a(lib_a-mallocr.o)
                0x20001708                __malloc_top_pad
                0x2000170c                __malloc_current_mallinfo
                0x20001734                __malloc_max_sbrked_mem
                0x20001738                __malloc_max_total_mem
 .bss           0x2000173c        0x4 /usr/lib/gcc/arm-none-eabi/12.2.1/../../../arm-none-eabi/lib/thumb/v7-m/nofp/libc.a(lib_a-reent.o)
                0x2000173c                errno
 *(COMMON)
                0x20001740                        . = ALIGN (0x4)
                0x20001740                        _ebss = .

/DISCARD/
 *(.eh_frame)
                0x20001740                        . = ALIGN (0x4)
                0x20001740                        end = .
                0x20002000                        PROVIDE (_stack = (ORIGIN (ram) + LENGTH (ram)))
OUTPUT(qemu.elf elf32-littlearm)
LOAD linker stubs

.comment        0x00000000       0x59
 .comment       0x00000000       0x26 main.qemu
                                 0x27 (size before relaxing)
 .comment       0x00000026       0x27 canbox.qemu
 .comment       0x00000026       0x27 ring.qemu
 .comment       0x00000026       0x27 conf.qemu
 .comment       0x00000026       0x27 car.qemu
 .comment       0x00000026       0x27 tick.qemu
 .comment       0x00000026       0x27 hw.qemu
 .comment       0x00000026       0x27 sbrk.qemu
 .comment       0x00000026       0x27 qemu/fw/hw_clock.qemu
 .comment       0x00000026       0x27 qemu/fw/hw_can.qemu
 .comment       0x00000026       0x27 qemu/fw/hw_gpio.qemu
 .comment       0x00000026       0x27 qemu/fw/hw_tick.qemu
 .comment       0x00000026       0x27 qemu/fw/hw_usart.qemu
 .comment       0x00000026       0x27 qemu/fw/hw_sleep.qemu
 .comment       0x00000026       0x27 qemu/fw/hw_conf.qemu
 .comment       0x00000026       0x27 libopencm3/lib/stm32/f1/gpio.stm32f1
 .comment       0x00000026       0x27 libopencm3/lib/stm32/f1/rcc.stm32f1
 .comment       0x00000026       0x27 libopencm3/lib/stm32/common/gpio_common_all.stm32f1
 .comment       0x00000026       0x27 libopencm3/lib/stm32/common/usart_common_all.stm32f1
 .comment       0x00000026       0x27 libopencm3/lib/stm32/common/usart_common_f124.stm32f1
 .comment       0x00000026       0x27 libopencm3/lib/stm32/common/rcc_common_all.stm32f1
 .comment       0x00000026       0x27 libopencm3/lib/stm32/common/pwr_common_all.stm32f1
 .comment       0x00000026       0x27 libopencm3/lib/cm3/vector.stm32f1
 .comment       0x00000026       0x27 libopencm3/lib/cm3/systick.stm32f1
 .comment       0x00000026       0x27 libopencm3/lib/cm3/nvic.stm32f1
 .comment       0x00000026       0x33 /usr/lib/gcc/arm-none-eabi/12.2.1/../../../arm-none-eabi/lib/thumb/v7-m/nofp/libc.a(lib_a-memset.o)
                                 0x34 (size before relaxing)
 .comment       0x00000059       0x34 /usr/lib/gcc/arm-none-eabi/12.2.1/../../../arm-none-eabi/lib/thumb/v7-m/nofp/libc.a(lib_a-snprintf.o)
 .comment       0x00000059       0x34 /usr/lib/gcc/arm-none-eabi/12.2.1/../../../arm-none-eabi/lib/thumb/v7-m/nofp/libc.a(lib_a-strcpy.o)
 .comment       0x00000059       0x34 /usr/lib/gcc/arm-none-eabi/12.2.1/../../../arm-none-eabi/lib/thumb/v7-m/nofp/libc.a(lib_a-strlen-stub.o)
 .comment       0x00000059       0x34 /usr/lib/gcc/arm-none-eabi/12.2.1/../../../arm-none-eabi/lib/thumb/v7-m/nofp/libc.a(lib_a-svfprintf.o)
 .comment       0x00000059       0x34 /usr/lib/gcc/arm-none-eabi/12.2.1/../../../arm-none-eabi/lib/thumb/v7-m/nofp/libc.a(lib_a-dtoa.o)
 .comment       0x00000059       0x34 /usr/lib/gcc/arm-none-eabi/12.2.1/../../../arm-none-eabi/lib/thumb/v7-m/nofp/libc.a(lib_a-impure.o)
 .comment       0x00000059       0x34 /usr/lib/gcc/arm-none-eabi/12.2.1/../../../arm-none-eabi/lib/thumb/v7-m/nofp/libc.a(lib_a-localeconv.o)
 .comment       0x00000059       0x34 /usr/lib/gcc/arm-none-eabi/12.2.1/../../../arm-none-eabi/lib/thumb/v7-m/nofp/libc.a(lib_a-mallocr.o)
 .comment       0x00000059       0x34 /usr/lib/gcc/arm-none-eabi/12.2.1/../../../arm-none-eabi/lib/thumb/v7-m/nofp/libc.a(lib_a-memchr-stub.o)
 .comment       0x00000059       0x34 /usr/lib/gcc/arm-none-eabi/12.2.1/../../../arm-none-eabi/lib/thumb/v7-m/nofp/libc.a(lib_a-mlock.o)
 .comment       0x00000059       0x34 /usr/lib/gcc/arm-none-eabi/12.2.1/../../../arm-none-eabi/lib/thumb/v7-m/nofp/libc.a(lib_a-mprec.o)
 .comment       0x00000059       0x34 /usr/lib/gcc/arm-none-eabi/12.2.1/../../../arm-none-eabi/lib/thumb/v7-m/nofp/libc.a(lib_a-svfiprintf.o)
 .comment       0x00000059       0x34 /usr/lib/gcc/arm-none-eabi/12.2.1/../../../arm-none-eabi/lib/thumb/v7-m/nofp/libc.a(lib_a-assert.o)
 .comment       0x00000059       0x34 /usr/lib/gcc/arm-none-eabi/12.2.1/../../../arm-none-eabi/lib/thumb/v7-m/nofp/libc.a(lib_a-callocr.o)
 .comment       0x00000059       0x34 /usr/lib/gcc/arm-none-eabi/12.2.1/../../../arm-none-eabi/lib/thumb/v7-m/nofp/libc.a(lib_a-fiprintf.o)
 .comment       0x00000059       0x34 /usr/lib/gcc/arm-none-eabi/12.2.1/../../../arm-none-eabi/lib/thumb/v7-m/nofp/libc.a(lib_a-freer.o)
 .comment       0x00000059       0x34 /usr/lib/gcc/arm-none-eabi/12.2.1/../../../arm-none-eabi/lib/thumb/v7-m/nofp/libc.a(lib_a-locale.o)
 .comment       0x00000059       0x34 /usr/lib/gcc/arm-none-eabi/12.2.1/../../../arm-none-eabi/lib/thumb/v7-m/nofp/libc.a(lib_a-mbtowc_r.o)
 .comment       0x00000059       0x34 /usr/lib/gcc/arm-none-eabi/12.2.1/../../../arm-none-eabi/lib/thumb/v7-m/nofp/libc.a(lib_a-memmove.o)
 .comment       0x00000059       0x34 /usr/lib/gcc/arm-none-eabi/12.2.1/../../../arm-none-eabi/lib/thumb/v7-m/nofp/libc.a(lib_a-reallocr.o)
 .comment       0x00000059       0x34 /usr/lib/gcc/arm-none-eabi/12.2.1/../../../arm-none-eabi/lib/thumb/v7-m/nofp/libc.a(lib_a-vfiprintf.o)
 .comment       0x00000059       0x34 /usr/lib/gcc/arm-none-eabi/12.2.1/../../../arm-none-eabi/lib/thumb/v7-m/nofp/libc.a(lib_a-wctomb_r.o)
 .comment       0x00000059       0x34 /usr/lib/gcc/arm-none-eabi/12.2.1/../../../arm-none-eabi/lib/thumb/v7-m/nofp/libc.a(lib_a-wsetup.o)
 .comment       0x00000059       0x34 /usr/lib/gcc/arm-none-eabi/12.2.1/../../../arm-none-eabi/lib/thumb/v7-m/nofp/libc.a(lib_a-abort.o)
 .comment       0x00000059       0x34 /usr/lib/gcc/arm-none-eabi/12.2.1/../../../arm-none-eabi/lib/thumb/v7-m/nofp/libc.a(lib_a-ctype_.o)
 .comment       0x00000059       0x34 /usr/lib/gcc/arm-none-eabi/12.2.1/../../../arm-none-eabi/lib/thumb/v7-m/nofp/libc.a(lib_a-fflush.o)
 .comment       0x00000059       0x34 /usr/lib/gcc/arm-none-eabi/12.2.1/../../../arm-none-eabi/lib/thumb/v7-m/nofp/libc.a(lib_a-findfp.o)
 .comment       0x00000059       0x34 /usr/lib/gcc/arm-none-eabi/12.2.1/../../../arm-none-eabi/lib/thumb/v7-m/nofp/libc.a(lib_a-fputwc.o)
 .comment       0x00000059       0x34 /usr/lib/gcc/arm-none-eabi/12.2.1/../../../arm-none-eabi/lib/thumb/v7-m/nofp/libc.a(lib_a-fvwrite.o)
 .comment       0x00000059       0x34 /usr/lib/gcc/arm-none-eabi/12.2.1/../../../arm-none-eabi/lib/thumb/v7-m/nofp/libc.a(lib_a-fwalk.o)
 .comment       0x00000059       0x34 /usr/lib/gcc/arm-none-eabi/12.2.1/../../../arm-none-eabi/lib/thumb/v7-m/nofp/libc.a(lib_a-makebuf.o)
 .comment       0x00000059       0x34 /usr/lib/gcc/arm-none-eabi/12.2.1/../../../arm-none-eabi/lib/thumb/v7-m/nofp/libc.a(lib_a-signal.o)
 .comment       0x00000059       0x34 /usr/lib/gcc/arm-none-eabi/12.2.1/../../../arm-none-eabi/lib/thumb/v7-m/nofp/libc.a(lib_a-signalr.o)
 .comment       0x00000059       0x34 /usr/lib/gcc/arm-none-eabi/12.2.1/../../../arm-none-eabi/lib/thumb/v7-m/nofp/libc.a(lib_a-stdio.o)
 .comment       0x00000059       0x34 /usr/lib/gcc/arm-none-eabi/12.2.1/../../../arm-none-eabi/lib/thumb/v7-m/nofp/libc.a(lib_a-wbuf.o)
 .comment       0x00000059       0x34 /usr/lib/gcc/arm-none-eabi/12.2.1/../../../arm-none-eabi/lib/thumb/v7-m/nofp/libc.a(lib_a-wcrtomb.o)
 .comment       0x00000059       0x34 /usr/lib/gcc/arm-none-eabi/12.2.1/../../../arm-none-eabi/lib/thumb/v7-m/nofp/libc.a(lib_a-writer.o)
 .comment       0x00000059       0x34 /usr/lib/gcc/arm-none-eabi/12.2.1/../../../arm-none-eabi/lib/thumb/v7-m/nofp/libc.a(lib_a-closer.o)
 .comment       0x00000059       0x34 /usr/lib/gcc/arm-none-eabi/12.2.1/../../../arm-none-eabi/lib/thumb/v7-m/nofp/libc.a(lib_a-fclose.o)
 .comment       0x00000059       0x34 /usr/lib/gcc/arm-none-eabi/12.2.1/../../../arm-none-eabi/lib/thumb/v7-m/nofp/libc.a(lib_a-fstatr.o)
 .comment       0x00000059       0x34 /usr/lib/gcc/arm-none-eabi/12.2.1/../../../arm-none-eabi/lib/thumb/v7-m/nofp/libc.a(lib_a-isattyr.o)
 .comment       0x00000059       0x34 /usr/lib/gcc/arm-none-eabi/12.2.1/../../../arm-none-eabi/lib/thumb/v7-m/nofp/libc.a(lib_a-lseekr.o)
 .comment       0x00000059       0x34 /usr/lib/gcc/arm-none-eabi/12.2.1/../../../arm-none-eabi/lib/thumb/v7-m/nofp/libc.a(lib_a-readr.o)
 .comment       0x00000059       0x34 /usr/lib/gcc/arm-none-eabi/12.2.1/../../../arm-none-eabi/lib/thumb/v7-m/nofp/libc.a(lib_a-reent.o)
 .comment       0x00000059       0x27 /usr/lib/gcc/arm-none-eabi/12.2.1/thumb/v7-m/nofp/libgcc.a(_udivmoddi4.o)
 .comment       0x00000059       0x34 /usr/lib/gcc/arm-none-eabi/12.2.1/../../../arm-none-eabi/lib/thumb/v7-m/nofp/libnosys.a(close.o)
 .comment       0x00000059       0x34 /usr/lib/gcc/arm-none-eabi/12.2.1/../../../arm-none-eabi/lib/thumb/v7-m/nofp/libnosys.a(fstat.o)
 .comment       0x00000059       0x34 /usr/lib/gcc/arm-none-eabi/12.2.1/../../../arm-none-eabi/lib/thumb/v7-m/nofp/libnosys.a(getpid.o)
 .comment       0x00000059       0x34 /usr/lib/gcc/arm-none-eabi/12.2.1/../../../arm-none-eabi/lib/thumb/v7-m/nofp/libnosys.a(isatty.o)
 .comment       0x00000059       0x34 /usr/lib/gcc/arm-none-eabi/12.2.1/../../../arm-none-eabi/lib/thumb/v7-m/nofp/libnosys.a(kill.o)
 .comment       0x00000059       0x34 /usr/lib/gcc/arm-none-eabi/12.2.1/../../../arm-none-eabi/lib/thumb/v7-m/nofp/libnosys.a(lseek.o)
 .comment       0x00000059       0x34 /usr/lib/gcc/arm-none-eabi/12.2.1/../../../arm-none-eabi/lib/thumb/v7-m/nofp/libnosys.a(read.o)
 .comment       0x00000059       0x34 /usr/lib/gcc/arm-none-eabi/12.2.1/../../../arm-none-eabi/lib/thumb/v7-m/nofp/libnosys.a(write.o)
 .comment       0x00000059       0x34 /usr/lib/gcc/arm-none-eabi/12.2.1/../../../arm-none-eabi/lib/thumb/v7-m/nofp/libnosys.a(_exit.o)

.ARM.attributes
                0x00000000       0x2b
 .ARM.attributes
                0x00000000       0x2d main.qemu
 .ARM.attributes
                0x0000002d       0x2d canbox.qemu
 .ARM.attributes
                0x0000005a       0x2d ring.qemu
 .ARM.attributes
                0x00000087       0x2d conf.qemu
 .ARM.attributes
                0x000000b4       0x2d car.qemu
 .ARM.attributes
                0x000000e1       0x2d tick.qemu
 .ARM.attributes
                0x0000010e       0x2d hw.qemu
 .ARM.attributes
                0x0000013b       0x2d sbrk.qemu
 .ARM.attributes
                0x00000168       0x2d qemu/fw/hw_clock.qemu
 .ARM.attributes
                0x00000195       0x2d qemu/fw/hw_can.qemu
 .ARM.attributes
                0x000001c2       0x2d qemu/fw/hw_gpio.qemu
 .ARM.attributes
                0x000001ef       0x2d qemu/fw/hw_tick.qemu
 .ARM.attributes
                0x0000021c       0x2d qemu/fw/hw_usart.qemu
 .ARM.attributes
                0x00000249       0x2d qemu/fw/hw_sleep.qemu
 .ARM.attributes
                0x00000276       0x2d qemu/fw/hw_conf.qemu
 .ARM.attributes
                0x000002a3       0x2d libopencm3/lib/stm32/f1/gpio.stm32f1
 .ARM.attributes
                0x000002d0       0x2d libopencm3/lib/stm32/f1/rcc.stm32f1
 .ARM.attributes
                0x000002fd       0x2d libopencm3/lib/stm32/common/gpio_common_all.stm32f1
 .ARM.attributes
                0x0000032a       0x2d libopencm3/lib/stm32/common/usart_common_all.stm32f1
 .ARM.attributes
                0x00000357       0x2d libopencm3/lib/stm32/common/usart_common_f124.stm32f1
 .ARM.attributes
                0x00000384       0x2d libopencm3/lib/stm32/common/rcc_common_all.stm32f1
 .ARM.attributes
                0x000003b1       0x2d libopencm3/lib/stm32/common/pwr_common_all.stm32f1
 .ARM.attributes
                0x000003de       0x2d libopencm3/lib/cm3/vector.stm32f1
 .ARM.attributes
                0x0000040b       0x2d libopencm3/lib/cm3/systick.stm32f1
 .ARM.attributes
                0x00000438       0x2d libopencm3/lib/cm3/nvic.stm32f1
 .ARM.attributes
                0x00000465       0x1b /usr/lib/gcc/arm-none-eabi/12.2.1/../../../arm-none-eabi/lib/thumb/v7-m/nofp/libc.a(lib_a-memcpy.o)
 .ARM.attributes
                0x00000480       0x2d /usr/lib/gcc/arm-none-eabi/12.2.1/../../../arm-none-eabi/lib/thumb/v7-m/nofp/libc.a(lib_a-memset.o)
 .ARM.attributes
                0x000004ad       0x2d /usr/lib/gcc/arm-none-eabi/12.2.1/../../../arm-none-eabi/lib/thumb/v7-m/nofp/libc.a(lib_a-snprintf.o)
 .ARM.attributes
                0x000004da       0x2d /usr/lib/gcc/arm-none-eabi/12.2.1/../../../arm-none-eabi/lib/thumb/v7-m/nofp/libc.a(lib_a-strcpy.o)
 .ARM.attributes
                0x00000507       0x2d /usr/lib/gcc/arm-none-eabi/12.2.1/../../../arm-none-eabi/lib/thumb/v7-m/nofp/libc.a(lib_a-strlen-stub.o)
 .ARM.attributes
                0x00000534       0x2d /usr/lib/gcc/arm-none-eabi/12.2.1/../../../arm-none-eabi/lib/thumb/v7-m/nofp/libc.a(lib_a-svfprintf.o)
 .ARM.attributes
                0x00000561       0x2d /usr/lib/gcc/arm-none-eabi/12.2.1/../../../arm-none-eabi/lib/thumb/v7-m/nofp/libc.a(lib_a-dtoa.o)
 .ARM.attributes
                0x0000058e       0x2d /usr/lib/gcc/arm-none-eabi/12.2.1/../../../arm-none-eabi/lib/thumb/v7-m/nofp/libc.a(lib_a-impure.o)
 .ARM.attributes
                0x000005bb       0x2d /usr/lib/gcc/arm-none-eabi/12.2.1/../../../arm-none-eabi/lib/thumb/v7-m/nofp/libc.a(lib_a-localeconv.o)
 .ARM.attributes
                0x000005e8       0x2d /usr/lib/gcc/arm-none-eabi/12.2.1/../../../arm-none-eabi/lib/thumb/v7-m/nofp/libc.a(lib_a-mallocr.o)
 .ARM.attributes
                0x00000615       0x2d /usr/lib/gcc/arm-none-eabi/12.2.1/../../../arm-none-eabi/lib/thumb/v7-m/nofp/libc.a(lib_a-memchr-stub.o)
 .ARM.attributes
                0x00000642       0x2d /usr/lib/gcc/arm-none-eabi/12.2.1/../../../arm-none-eabi/lib/thumb/v7-m/nofp/libc.a(lib_a-mlock.o)
 .ARM.attributes
                0x0000066f       0x2d /usr/lib/gcc/arm-none-eabi/12.2.1/../../../arm-none-eabi/lib/thumb/v7-m/nofp/libc.a(lib_a-mprec.o)
 .ARM.attributes
                0x0000069c       0x2d /usr/lib/gcc/arm-none-eabi/12.2.1/../../../arm-none-eabi/lib/thumb/v7-m/nofp/libc.a(lib_a-svfiprintf.o)
 .ARM.attributes
                0x000006c9       0x2d /usr/lib/gcc/arm-none-eabi/12.2.1/../../../arm-none-eabi/lib/thumb/v7-m/nofp/libc.a(lib_a-assert.o)
 .ARM.attributes
                0x000006f6       0x2d /usr/lib/gcc/arm-none-eabi/12.2.1/../../../arm-none-eabi/lib/thumb/v7-m/nofp/libc.a(lib_a-callocr.o)
 .ARM.attributes
                0x00000723       0x2d /usr/lib/gcc/arm-none-eabi/12.2.1/../../../arm-none-eabi/lib/thumb/v7-m/nofp/libc.a(lib_a-fiprintf.o)
 .ARM.attributes
                0x00000750       0x2d /usr/lib/gcc/arm-none-eabi/12.2.1/../../../arm-none-eabi/lib/thumb/v7-m/nofp/libc.a(lib_a-freer.o)
 .ARM.attributes
                0x0000077d       0x2d /usr/lib/gcc/arm-none-eabi/12.2.1/../../../arm-none-eabi/lib/thumb/v7-m/nofp/libc.a(lib_a-locale.o)
 .ARM.attributes
                0x000007aa       0x2d /usr/lib/gcc/arm-none-eabi/12.2.1/../../../arm-none-eabi/lib/thumb/v7-m/nofp/libc.a(lib_a-mbtowc_r.o)
 .ARM.attributes
                0x000007d7       0x2d /usr/lib/gcc/arm-none-eabi/12.2.1/../../../arm-none-eabi/lib/thumb/v7-m/nofp/libc.a(lib_a-memmove.o)
 .ARM.attributes
                0x00000804       0x2d /usr/lib/gcc/arm-none-eabi/12.2.1/../../../arm-none-eabi/lib/thumb/v7-m/nofp/libc.a(lib_a-reallocr.o)
 .ARM.attributes
                0x00000831       0x1b /usr/lib/gcc/arm-none-eabi/12.2.1/../../../arm-none-eabi/lib/thumb/v7-m/nofp/libc.a(lib_a-strcmp.o)
 .ARM.attributes
                0x0000084c       0x2d /usr/lib/gcc/arm-none-eabi/12.2.1/../../../arm-none-eabi/lib/thumb/v7-m/nofp/libc.a(lib_a-vfiprintf.o)
 .ARM.attributes
                0x00000879       0x2d /usr/lib/gcc/arm-none-eabi/12.2.1/../../../arm-none-eabi/lib/thumb/v7-m/nofp/libc.a(lib_a-wctomb_r.o)
 .ARM.attributes
                0x000008a6       0x2d /usr/lib/gcc/arm-none-eabi/12.2.1/../../../arm-none-eabi/lib/thumb/v7-m/nofp/libc.a(lib_a-wsetup.o)
 .ARM.attributes
                0x000008d3       0x2d /usr/lib/gcc/arm-none-eabi/12.2.1/../../../arm-none-eabi/lib/thumb/v7-m/nofp/libc.a(lib_a-abort.o)
 .ARM.attributes
                0x00000900       0x2d /usr/lib/gcc/arm-none-eabi/12.2.1/../../../arm-none-eabi/lib/thumb/v7-m/nofp/libc.a(lib_a-ctype_.o)
 .ARM.attributes
                0x0000092d       0x2d /usr/lib/gcc/arm-none-eabi/12.2.1/../../../arm-none-eabi/lib/thumb/v7-m/nofp/libc.a(lib_a-fflush.o)
 .ARM.attributes
                0x0000095a       0x2d /usr/lib/gcc/arm-none-eabi/12.2.1/../../../arm-none-eabi/lib/thumb/v7-m/nofp/libc.a(lib_a-findfp.o)
 .ARM.attributes
                0x00000987       0x2d /usr/lib/gcc/arm-none-eabi/12.2.1/../../../arm-none-eabi/lib/thumb/v7-m/nofp/libc.a(lib_a-fputwc.o)
 .ARM.attributes
                0x000009b4       0x2d /usr/lib/gcc/arm-none-eabi/12.2.1/../../../arm-none-eabi/lib/thumb/v7-m/nofp/libc.a(lib_a-fvwrite.o)
 .ARM.attributes
                0x000009e1       0x2d /usr/lib/gcc/arm-none-eabi/12.2.1/../../../arm-none-eabi/lib/thumb/v7-m/nofp/libc.a(lib_a-fwalk.o)
 .ARM.attributes
                0x00000a0e       0x2d /usr/lib/gcc/arm-none-eabi/12.2.1/../../../arm-none-eabi/lib/thumb/v7-m/nofp/libc.a(lib_a-makebuf.o)
 .ARM.attributes
                0x00000a3b       0x2d /usr/lib/gcc/arm-none-eabi/12.2.1/../../../arm-none-eabi/lib/thumb/v7-m/nofp/libc.a(lib_a-signal.o)
 .ARM.attributes
                0x00000a68       0x2d /usr/lib/gcc/arm-none-eabi/12.2.1/../../../arm-none-eabi/lib/thumb/v7-m/nofp/libc.a(lib_a-signalr.o)
 .ARM.attributes
                0x00000a95       0x2d /usr/lib/gcc/arm-none-eabi/12.2.1/../../../arm-none-eabi/lib/thumb/v7-m/nofp/libc.a(lib_a-stdio.o)
 .ARM.attributes
                0x00000ac2       0x2d /usr/lib/gcc/arm-none-eabi/12.2.1/../../../arm-none-eabi/lib/thumb/v7-m/nofp/libc.a(lib_a-wbuf.o)
 .ARM.attributes
                0x00000aef       0x2d /usr/lib/gcc/arm-none-eabi/12.2.1/../../../arm-none-eabi/lib/thumb/v7-m/nofp/libc.a(lib_a-wcrtomb.o)
 .ARM.attributes
                0x00000b1c       0x2d /usr/lib/gcc/arm-none-eabi/12.2.1/../../../arm-none-eabi/lib/thumb/v7-m/nofp/libc.a(lib_a-writer.o)
 .ARM.attributes
                0x00000b49       0x2d /usr/lib/gcc/arm-none-eabi/12.2.1/../../../arm-none-eabi/lib/thumb/v7-m/nofp/libc.a(lib_a-closer.o)
 .ARM.attributes
                0x00000b76       0x2d /usr/lib/gcc/arm-none-eabi/12.2.1/../../../arm-none-eabi/lib/thumb/v7-m/nofp/libc.a(lib_a-fclose.o)
 .ARM.attributes
                0x00000ba3       0x2d /usr/lib/gcc/arm-none-eabi/12.2.1/../../../arm-none-eabi/lib/thumb/v7-m/nofp/libc.a(lib_a-fstatr.o)
 .ARM.attributes
                0x00000bd0       0x2d /usr/lib/gcc/arm-none-eabi/12.2.1/../../../arm-none-eabi/lib/thumb/v7-m/nofp/libc.a(lib_a-isattyr.o)
 .ARM.attributes
                0x00000bfd       0x2d /usr/lib/gcc/arm-none-eabi/12.2.1/../../../arm-none-eabi/lib/thumb/v7-m/nofp/libc.a(lib_a-lseekr.o)
 .ARM.attributes
                0x00000c2a       0x2d /usr/lib/gcc/arm-none-eabi/12.2.1/../../../arm-none-eabi/lib/thumb/v7-m/nofp/libc.a(lib_a-readr.o)
 .ARM.attributes
                0x00000c57       0x2d /usr/lib/gcc/arm-none-eabi/12.2.1/../../../arm-none-eabi/lib/thumb/v7-m/nofp/libc.a(lib_a-reent.o)
 .ARM.attributes
                0x00000c84       0x1d /usr/lib/gcc/arm-none-eabi/12.2.1/thumb/v7-m/nofp/libgcc.a(_arm_addsubdf3.o)
 .ARM.attributes
                0x00000ca1       0x1d /usr/lib/gcc/arm-none-eabi/12.2.1/thumb/v7-m/nofp/libgcc.a(_arm_muldivdf3.o)
 .ARM.attributes
                0x00000cbe       0x1d /usr/lib/gcc/arm-none-eabi/12.2.1/thumb/v7-m/nofp/libgcc.a(_arm_cmpdf2.o)
 .ARM.attributes
                0x00000cdb       0x1d /usr/lib/gcc/arm-none-eabi/12.2.1/thumb/v7-m/nofp/libgcc.a(_arm_unorddf2.o)
 .ARM.attributes
                0x00000cf8       0x1d /usr/lib/gcc/arm-none-eabi/12.2.1/thumb/v7-m/nofp/libgcc.a(_arm_fixdfsi.o)
 .ARM.attributes
                0x00000d15       0x1d /usr/lib/gcc/arm-none-eabi/12.2.1/thumb/v7-m/nofp/libgcc.a(_arm_fixunsdfsi.o)
 .ARM.attributes
                0x00000d32       0x1d /usr/lib/gcc/arm-none-eabi/12.2.1/thumb/v7-m/nofp/libgcc.a(_arm_addsubsf3.o)
 .ARM.attributes
                0x00000d4f       0x1d /usr/lib/gcc/arm-none-eabi/12.2.1/thumb/v7-m/nofp/libgcc.a(_arm_muldivsf3.o)
 .ARM.attributes
                0x00000d6c       0x1d /usr/lib/gcc/arm-none-eabi/12.2.1/thumb/v7-m/nofp/libgcc.a(_arm_fixsfsi.o)
 .ARM.attributes
                0x00000d89       0x1d /usr/lib/gcc/arm-none-eabi/12.2.1/thumb/v7-m/nofp/libgcc.a(_arm_fixunssfsi.o)
 .ARM.attributes
                0x00000da6       0x1d /usr/lib/gcc/arm-none-eabi/12.2.1/thumb/v7-m/nofp/libgcc.a(_aeabi_uldivmod.o)
 .ARM.attributes
                0x00000dc3       0x2d /usr/lib/gcc/arm-none-eabi/12.2.1/thumb/v7-m/nofp/libgcc.a(_udivmoddi4.o)
 .ARM.attributes
                0x00000df0       0x1d /usr/lib/gcc/arm-none-eabi/12.2.1/thumb/v7-m/nofp/libgcc.a(_dvmd_tls.o)
 .ARM.attributes
                0x00000e0d       0x2d /usr/lib/gcc/arm-none-eabi/12.2.1/../../../arm-none-eabi/lib/thumb/v7-m/nofp/libnosys.a(close.o)
 .ARM.attributes
                0x00000e3a       0x2d /usr/lib/gcc/arm-none-eabi/12.2.1/../../../arm-none-eabi/lib/thumb/v7-m/nofp/libnosys.a(fstat.o)
 .ARM.attributes
                0x00000e67       0x2d /usr/lib/gcc/arm-none-eabi/12.2.1/../../../arm-none-eabi/lib/thumb/v7-m/nofp/libnosys.a(getpid.o)
 .ARM.attributes
                0x00000e94       0x2d /usr/lib/gcc/arm-none-eabi/12.2.1/../../../arm-none-eabi/lib/thumb/v7-m/nofp/libnosys.a(isatty.o)
 .ARM.attributes
                0x00000ec1       0x2d /usr/lib/gcc/arm-none-eabi/12.2.1/../../../arm-none-eabi/lib/thumb/v7-m/nofp/libnosys.a(kill.o)
 .ARM.attributes
                0x00000eee       0x2d /usr/lib/gcc/arm-none-eabi/12.2.1/../../../arm-none-eabi/lib/thumb/v7-m/nofp/libnosys.a(lseek.o)
 .ARM.attributes
                0x00000f1b       0x2d /usr/lib/gcc/arm-none-eabi/12.2.1/../../../arm-none-eabi/lib/thumb/v7-m/nofp/libnosys.a(read.o)
 .ARM.attributes
                0x00000f48       0x2d /usr/lib/gcc/arm-none-eabi/12.2.1/../../../arm-none-eabi/lib/thumb/v7-m/nofp/libnosys.a(write.o)
 .ARM.attributes
                0x00000f75       0x2d /usr/lib/gcc/arm-none-eabi/12.2.1/../../../arm-none-eabi/lib/thumb/v7-m/nofp/libnosys.a(_exit.o)

.debug_line     0x00000000     0xe49f
 .debug_line    0x00000000       0xc1 /usr/lib/gcc/arm-none-eabi/12.2.1/../../../arm-none-eabi/lib/thumb/v7-m/nofp/libc.a(lib_a-memcpy.o)
 .debug_line    0x000000c1      0x1bf /usr/lib/gcc/arm-none-eabi/12.2.1/../../../arm-none-eabi/lib/thumb/v7-m/nofp/libc.a(lib_a-memset.o)
 .debug_line    0x00000280      0x380 /usr/lib/gcc/arm-none-eabi/12.2.1/../../../arm-none-eabi/lib/thumb/v7-m/nofp/libc.a(lib_a-snprintf.o)
 .debug_line    0x00000600       0xb9 /usr/lib/gcc/arm-none-eabi/12.2.1/../../../arm-none-eabi/lib/thumb/v7-m/nofp/libc.a(lib_a-strcpy.o)
 .debug_line    0x000006b9       0xf4 /usr/lib/gcc/arm-none-eabi/12.2.1/../../../arm-none-eabi/lib/thumb/v7-m/nofp/libc.a(lib_a-strlen-stub.o)
 .debug_line    0x000007ad     0x175b /usr/lib/gcc/arm-none-eabi/12.2.1/../../../arm-none-eabi/lib/thumb/v7-m/nofp/libc.a(lib_a-svfprintf.o)
 .debug_line    0x00001f08     0x14e2 /usr/lib/gcc/arm-none-eabi/12.2.1/../../../arm-none-eabi/lib/thumb/v7-m/nofp/libc.a(lib_a-dtoa.o)
 .debug_line    0x000033ea       0xe4 /usr/lib/gcc/arm-none-eabi/12.2.1/../../../arm-none-eabi/lib/thumb/v7-m/nofp/libc.a(lib_a-impure.o)
 .debug_line    0x000034ce      0x1bf /usr/lib/gcc/arm-none-eabi/12.2.1/../../../arm-none-eabi/lib/thumb/v7-m/nofp/libc.a(lib_a-localeconv.o)
 .debug_line    0x0000368d      0x8c6 /usr/lib/gcc/arm-none-eabi/12.2.1/../../../arm-none-eabi/lib/thumb/v7-m/nofp/libc.a(lib_a-mallocr.o)
 .debug_line    0x00003f53      0x1d0 /usr/lib/gcc/arm-none-eabi/12.2.1/../../../arm-none-eabi/lib/thumb/v7-m/nofp/libc.a(lib_a-memchr-stub.o)
 .debug_line    0x00004123      0x13e /usr/lib/gcc/arm-none-eabi/12.2.1/../../../arm-none-eabi/lib/thumb/v7-m/nofp/libc.a(lib_a-mlock.o)
 .debug_line    0x00004261     0x1669 /usr/lib/gcc/arm-none-eabi/12.2.1/../../../arm-none-eabi/lib/thumb/v7-m/nofp/libc.a(lib_a-mprec.o)
 .debug_line    0x000058ca      0xee9 /usr/lib/gcc/arm-none-eabi/12.2.1/../../../arm-none-eabi/lib/thumb/v7-m/nofp/libc.a(lib_a-svfiprintf.o)
 .debug_line    0x000067b3      0x197 /usr/lib/gcc/arm-none-eabi/12.2.1/../../../arm-none-eabi/lib/thumb/v7-m/nofp/libc.a(lib_a-assert.o)
 .debug_line    0x0000694a      0x1ac /usr/lib/gcc/arm-none-eabi/12.2.1/../../../arm-none-eabi/lib/thumb/v7-m/nofp/libc.a(lib_a-callocr.o)
 .debug_line    0x00006af6      0x19f /usr/lib/gcc/arm-none-eabi/12.2.1/../../../arm-none-eabi/lib/thumb/v7-m/nofp/libc.a(lib_a-fiprintf.o)
 .debug_line    0x00006c95      0x527 /usr/lib/gcc/arm-none-eabi/12.2.1/../../../arm-none-eabi/lib/thumb/v7-m/nofp/libc.a(lib_a-freer.o)
 .debug_line    0x000071bc      0x267 /usr/lib/gcc/arm-none-eabi/12.2.1/../../../arm-none-eabi/lib/thumb/v7-m/nofp/libc.a(lib_a-locale.o)
 .debug_line    0x00007423      0x213 /usr/lib/gcc/arm-none-eabi/12.2.1/../../../arm-none-eabi/lib/thumb/v7-m/nofp/libc.a(lib_a-mbtowc_r.o)
 .debug_line    0x00007636      0x206 /usr/lib/gcc/arm-none-eabi/12.2.1/../../../arm-none-eabi/lib/thumb/v7-m/nofp/libc.a(lib_a-memmove.o)
 .debug_line    0x0000783c      0x7d0 /usr/lib/gcc/arm-none-eabi/12.2.1/../../../arm-none-eabi/lib/thumb/v7-m/nofp/libc.a(lib_a-reallocr.o)
 .debug_line    0x0000800c      0x106 /usr/lib/gcc/arm-none-eabi/12.2.1/../../../arm-none-eabi/lib/thumb/v7-m/nofp/libc.a(lib_a-strcmp.o)
 .debug_line    0x00008112     0x12b5 /usr/lib/gcc/arm-none-eabi/12.2.1/../../../arm-none-eabi/lib/thumb/v7-m/nofp/libc.a(lib_a-vfiprintf.o)
 .debug_line    0x000093c7      0x20a /usr/lib/gcc/arm-none-eabi/12.2.1/../../../arm-none-eabi/lib/thumb/v7-m/nofp/libc.a(lib_a-wctomb_r.o)
 .debug_line    0x000095d1      0x314 /usr/lib/gcc/arm-none-eabi/12.2.1/../../../arm-none-eabi/lib/thumb/v7-m/nofp/libc.a(lib_a-wsetup.o)
 .debug_line    0x000098e5      0x109 /usr/lib/gcc/arm-none-eabi/12.2.1/../../../arm-none-eabi/lib/thumb/v7-m/nofp/libc.a(lib_a-abort.o)
 .debug_line    0x000099ee       0x5e /usr/lib/gcc/arm-none-eabi/12.2.1/../../../arm-none-eabi/lib/thumb/v7-m/nofp/libc.a(lib_a-ctype_.o)
 .debug_line    0x00009a4c      0x492 /usr/lib/gcc/arm-none-eabi/12.2.1/../../../arm-none-eabi/lib/thumb/v7-m/nofp/libc.a(lib_a-fflush.o)
 .debug_line    0x00009ede      0x568 /usr/lib/gcc/arm-none-eabi/12.2.1/../../../arm-none-eabi/lib/thumb/v7-m/nofp/libc.a(lib_a-findfp.o)
 .debug_line    0x0000a446      0x31f /usr/lib/gcc/arm-none-eabi/12.2.1/../../../arm-none-eabi/lib/thumb/v7-m/nofp/libc.a(lib_a-fputwc.o)
 .debug_line    0x0000a765      0x5df /usr/lib/gcc/arm-none-eabi/12.2.1/../../../arm-none-eabi/lib/thumb/v7-m/nofp/libc.a(lib_a-fvwrite.o)
 .debug_line    0x0000ad44      0x27a /usr/lib/gcc/arm-none-eabi/12.2.1/../../../arm-none-eabi/lib/thumb/v7-m/nofp/libc.a(lib_a-fwalk.o)
 .debug_line    0x0000afbe      0x3d3 /usr/lib/gcc/arm-none-eabi/12.2.1/../../../arm-none-eabi/lib/thumb/v7-m/nofp/libc.a(lib_a-makebuf.o)
 .debug_line    0x0000b391      0x65f /usr/lib/gcc/arm-none-eabi/12.2.1/../../../arm-none-eabi/lib/thumb/v7-m/nofp/libc.a(lib_a-signal.o)
 .debug_line    0x0000b9f0      0x1a3 /usr/lib/gcc/arm-none-eabi/12.2.1/../../../arm-none-eabi/lib/thumb/v7-m/nofp/libc.a(lib_a-signalr.o)
 .debug_line    0x0000bb93      0x231 /usr/lib/gcc/arm-none-eabi/12.2.1/../../../arm-none-eabi/lib/thumb/v7-m/nofp/libc.a(lib_a-stdio.o)
 .debug_line    0x0000bdc4      0x2d3 /usr/lib/gcc/arm-none-eabi/12.2.1/../../../arm-none-eabi/lib/thumb/v7-m/nofp/libc.a(lib_a-wbuf.o)
 .debug_line    0x0000c097      0x298 /usr/lib/gcc/arm-none-eabi/12.2.1/../../../arm-none-eabi/lib/thumb/v7-m/nofp/libc.a(lib_a-wcrtomb.o)
 .debug_line    0x0000c32f      0x18d /usr/lib/gcc/arm-none-eabi/12.2.1/../../../arm-none-eabi/lib/thumb/v7-m/nofp/libc.a(lib_a-writer.o)
 .debug_line    0x0000c4bc      0x186 /usr/lib/gcc/arm-none-eabi/12.2.1/../../../arm-none-eabi/lib/thumb/v7-m/nofp/libc.a(lib_a-closer.o)
 .debug_line    0x0000c642      0x2a7 /usr/lib/gcc/arm-none-eabi/12.2.1/../../../arm-none-eabi/lib/thumb/v7-m/nofp/libc.a(lib_a-fclose.o)
 .debug_line    0x0000c8e9      0x1fc /usr/lib/gcc/arm-none-eabi/12.2.1/../../../arm-none-eabi/lib/thumb/v7-m/nofp/libc.a(lib_a-fstatr.o)
 .debug_line    0x0000cae5      0x187 /usr/lib/gcc/arm-none-eabi/12.2.1/../../../arm-none-eabi/lib/thumb/v7-m/nofp/libc.a(lib_a-isattyr.o)
 .debug_line    0x0000cc6c      0x18d /usr/lib/gcc/arm-none-eabi/12.2.1/../../../arm-none-eabi/lib/thumb/v7-m/nofp/libc.a(lib_a-lseekr.o)
 .debug_line    0x0000cdf9      0x18c /usr/lib/gcc/arm-none-eabi/12.2.1/../../../arm-none-eabi/lib/thumb/v7-m/nofp/libc.a(lib_a-readr.o)
 .debug_line    0x0000cf85      0x28d /usr/lib/gcc/arm-none-eabi/12.2.1/../../../arm-none-eabi/lib/thumb/v7-m/nofp/libc.a(lib_a-reent.o)
 .debug_line    0x0000d212      0x16f /usr/lib/gcc/arm-none-eabi/12.2.1/thumb/v7-m/nofp/libgcc.a(_arm_addsubdf3.o)
 .debug_line    0x0000d381      0x184 /usr/lib/gcc/arm-none-eabi/12.2.1/thumb/v7-m/nofp/libgcc.a(_arm_muldivdf3.o)
 .debug_line    0x0000d505       0xa6 /usr/lib/gcc/arm-none-eabi/12.2.1/thumb/v7-m/nofp/libgcc.a(_arm_cmpdf2.o)
 .debug_line    0x0000d5ab       0x57 /usr/lib/gcc/arm-none-eabi/12.2.1/thumb/v7-m/nofp/libgcc.a(_arm_unorddf2.o)
 .debug_line    0x0000d602       0x62 /usr/lib/gcc/arm-none-eabi/12.2.1/thumb/v7-m/nofp/libgcc.a(_arm_fixdfsi.o)
 .debug_line    0x0000d664       0x5e /usr/lib/gcc/arm-none-eabi/12.2.1/thumb/v7-m/nofp/libgcc.a(_arm_fixunsdfsi.o)
 .debug_line    0x0000d6c2      0x103 /usr/lib/gcc/arm-none-eabi/12.2.1/thumb/v7-m/nofp/libgcc.a(_arm_addsubsf3.o)
 .debug_line    0x0000d7c5      0x123 /usr/lib/gcc/arm-none-eabi/12.2.1/thumb/v7-m/nofp/libgcc.a(_arm_muldivsf3.o)
 .debug_line    0x0000d8e8       0x62 /usr/lib/gcc/arm-none-eabi/12.2.1/thumb/v7-m/nofp/libgcc.a(_arm_fixsfsi.o)
 .debug_line    0x0000d94a       0x5e /usr/lib/gcc/arm-none-eabi/12.2.1/thumb/v7-m/nofp/libgcc.a(_arm_fixunssfsi.o)
 .debug_line    0x0000d9a8       0x4e /usr/lib/gcc/arm-none-eabi/12.2.1/thumb/v7-m/nofp/libgcc.a(_aeabi_uldivmod.o)
 .debug_line    0x0000d9f6      0x575 /usr/lib/gcc/arm-none-eabi/12.2.1/thumb/v7-m/nofp/libgcc.a(_udivmoddi4.o)
 .debug_line    0x0000df6b       0x4a /usr/lib/gcc/arm-none-eabi/12.2.1/thumb/v7-m/nofp/libgcc.a(_dvmd_tls.o)
 .debug_line    0x0000dfb5       0x75 /usr/lib/gcc/arm-none-eabi/12.2.1/../../../arm-none-eabi/lib/thumb/v7-m/nofp/libnosys.a(close.o)
 .debug_line    0x0000e02a      0x13f /usr/lib/gcc/arm-none-eabi/12.2.1/../../../arm-none-eabi/lib/thumb/v7-m/nofp/libnosys.a(fstat.o)
 .debug_line    0x0000e169       0x76 /usr/lib/gcc/arm-none-eabi/12.2.1/../../../arm-none-eabi/lib/thumb/v7-m/nofp/libnosys.a(getpid.o)
 .debug_line    0x0000e1df       0x76 /usr/lib/gcc/arm-none-eabi/12.2.1/../../../arm-none-eabi/lib/thumb/v7-m/nofp/libnosys.a(isatty.o)