Archive member included to satisfy reference by file (symbol)

/usr/lib/gcc/arm-none-eabi/12.2.1/../../../arm-none-eabi/lib/thumb/v6-m/nofp/libc.a(lib_a-atexit.o)
                              /usr/lib/gcc/arm-none-eabi/12.2.1/../../../arm-none-eabi/lib/thumb/v6-m/nofp/crt0.o (atexit)
/usr/lib/gcc/arm-none-eabi/12.2.1/../../../arm-none-eabi/lib/thumb/v6-m/nofp/libc.a(lib_a-exit.o)
                              /usr/lib/gcc/arm-none-eabi/12.2.1/../../../arm-none-eabi/lib/thumb/v6-m/nofp/crt0.o (exit)
/usr/lib/gcc/arm-none-eabi/12.2.1/../../../arm-none-eabi/lib/thumb/v6-m/nofp/libc.a(lib_a-fini.o)
                              /usr/lib/gcc/arm-none-eabi/12.2.1/../../../arm-none-eabi/lib/thumb/v6-m/nofp/crt0.o (__libc_fini_array)
/usr/lib/gcc/arm-none-eabi/12.2.1/../../../arm-none-eabi/lib/thumb/v6-m/nofp/libc.a(lib_a-impure.o)
                              /usr/lib/gcc/arm-none-eabi/12.2.1/../../../arm-none-eabi/lib/thumb/v6-m/nofp/libc.a(lib_a-exit.o) (_global_impure_ptr)
/usr/lib/gcc/arm-none-eabi/12.2.1/../../../arm-none-eabi/lib/thumb/v6-m/nofp/libc.a(lib_a-init.o)
                              /usr/lib/gcc/arm-none-eabi/12.2.1/../../../arm-none-eabi/lib/thumb/v6-m/nofp/crt0.o (__libc_init_array)
/usr/lib/gcc/arm-none-eabi/12.2.1/../../../arm-none-eabi/lib/thumb/v6-m/nofp/libc.a(lib_a-memcpy-stub.o)
                              main.vwo (memcpy)
/usr/lib/gcc/arm-none-eabi/12.2.1/../../../arm-none-eabi/lib/thumb/v6-m/nofp/libc.a(lib_a-memmove.o)
                              vw_nc03/fw/hw_can.vwo (memmove)
/usr/lib/gcc/arm-none-eabi/12.2.1/../../../arm-none-eabi/lib/thumb/v6-m/nofp/libc.a(lib_a-memset.o)
                              /usr/lib/gcc/arm-none-eabi/12.2.1/../../../arm-none-eabi/lib/thumb/v6-m/nofp/crt0.o (memset)
/usr/lib/gcc/arm-none-eabi/12.2.1/../../../arm-none-eabi/lib/thumb/v6-m/nofp/libc.a(lib_a-snprintf.o)
                              main.vwo (snprintf)
/usr/lib/gcc/arm-none-eabi/12.2.1/../../../arm-none-eabi/lib/thumb/v6-m/nofp/libc.a(lib_a-strcpy.o)
                              main.vwo (strcpy)
/usr/lib/gcc/arm-none-eabi/12.2.1/../../../arm-none-eabi/lib/thumb/v6-m/nofp/libc.a(lib_a-strlen-stub.o)
                              main.vwo (strlen)
/usr/lib/gcc/arm-none-eabi/12.2.1/../../../arm-none-eabi/lib/thumb/v6-m/nofp/libc.a(lib_a-svfprintf.o)
                              /usr/lib/gcc/arm-none-eabi/12.2.1/../../../arm-none-eabi/lib/thumb/v6-m/nofp/libc.a(lib_a-snprintf.o) (_svfprintf_r)
/usr/lib/gcc/arm-none-eabi/12.2.1/../../../arm-none-eabi/lib/thumb/v6-m/nofp/libc.a(lib_a-__atexit.o)
                              /usr/lib/gcc/arm-none-eabi/12.2.1/../../../arm-none-eabi/lib/thumb/v6-m/nofp/libc.a(lib_a-atexit.o) (__register_exitproc)
/usr/lib/gcc/arm-none-eabi/12.2.1/../../../arm-none-eabi/lib/thumb/v6-m/nofp/libc.a(lib_a-__call_atexit.o)
                              /usr/lib/gcc/arm-none-eabi/12.2.1/../../../arm-none-eabi/lib/thumb/v6-m/nofp/libc.a(lib_a-exit.o) (__call_exitprocs)
/usr/lib/gcc/arm-none-eabi/12.2.1/../../../arm-none-eabi/lib/thumb/v6-m/nofp/libc.a(lib_a-dtoa.o)
                              /usr/lib/gcc/arm-none-eabi/12.2.1/../../../arm-none-eabi/lib/thumb/v6-m/nofp/libc.a(lib_a-svfprintf.o) (_dtoa_r)
/usr/lib/gcc/arm-none-eabi/12.2.1/../../../arm-none-eabi/lib/thumb/v6-m/nofp/libc.a(lib_a-localeconv.o)
                              /usr/lib/gcc/arm-none-eabi/12.2.1/../../../arm-none-eabi/lib/thumb/v6-m/nofp/libc.a(lib_a-svfprintf.o) (_localeconv_r)
/usr/lib/gcc/arm-none-eabi/12.2.1/../../../arm-none-eabi/lib/thumb/v6-m/nofp/libc.a(lib_a-mallocr.o)
                              /usr/lib/gcc/arm-none-eabi/12.2.1/../../../arm-none-eabi/lib/thumb/v6-m/nofp/libc.a(lib_a-svfprintf.o) (_malloc_r)
/usr/lib/gcc/arm-none-eabi/12.2.1/../../../arm-none-eabi/lib/thumb/v6-m/nofp/libc.a(lib_a-memchr-stub.o)
                              /usr/lib/gcc/arm-none-eabi/12.2.1/../../../arm-none-eabi/lib/thumb/v6-m/nofp/libc.a(lib_a-svfprintf.o) (memchr)
/usr/lib/gcc/arm-none-eabi/12.2.1/../../../arm-none-eabi/lib/thumb/v6-m/nofp/libc.a(lib_a-mlock.o)
                              /usr/lib/gcc/arm-none-eabi/12.2.1/../../../arm-none-eabi/lib/thumb/v6-m/nofp/libc.a(lib_a-mallocr.o) (__malloc_lock)
/usr/lib/gcc/arm-none-eabi/12.2.1/../../../arm-none-eabi/lib/thumb/v6-m/nofp/libc.a(lib_a-mprec.o)
                              /usr/lib/gcc/arm-none-eabi/12.2.1/../../../arm-none-eabi/lib/thumb/v6-m/nofp/libc.a(lib_a-dtoa.o) (_Balloc)
/usr/lib/gcc/arm-none-eabi/12.2.1/../../../arm-none-eabi/lib/thumb/v6-m/nofp/libc.a(lib_a-svfiprintf.o)
                              /usr/lib/gcc/arm-none-eabi/12.2.1/../../../arm-none-eabi/lib/thumb/v6-m/nofp/libc.a(lib_a-svfprintf.o) (__ssprint_r)
/usr/lib/gcc/arm-none-eabi/12.2.1/../../../arm-none-eabi/lib/thumb/v6-m/nofp/libc.a(lib_a-assert.o)
                              /usr/lib/gcc/arm-none-eabi/12.2.1/../../../arm-none-eabi/lib/thumb/v6-m/nofp/libc.a(lib_a-dtoa.o) (__assert_func)
[...]
Memory Configuration

Name             Origin             Length             Attributes
FLASH            0x00000000         0x00011000         xr
RAM              0x20000000         0x00002000         xrw
*default*        0x00000000         0xffffffff

Linker script and memory map

LOAD /usr/lib/gcc/arm-none-eabi/12.2.1/thumb/v6-m/nofp/crti.o
LOAD /usr/lib/gcc/arm-none-eabi/12.2.1/thumb/v6-m/nofp/crtbegin.o
LOAD /usr/lib/gcc/arm-none-eabi/12.2.1/../../../arm-none-eabi/lib/thumb/v6-m/nofp/crt0.o
LOAD main.vwo
LOAD canbox.vwo
LOAD ring.vwo
LOAD conf.vwo
LOAD car.vwo
LOAD tick.vwo
LOAD hw.vwo
LOAD sbrk.vwo
LOAD vw_nc03/fw/hw_clock.vwo
LOAD vw_nc03/fw/hw_can.vwo
LOAD vw_nc03/fw/hw_gpio.vwo
LOAD vw_nc03/fw/hw_tick.vwo
LOAD vw_nc03/fw/hw_usart.vwo
LOAD vw_nc03/fw/hw_sleep.vwo
LOAD vw_nc03/fw/hw_conf.vwo
LOAD vw_nc03/fw/nuc131bsp/Library/StdDriver/src/sys.vwo
LOAD vw_nc03/fw/nuc131bsp/Library/StdDriver/src/clk.vwo
LOAD vw_nc03/fw/nuc131bsp/Library/StdDriver/src/gpio.vwo
LOAD vw_nc03/fw/nuc131bsp/Library/StdDriver/src/uart.vwo
LOAD vw_nc03/fw/nuc131bsp/Library/StdDriver/src/can.vwo
LOAD vw_nc03/fw/nuc131bsp/Library/StdDriver/src/fmc.vwo
LOAD vw_nc03/fw/nuc131bsp/Library/Device/Nuvoton/NUC131/Source/system_NUC131.vwo
LOAD vw_nc03/fw/nuc131bsp/Library/Device/Nuvoton/NUC131/Source/GCC/startup_NUC131.o
LOAD /usr/lib/gcc/arm-none-eabi/12.2.1/../../../arm-none-eabi/lib/thumb/v6-m/nofp/libc.a
LOAD /usr/lib/gcc/arm-none-eabi/12.2.1/../../../arm-none-eabi/lib/thumb/v6-m/nofp/libm.a
START GROUP
LOAD /usr/lib/gcc/arm-none-eabi/12.2.1/thumb/v6-m/nofp/libgcc.a
LOAD /usr/lib/gcc/arm-none-eabi/12.2.1/../../../arm-none-eabi/lib/thumb/v6-m/nofp/libc.a
END GROUP
LOAD /usr/lib/gcc/arm-none-eabi/12.2.1/thumb/v6-m/nofp/crtend.o
LOAD /usr/lib/gcc/arm-none-eabi/12.2.1/thumb/v6-m/nofp/crtn.o
START GROUP
LOAD /usr/lib/gcc/arm-none-eabi/12.2.1/thumb/v6-m/nofp/libgcc.a
LOAD /usr/lib/gcc/arm-none-eabi/12.2.1/../../../arm-none-eabi/lib/thumb/v6-m/nofp/libc.a
LOAD /usr/lib/gcc/arm-none-eabi/12.2.1/../../../arm-none-eabi/lib/thumb/v6-m/nofp/libm.a
LOAD /usr/lib/gcc/arm-none-eabi/12.2.1/../../../arm-none-eabi/lib/thumb/v6-m/nofp/libnosys.a
END GROUP

.text           0x00000000     0xf844
 *(.vectors)
 .vectors       0x00000000       0xc0 vw_nc03/fw/nuc131bsp/Library/Device/Nuvoton/NUC131/Source/GCC/startup_NUC131.o
                0x00000000                __Vectors
                0x000000c0                        __Vectors_End = .
                0x000000c0                        __Vectors_Size = (__Vectors_End - __Vectors)
                0x20001780                        __end__ = .
 *(.text*)
 .text          0x000000c0       0x98 /usr/lib/gcc/arm-none-eabi/12.2.1/thumb/v6-m/nofp/crtbegin.o
 .text          0x00000158       0x74 /usr/lib/gcc/arm-none-eabi/12.2.1/../../../arm-none-eabi/lib/thumb/v6-m/nofp/crt0.o
                0x00000158                _stack_init
                0x00000164                _mainCRTStartup
                0x00000164                _start
 .text.clr_rscreen
                0x000001cc       0x34 main.vwo
 .text.print_line
                0x00000200       0x2c main.vwo
 .text.clr_screen
                0x0000022c       0x34 main.vwo
 .text.get_rear_delay_state
                0x00000260       0x2c main.vwo
                0x00000260                get_rear_delay_state
 .text.print_sniffer
                0x0000028c      0x120 main.vwo
                0x0000028c                print_sniffer
 .text.print_debug
                0x000003ac      0x3c8 main.vwo
                0x000003ac                print_debug
 .text.startup.main
                0x00000774      0x2fc main.vwo
                0x00000774                main
 .text.snd_canbox_msg
                0x00000a70       0x4e canbox.vwo
 .text.snd_canbox_hiworld_msg
                0x00000abe       0x52 canbox.vwo
 .text.canbox_raise_vw_radar_process
                0x00000b10      0x2a8 canbox.vwo
                0x00000b10                canbox_raise_vw_radar_process
 .text.canbox_raise_vw_wheel_process
                0x00000db8       0x7c canbox.vwo
                0x00000db8                canbox_raise_vw_wheel_process
 .text.canbox_raise_vw_door_process
                0x00000e34       0xba canbox.vwo
                0x00000e34                canbox_raise_vw_door_process
 *fill*         0x00000eee        0x2 
 .text.canbox_raise_vw_vehicle_info
                0x00000ef0       0xa0 canbox.vwo
                0x00000ef0                canbox_raise_vw_vehicle_info
 .text.canbox_raise_vw_ac_process
                0x00000f90      0x230 canbox.vwo
                0x00000f90                canbox_raise_vw_ac_process
 .text.canbox_raise_vw_mqb_door_process
                0x000011c0       0x7e canbox.vwo
                0x000011c0                canbox_raise_vw_mqb_door_process
 *fill*         0x0000123e        0x2 
 .text.canbox_hiworld_vw_mqb_wheel_process
                0x00001240       0xa0 canbox.vwo
                0x00001240                canbox_hiworld_vw_mqb_wheel_process
 .text.canbox_hiworld_vw_mqb_radar_process
                0x000012e0      0x1a0 canbox.vwo
                0x000012e0                canbox_hiworld_vw_mqb_radar_process
 .text.canbox_hiworld_vw_mqb_door_process
                0x00001480       0x72 canbox.vwo
                0x00001480                canbox_hiworld_vw_mqb_door_process
 .text.canbox_inc_volume
                0x000014f2       0x38 canbox.vwo
                0x000014f2                canbox_inc_volume
 .text.canbox_dec_volume
                0x0000152a       0x38 canbox.vwo
                0x0000152a                canbox_dec_volume
 .text.canbox_prev
                0x00001562       0x4e canbox.vwo
                0x00001562                canbox_prev
 .text.canbox_next
                0x000015b0       0x4e canbox.vwo
                0x000015b0                canbox_next
 .text.canbox_mode
                0x000015fe       0x38 canbox.vwo
                0x000015fe                canbox_mode
 .text.canbox_cont
                0x00001636       0x38 canbox.vwo
                0x00001636                canbox_cont
 .text.canbox_mici
                0x0000166e       0x38 canbox.vwo
                0x0000166e                canbox_mici
 *fill*         0x000016a6        0x2 
 .text.canbox_cmd_process
                0x000016a8       0xdc canbox.vwo
                0x000016a8                canbox_cmd_process
 .text.canbox_process
                0x00001784       0x74 canbox.vwo
                0x00001784                canbox_process
 .text.canbox_park_process
                0x000017f8       0x4c canbox.vwo
                0x000017f8                canbox_park_process
 .text.ring_init
                0x00001844        0xe ring.vwo
                0x00001844                ring_init
 .text.ring_write_ch
                0x00001852       0x3a ring.vwo
                0x00001852                ring_write_ch
 .text.ring_write
                0x0000188c       0x24 ring.vwo
                0x0000188c                ring_write
 .text.ring_read_ch
                0x000018b0       0x28 ring.vwo
                0x000018b0                ring_read_ch
 .text.conf_write
                0x000018d8       0x90 conf.vwo
                0x000018d8                conf_write
 .text.conf_read
                0x00001968       0xb0 conf.vwo
                0x00001968                conf_read
 .text.conf_get_car
                0x00001a18        0xc conf.vwo
                0x00001a18                conf_get_car
 .text.conf_set_car
                0x00001a24       0x10 conf.vwo
                0x00001a24                conf_set_car
 .text.conf_get_illum
                0x00001a34        0xc conf.vwo
                0x00001a34                conf_get_illum
 .text.conf_set_illum
                0x00001a40       0x10 conf.vwo
                0x00001a40                conf_set_illum
 .text.conf_get_rear_delay
                0x00001a50        0xc conf.vwo
                0x00001a50                conf_get_rear_delay
 .text.conf_set_rear_delay
                0x00001a5c       0x14 conf.vwo
                0x00001a5c                conf_set_rear_delay
 .text.conf_get_canbox
                0x00001a70        0xc conf.vwo
                0x00001a70                conf_get_canbox
 .text.conf_set_canbox
                0x00001a7c       0x10 conf.vwo
                0x00001a7c                conf_set_canbox
 .text.conf_get_idx
                0x00001a8c        0xc conf.vwo
                0x00001a8c                conf_get_idx
 .text.in_process
                0x00001a98       0xa2 car.vwo
 .text.is_timeout
                0x00001b3a       0x14 car.vwo
                0x00001b3a                is_timeout
 *fill*         0x00001b4e        0x2 
 .text.anymsg_handler
                0x00001b50       0x1c car.vwo
 .text.lr2_2013my_ms_4a6_handler
                0x00001b6c      0x174 car.vwo
 .text.lr2_2013my_ms_b8_handler
                0x00001ce0       0x78 car.vwo
 .text.lr2_2013my_ms_10_handler
                0x00001d58       0x44 car.vwo
 .text.xc90_2007my_ms_acc_handler
                0x00001d9c       0x30 car.vwo
 .text.xc90_2007my_ms_gear_handler
                0x00001dcc       0x34 car.vwo
 .text.xc90_2007my_ms_lsm1_handler
                0x00001e00       0x40 car.vwo
 .text.xc90_2007my_ms_wheel_handler
                0x00001e40       0x50 car.vwo
 .text.xc90_2007my_ms_swm_handler
                0x00001e90       0x64 car.vwo
 .text.skoda_fabia_ms_swm_handler
                0x00001ef4        0x8 car.vwo
 .text.xc90_2007my_ms_lsm0_handler
                0x00001efc       0x38 car.vwo
 .text.skoda_fabia_ms_taho_handler
                0x00001f34       0x24 car.vwo
 .text.skoda_fabia_ms_aircon_handler
                0x00001f58       0x20 car.vwo
 .text.skoda_fabia_ms_acc_handler
                0x00001f78       0x38 car.vwo
 .text.skoda_fabia_ms_gear_handler
                0x00001fb0       0x3c car.vwo
 .text.skoda_fabia_ms_park_handler
                0x00001fec       0x20 car.vwo
 .text.skoda_fabia_ms_wheel_handler
                0x0000200c       0x20 car.vwo
 .text.skoda_fabia_ms_illum_handler
                0x0000202c       0x28 car.vwo
 .text.toyota_premio_26x_ms_temp_handler
                0x00002054       0x20 car.vwo
 .text.toyota_premio_26x_ms_tacho_handler
                0x00002074       0x30 car.vwo
 .text.toyota_premio_26x_ms_odometer
                0x000020a4       0x28 car.vwo
 .text.toyota_premio_26x_ms_drive_mode_handler
                0x000020cc       0x4c car.vwo
 .text.toyota_premio_26x_ms_light_handler
                0x00002118       0x50 car.vwo
 .text.toyota_premio_26x_ms_ign_brake_doors_handler
                0x00002168       0x94 car.vwo
 .text.toyota_premio_26x_ms_speed_handler
                0x000021fc       0x30 car.vwo
 .text.toyota_premio_26x_ms_wheel_handler
                0x0000222c       0x6c car.vwo
 .text.mercedes_w203_2005my_ms_02FF_handler
                0x00002298       0x58 car.vwo
 .text.mercedes_w203_2005my_ms_000A_handler
                0x000022f0       0x34 car.vwo
 .text.mercedes_w203_2005my_ms_0006_handler
                0x00002324       0x50 car.vwo
 .text.mercedes_w203_2005my_ms_0194_handler
                0x00002374       0x1c car.vwo
 .text.mercedes_w203_2005my_ms_01CA_handler
                0x00002390       0xc0 car.vwo
 .text.mercedes_w203_2005my_ms_0003_handler
                0x00002450       0x3c car.vwo
 .text.mercedes_w203_2005my_ms_0004_handler
                0x0000248c       0x6c car.vwo
 .text.mercedes_w203_2005my_ms_0000_handler
                0x000024f8       0x2c car.vwo
 .text.q3_2015_ms_3E3_handler
                0x00002524       0x54 car.vwo
 .text.q3_2015_ms_3E1_handler
                0x00002578       0x38 car.vwo
 .text.q3_2015_ms_6DA_handler
                0x000025b0      0x1c4 car.vwo
 .text.q3_2015_ms_621_handler
                0x00002774       0x5c car.vwo
 .text.q3_2015_ms_35b_handler
                0x000027d0       0x54 car.vwo
 .text.q3_2015_ms_3c3_handler
                0x00002824       0x50 car.vwo
 .text.q3_2015_ms_635_handler
                0x00002874       0x40 car.vwo
 .text.q3_2015_ms_5BF_handler
                0x000028b4      0x128 car.vwo
 .text.q3_2015_ms_359_handler
                0x000029dc       0x64 car.vwo
 .text.q3_2015_ms_470_handler
                0x00002a40       0x70 car.vwo
 .text.q3_2015_ms_571_handler
                0x00002ab0       0x44 car.vwo
 .text.q3_2015_ms_65D_handler
                0x00002af4       0x2c car.vwo
 .text.q3_2015_ms_65F_handler
                0x00002b20       0x4c car.vwo
 .text.mercedes_w203_2005my_ms_00B2_handler
                0x00002b6c        0x8 car.vwo
 .text.q3_2015_ms_2c3_handler
                0x00002b74       0x2c car.vwo
 .text.lr2_2007my_ms_405_handler
                0x00002ba0       0x4c car.vwo
 .text.lr2_2013my_ms_405_handler
                0x00002bec        0x8 car.vwo
 .text.lr2_2007my_ms_2a0_handler
                0x00002bf4       0x44 car.vwo
 .text.lr2_2007my_ms_188_handler
                0x00002c38      0x174 car.vwo
 .text.lr2_2007my_ms_110_handler
                0x00002dac       0x3c car.vwo
 .text.lr2_2007my_ms_fd_handler
                0x00002de8       0x30 car.vwo
 .text.lr2_2007my_ms_7e_handler
                0x00002e18       0x60 car.vwo
 .text.lr2_2007my_ms_6c_handler
                0x00002e78       0x44 car.vwo
 .text.xc90_2007my_ms_rem_handler
                0x00002ebc       0xd4 car.vwo
 .text.skoda_fabia_ms_rem_handler
                0x00002f90       0xd0 car.vwo
 .text.car_get_next_car
                0x00003060       0x14 car.vwo
                0x00003060                car_get_next_car
 .text.car_init
                0x00003074       0x60 car.vwo
                0x00003074                car_init
 .text.car_get_car
                0x000030d4        0xc car.vwo
                0x000030d4                car_get_car
 .text.car_process
                0x000030e0       0x78 car.vwo
                0x000030e0                car_process
 .text.car_get_acc
                0x00003158       0x10 car.vwo
                0x00003158                car_get_acc
 .text.car_get_ign
                0x00003168       0x10 car.vwo
                0x00003168                car_get_ign
 .text.car_get_illum
                0x00003178       0x10 car.vwo
                0x00003178                car_get_illum
 .text.car_get_park_lights
                0x00003188       0x10 car.vwo
                0x00003188                car_get_park_lights
 .text.car_get_near_lights
                0x00003198       0x10 car.vwo
                0x00003198                car_get_near_lights
 .text.car_get_radar
                0x000031a8       0x10 car.vwo
                0x000031a8                car_get_radar
 .text.car_get_wheel
                0x000031b8       0x10 car.vwo
                0x000031b8                car_get_wheel
 .text.car_get_vin
                0x000031c8       0x38 car.vwo
                0x000031c8                car_get_vin
 .text.car_get_odometer
                0x00003200        0xc car.vwo
                0x00003200                car_get_odometer
 .text.car_get_selector
                0x0000320c        0xc car.vwo
                0x0000320c                car_get_selector
 .text.car_get_door_fl
                0x00003218       0x10 car.vwo
                0x00003218                car_get_door_fl
 .text.car_get_door_fr
                0x00003228       0x10 car.vwo
                0x00003228                car_get_door_fr
 .text.car_get_door_rl
                0x00003238       0x10 car.vwo
                0x00003238                car_get_door_rl
 .text.car_get_door_rr
                0x00003248       0x10 car.vwo
                0x00003248                car_get_door_rr
 .text.car_get_bonnet
                0x00003258       0x10 car.vwo
                0x00003258                car_get_bonnet
 .text.car_get_tailgate
                0x00003268       0x10 car.vwo
                0x00003268                car_get_tailgate
 .text.car_get_park_break
                0x00003278       0x10 car.vwo
                0x00003278                car_get_park_break
 .text.car_get_low_washer
                0x00003288       0x10 car.vwo
                0x00003288                car_get_low_washer
 .text.car_get_ds_belt
                0x00003298       0x10 car.vwo
                0x00003298                car_get_ds_belt
 .text.car_get_taho
                0x000032a8        0xc car.vwo
                0x000032a8                car_get_taho
 .text.car_get_speed
                0x000032b4        0xc car.vwo
                0x000032b4                car_get_speed
 .text.car_get_voltage
                0x000032c0        0xc car.vwo
                0x000032c0                car_get_voltage
 .text.car_get_temp
                0x000032cc        0xc car.vwo
                0x000032cc                car_get_temp
 .text.car_get_low_voltage
                0x000032d8       0x10 car.vwo
                0x000032d8                car_get_low_voltage
 .text.car_get_low_fuel_level
                0x000032e8       0x10 car.vwo
                0x000032e8                car_get_low_fuel_level
 .text.car_get_air_ac
                0x000032f8       0x10 car.vwo
                0x000032f8                car_get_air_ac
 .text.car_get_air_ac_max
                0x00003308       0x10 car.vwo
                0x00003308                car_get_air_ac_max
 .text.car_get_air_recycling
                0x00003318       0x10 car.vwo
                0x00003318                car_get_air_recycling
 .text.car_get_air_recycling_max
                0x00003328       0x10 car.vwo
                0x00003328                car_get_air_recycling_max
 .text.car_get_air_recycling_min
                0x00003338       0x10 car.vwo
                0x00003338                car_get_air_recycling_min
 .text.car_get_air_dual
                0x00003348       0x10 car.vwo
                0x00003348                car_get_air_dual
 .text.car_get_air_rear
                0x00003358       0x10 car.vwo
                0x00003358                car_get_air_rear
 .text.car_get_air_rear_lock
                0x00003368       0x10 car.vwo
                0x00003368                car_get_air_rear_lock
 .text.car_get_air_aqs
                0x00003378       0x10 car.vwo
                0x00003378                car_get_air_aqs
 .text.car_get_air_wind
                0x00003388       0x10 car.vwo
                0x00003388                car_get_air_wind
 .text.car_get_air_middle
                0x00003398       0x10 car.vwo
                0x00003398                car_get_air_middle
 .text.car_get_air_floor
                0x000033a8       0x10 car.vwo
                0x000033a8                car_get_air_floor
 .text.car_get_air_powerfull
                0x000033b8       0x10 car.vwo
                0x000033b8                car_get_air_powerfull
 .text.car_get_air_fanspeed
                0x000033c8       0x10 car.vwo
                0x000033c8                car_get_air_fanspeed
 .text.car_get_air_l_temp
                0x000033d8       0x10 car.vwo
                0x000033d8                car_get_air_l_temp
 .text.car_get_air_r_temp
                0x000033e8       0x10 car.vwo
                0x000033e8                car_get_air_r_temp
 .text.car_get_air_l_seat
                0x000033f8       0x10 car.vwo
                0x000033f8                car_get_air_l_seat
 .text.car_get_air_r_seat
                0x00003408       0x10 car.vwo
                0x00003408                car_get_air_r_seat
 .text.hw_systick_callback
                0x00003418       0x90 tick.vwo
                0x00003418                hw_systick_callback
 .text.hw_setup
                0x000034a8       0x44 hw.vwo
                0x000034a8                hw_setup
 .text.hw_sleep
                0x000034ec       0x24 hw.vwo
                0x000034ec                hw_sleep
 .text.__local_ram
                0x00003510       0x14 sbrk.vwo
                0x00003510                local_heap_setup
 .text._sbrk_r  0x00003524       0x38 sbrk.vwo
                0x00003524                _sbrk_r
 .text.SYS_Init
                0x0000355c       0x24 vw_nc03/fw/hw_clock.vwo
                0x0000355c                SYS_Init
 .text.hw_clock_setup
                0x00003580       0x28 vw_nc03/fw/hw_clock.vwo
                0x00003580                hw_clock_setup
 .text.hw_can_get_mscan
                0x000035a8        0x8 vw_nc03/fw/hw_can.vwo
                0x000035a8                hw_can_get_mscan
 .text.hw_can_rcv_msg
                0x000035b0       0x94 vw_nc03/fw/hw_can.vwo
                0x000035b0                hw_can_rcv_msg
 .text.CAN0_IRQHandler
                0x00003644       0x7c vw_nc03/fw/hw_can.vwo
                0x00003644                CAN0_IRQHandler
 .text.hw_can_get_msg_nums
                0x000036c0        0xc vw_nc03/fw/hw_can.vwo
                0x000036c0                hw_can_get_msg_nums
 .text.hw_can_get_pack_nums
                0x000036cc        0x4 vw_nc03/fw/hw_can.vwo
                0x000036cc                hw_can_get_pack_nums
 .text.hw_can_get_msg
                0x000036d0       0x28 vw_nc03/fw/hw_can.vwo
                0x000036d0                hw_can_get_msg
 .text.hw_can_setup
                0x000036f8       0xec vw_nc03/fw/hw_can.vwo
                0x000036f8                hw_can_setup
 .text.hw_can_set_speed
                0x000037e4       0x18 vw_nc03/fw/hw_can.vwo
                0x000037e4                hw_can_set_speed
 .text.hw_can_disable
                0x000037fc       0x18 vw_nc03/fw/hw_can.vwo
                0x000037fc                hw_can_disable
 .text.hw_can_clr
                0x00003814       0x10 vw_nc03/fw/hw_can.vwo
                0x00003814                hw_can_clr
 .text.hw_can_sleep
                0x00003824       0x38 vw_nc03/fw/hw_can.vwo
                0x00003824                hw_can_sleep
 .text.GPCDEF_IRQHandler
                0x0000385c       0x2c vw_nc03/fw/hw_can.vwo
                0x0000385c                GPCDEF_IRQHandler
 .text.hw_gpio_set
                0x00003888        0xc vw_nc03/fw/hw_gpio.vwo
                0x00003888                hw_gpio_set
 .text.hw_gpio_clr
                0x00003894        0xc vw_nc03/fw/hw_gpio.vwo
                0x00003894                hw_gpio_clr
 .text.hw_gpio_set_float
                0x000038a0        0xc vw_nc03/fw/hw_gpio.vwo
                0x000038a0                hw_gpio_set_float
 .text.hw_gpio_setup
                0x000038ac       0x3c vw_nc03/fw/hw_gpio.vwo
                0x000038ac                hw_gpio_setup
 .text.hw_gpio_disable
                0x000038e8       0x2c vw_nc03/fw/hw_gpio.vwo
                0x000038e8                hw_gpio_disable
 .text.hw_gpio_rear_on
                0x00003914       0x10 vw_nc03/fw/hw_gpio.vwo
                0x00003914                hw_gpio_rear_on
 .text.hw_gpio_rear_off
                0x00003924       0x10 vw_nc03/fw/hw_gpio.vwo
                0x00003924                hw_gpio_rear_off
 .text.hw_gpio_acc_on
                0x00003934       0x10 vw_nc03/fw/hw_gpio.vwo
                0x00003934                hw_gpio_acc_on
 .text.hw_gpio_acc_off
                0x00003944       0x10 vw_nc03/fw/hw_gpio.vwo
                0x00003944                hw_gpio_acc_off
 .text.hw_gpio_ill_on
                0x00003954       0x10 vw_nc03/fw/hw_gpio.vwo
                0x00003954                hw_gpio_ill_on
 .text.hw_gpio_ill_off
                0x00003964       0x10 vw_nc03/fw/hw_gpio.vwo
                0x00003964                hw_gpio_ill_off
 .text.hw_systick_setup
                0x00003974       0x10 vw_nc03/fw/hw_tick.vwo
                0x00003974                hw_systick_setup
 .text.hw_systick_disable
                0x00003984        0x8 vw_nc03/fw/hw_tick.vwo
                0x00003984                hw_systick_disable
 .text.SysTick_Handler
                0x0000398c        0x8 vw_nc03/fw/hw_tick.vwo
                0x0000398c                SysTick_Handler
 .text.hw_usart_write
                0x00003994       0x18 vw_nc03/fw/hw_usart.vwo
                0x00003994                hw_usart_write
 .text.hw_usart_read_ch
                0x000039ac        0xa vw_nc03/fw/hw_usart.vwo
                0x000039ac                hw_usart_read_ch
 *fill*         0x000039b6        0x2 
 .text.hw_usart_get
                0x000039b8        0x8 vw_nc03/fw/hw_usart.vwo
                0x000039b8                hw_usart_get
 .text.usart_isr
                0x000039c0       0x60 vw_nc03/fw/hw_usart.vwo
                0x000039c0                usart_isr
 .text.UART02_IRQHandler
                0x00003a20       0x10 vw_nc03/fw/hw_usart.vwo
                0x00003a20                UART02_IRQHandler
 .text.hw_usart_disable
                0x00003a30       0x24 vw_nc03/fw/hw_usart.vwo
                0x00003a30                hw_usart_disable
 .text.hw_usart_setup
                0x00003a54       0x58 vw_nc03/fw/hw_usart.vwo
                0x00003a54                hw_usart_setup
 .text.hw_cpu_sleep
                0x00003aac        0x8 vw_nc03/fw/hw_sleep.vwo
                0x00003aac                hw_cpu_sleep
 .text.SYS_UnlockReg
                0x00003ab4       0x20 vw_nc03/fw/hw_conf.vwo
 .text.FMC_Erase.isra.0
                0x00003ad4       0x2c vw_nc03/fw/hw_conf.vwo
 .text.hw_conf_get_addr
                0x00003b00        0x6 vw_nc03/fw/hw_conf.vwo
                0x00003b00                hw_conf_get_addr
 .text.hw_conf_get_sz
                0x00003b06        0x6 vw_nc03/fw/hw_conf.vwo
                0x00003b06                hw_conf_get_sz
 .text.hw_conf_read_word
                0x00003b0c       0x20 vw_nc03/fw/hw_conf.vwo
                0x00003b0c                hw_conf_read_word
 .text.hw_conf_unlock
                0x00003b2c        0xc vw_nc03/fw/hw_conf.vwo
                0x00003b2c                hw_conf_unlock
 .text.hw_conf_lock
                0x00003b38       0x14 vw_nc03/fw/hw_conf.vwo
                0x00003b38                hw_conf_lock
 .text.hw_conf_erase
                0x00003b4c       0x1c vw_nc03/fw/hw_conf.vwo
                0x00003b4c                hw_conf_erase
 .text.hw_conf_write_word
                0x00003b68       0x20 vw_nc03/fw/hw_conf.vwo
                0x00003b68                hw_conf_write_word
 .text.hw_conf_setup
                0x00003b88       0x60 vw_nc03/fw/hw_conf.vwo
                0x00003b88                hw_conf_setup
 .text.SYS_ResetChip
                0x00003be8        0xe vw_nc03/fw/nuc131bsp/Library/StdDriver/src/sys.vwo
                0x00003be8                SYS_ResetChip
 *fill*         0x00003bf6        0x2 
 .text.SYS_ResetModule
                0x00003bf8       0x20 vw_nc03/fw/nuc131bsp/Library/StdDriver/src/sys.vwo
                0x00003bf8                SYS_ResetModule
 .text.CLK_PowerDown
                0x00003c18       0x24 vw_nc03/fw/nuc131bsp/Library/StdDriver/src/clk.vwo
                0x00003c18                CLK_PowerDown
 .text.CLK_GetPCLKFreq
                0x00003c3c       0x10 vw_nc03/fw/nuc131bsp/Library/StdDriver/src/clk.vwo
                0x00003c3c                CLK_GetPCLKFreq
 .text.CLK_SetHCLK
                0x00003c4c       0x4c vw_nc03/fw/nuc131bsp/Library/StdDriver/src/clk.vwo
                0x00003c4c                CLK_SetHCLK
 .text.CLK_SetModuleClock
                0x00003c98       0x68 vw_nc03/fw/nuc131bsp/Library/StdDriver/src/clk.vwo
                0x00003c98                CLK_SetModuleClock
 .text.CLK_EnableXtalRC
                0x00003d00       0x10 vw_nc03/fw/nuc131bsp/Library/StdDriver/src/clk.vwo
                0x00003d00                CLK_EnableXtalRC
 .text.CLK_EnableModuleClock
                0x00003d10       0x34 vw_nc03/fw/nuc131bsp/Library/StdDriver/src/clk.vwo
                0x00003d10                CLK_EnableModuleClock
 .text.CLK_DisableModuleClock
                0x00003d44       0x34 vw_nc03/fw/nuc131bsp/Library/StdDriver/src/clk.vwo
                0x00003d44                CLK_DisableModuleClock
 .text.CLK_WaitClockReady
                0x00003d78       0x24 vw_nc03/fw/nuc131bsp/Library/StdDriver/src/clk.vwo
                0x00003d78                CLK_WaitClockReady
 .text.CLK_EnablePLL
                0x00003d9c      0x1a8 vw_nc03/fw/nuc131bsp/Library/StdDriver/src/clk.vwo
                0x00003d9c                CLK_EnablePLL
 .text.CLK_SetCoreClock
                0x00003f44       0x80 vw_nc03/fw/nuc131bsp/Library/StdDriver/src/clk.vwo
                0x00003f44                CLK_SetCoreClock
 .text.CLK_EnableSysTick
                0x00003fc4       0x3c vw_nc03/fw/nuc131bsp/Library/StdDriver/src/clk.vwo
                0x00003fc4                CLK_EnableSysTick
 .text.CLK_DisableSysTick
                0x00004000        0xc vw_nc03/fw/nuc131bsp/Library/StdDriver/src/clk.vwo
                0x00004000                CLK_DisableSysTick
 .text.GPIO_SetMode
                0x0000400c       0x2c vw_nc03/fw/nuc131bsp/Library/StdDriver/src/gpio.vwo
                0x0000400c                GPIO_SetMode
 .text.CLK_GetPLLClockFreq
                0x00004038       0x58 vw_nc03/fw/nuc131bsp/Library/StdDriver/src/uart.vwo
 .text.UART_Close
                0x00004090        0x6 vw_nc03/fw/nuc131bsp/Library/StdDriver/src/uart.vwo
                0x00004090                UART_Close
 *fill*         0x00004096        0x2 
 .text.UART_DisableInt
                0x00004098       0x60 vw_nc03/fw/nuc131bsp/Library/StdDriver/src/uart.vwo
                0x00004098                UART_DisableInt
 .text.UART_EnableInt
                0x000040f8       0x60 vw_nc03/fw/nuc131bsp/Library/StdDriver/src/uart.vwo
                0x000040f8                UART_EnableInt
 .text.UART_Open
                0x00004158       0x90 vw_nc03/fw/nuc131bsp/Library/StdDriver/src/uart.vwo
                0x00004158                UART_Open
 .text.can_update_spt
                0x000041e8       0x4e vw_nc03/fw/nuc131bsp/Library/StdDriver/src/can.vwo
 .text.GetFreeIF
                0x00004236       0x1e vw_nc03/fw/nuc131bsp/Library/StdDriver/src/can.vwo
 .text.CAN_EnterInitMode
                0x00004254       0x12 vw_nc03/fw/nuc131bsp/Library/StdDriver/src/can.vwo
                0x00004254                CAN_EnterInitMode
 .text.CAN_LeaveInitMode
                0x00004266       0x12 vw_nc03/fw/nuc131bsp/Library/StdDriver/src/can.vwo
                0x00004266                CAN_LeaveInitMode
 .text.CAN_IsNewDataReceived
                0x00004278       0x16 vw_nc03/fw/nuc131bsp/Library/StdDriver/src/can.vwo
                0x00004278                CAN_IsNewDataReceived
 *fill*         0x0000428e        0x2 
 .text.CAN_BasicReceiveMsg
                0x00004290       0xa8 vw_nc03/fw/nuc131bsp/Library/StdDriver/src/can.vwo
                0x00004290                CAN_BasicReceiveMsg
 .text.CAN_SetRxMsgObjAndMsk
                0x00004338       0xac vw_nc03/fw/nuc131bsp/Library/StdDriver/src/can.vwo
                0x00004338                CAN_SetRxMsgObjAndMsk
 .text.CAN_ReadMsgObj
                0x000043e4       0xb4 vw_nc03/fw/nuc131bsp/Library/StdDriver/src/can.vwo
                0x000043e4                CAN_ReadMsgObj
 .text.CAN_SetBaudRate
                0x00004498      0x14c vw_nc03/fw/nuc131bsp/Library/StdDriver/src/can.vwo
                0x00004498                CAN_SetBaudRate
 .text.CAN_Open
                0x000045e4       0x1c vw_nc03/fw/nuc131bsp/Library/StdDriver/src/can.vwo
                0x000045e4                CAN_Open
 .text.CAN_EnableInt
                0x00004600       0x20 vw_nc03/fw/nuc131bsp/Library/StdDriver/src/can.vwo
                0x00004600                CAN_EnableInt
 .text.CAN_DisableInt
                0x00004620       0x20 vw_nc03/fw/nuc131bsp/Library/StdDriver/src/can.vwo
                0x00004620                CAN_DisableInt
 .text.CAN_Close
                0x00004640        0xa vw_nc03/fw/nuc131bsp/Library/StdDriver/src/can.vwo
                0x00004640                CAN_Close
 .text.CAN_Receive
                0x0000464a       0x22 vw_nc03/fw/nuc131bsp/Library/StdDriver/src/can.vwo
                0x0000464a                CAN_Receive
 .text.CAN_CLR_INT_PENDING_BIT
                0x0000466c       0x3a vw_nc03/fw/nuc131bsp/Library/StdDriver/src/can.vwo
                0x0000466c                CAN_CLR_INT_PENDING_BIT
 *fill*         0x000046a6        0x2 
 .text.FMC_Close
                0x000046a8       0x10 vw_nc03/fw/nuc131bsp/Library/StdDriver/src/fmc.vwo
                0x000046a8                FMC_Close
 .text.FMC_EnableAPUpdate
                0x000046b8       0x10 vw_nc03/fw/nuc131bsp/Library/StdDriver/src/fmc.vwo
                0x000046b8                FMC_EnableAPUpdate
 .text.FMC_EnableConfigUpdate
                0x000046c8       0x10 vw_nc03/fw/nuc131bsp/Library/StdDriver/src/fmc.vwo
                0x000046c8                FMC_EnableConfigUpdate
 .text.FMC_GetBootSource
                0x000046d8       0x10 vw_nc03/fw/nuc131bsp/Library/StdDriver/src/fmc.vwo
                0x000046d8                FMC_GetBootSource
 .text.FMC_Open
                0x000046e8       0x10 vw_nc03/fw/nuc131bsp/Library/StdDriver/src/fmc.vwo
                0x000046e8                FMC_Open
 .text.FMC_ReadConfig
                0x000046f8       0x38 vw_nc03/fw/nuc131bsp/Library/StdDriver/src/fmc.vwo
                0x000046f8                FMC_ReadConfig
 .text.FMC_WriteConfig
                0x00004730       0x58 vw_nc03/fw/nuc131bsp/Library/StdDriver/src/fmc.vwo
                0x00004730                FMC_WriteConfig
 .text.SystemCoreClockUpdate
                0x00004788       0xa0 vw_nc03/fw/nuc131bsp/Library/Device/Nuvoton/NUC131/Source/system_NUC131.vwo
                0x00004788                SystemCoreClockUpdate
 .text.SystemInit
                0x00004828        0x2 vw_nc03/fw/nuc131bsp/Library/Device/Nuvoton/NUC131/Source/system_NUC131.vwo
                0x00004828                SystemInit
 *fill*         0x0000482a        0x2 
 .text          0x0000482c       0x34 vw_nc03/fw/nuc131bsp/Library/Device/Nuvoton/NUC131/Source/GCC/startup_NUC131.o
                0x0000482c                Reset_Handler
                0x00004854                BRAKE0_IRQHandler
                0x00004854                I2C0_IRQHandler
                0x00004854                HardFault_Handler
                0x00004854                PWM1_IRQHandler
                0x00004854                PendSV_Handler
                0x00004854                NMI_Handler
                0x00004854                I2C1_IRQHandler
                0x00004854                UART1_IRQHandler
                0x00004854                CAN1_IRQHandler
                0x00004854                CKD_IRQHandler
                0x00004854                BRAKE1_IRQHandler
                0x00004854                TMR0_IRQHandler
                0x00004854                RTC_IRQHandler
                0x00004854                PWRWU_IRQHandler
                0x00004854                UART5_IRQHandler
                0x00004854                BPWM1_IRQHandler
                0x00004854                EINT1_IRQHandler
                0x00004854                UART4_IRQHandler
                0x00004854                Default_Handler
                0x00004854                ADC_IRQHandler
                0x00004854                TMR2_IRQHandler
                0x00004854                BPWM0_IRQHandler
                0x00004854                BOD_IRQHandler
                0x00004854                WDT_IRQHandler
                0x00004854                SVC_Handler
                0x00004854                GPAB_IRQHandler
                0x00004854                EINT0_IRQHandler
                0x00004854                PWM0_IRQHandler
                0x00004854                TMR3_IRQHandler
                0x00004854                SPI0_IRQHandler
                0x00004854                UART3_IRQHandler
                0x00004854                TMR1_IRQHandler
 .text          0x00004860       0x10 /usr/lib/gcc/arm-none-eabi/12.2.1/../../../arm-none-eabi/lib/thumb/v6-m/nofp/libc.a(lib_a-atexit.o)
                0x00004860                atexit
 .text          0x00004870       0x20 /usr/lib/gcc/arm-none-eabi/12.2.1/../../../arm-none-eabi/lib/thumb/v6-m/nofp/libc.a(lib_a-exit.o)
                0x00004870                exit
 .text          0x00004890       0x28 /usr/lib/gcc/arm-none-eabi/12.2.1/../../../arm-none-eabi/lib/thumb/v6-m/nofp/libc.a(lib_a-fini.o)
                0x00004890                __libc_fini_array
 .text          0x000048b8       0x44 /usr/lib/gcc/arm-none-eabi/12.2.1/../../../arm-none-eabi/lib/thumb/v6-m/nofp/libc.a(lib_a-init.o)
                0x000048b8                __libc_init_array
 .text          0x000048fc       0xa4 /usr/lib/gcc/arm-none-eabi/12.2.1/../../../arm-none-eabi/lib/thumb/v6-m/nofp/libc.a(lib_a-memcpy-stub.o)
                0x000048fc                memcpy
 .text          0x000049a0       0xac /usr/lib/gcc/arm-none-eabi/12.2.1/../../../arm-none-eabi/lib/thumb/v6-m/nofp/libc.a(lib_a-memmove.o)
                0x000049a0                memmove
 .text          0x00004a4c       0xa8 /usr/lib/gcc/arm-none-eabi/12.2.1/../../../arm-none-eabi/lib/thumb/v6-m/nofp/libc.a(lib_a-memset.o)
                0x00004a4c                memset
 .text          0x00004af4      0x100 /usr/lib/gcc/arm-none-eabi/12.2.1/../../../arm-none-eabi/lib/thumb/v6-m/nofp/libc.a(lib_a-snprintf.o)
                0x00004af4                _snprintf_r
                0x00004b70                snprintf
 .text          0x00004bf4       0x10 /usr/lib/gcc/arm-none-eabi/12.2.1/../../../arm-none-eabi/lib/thumb/v6-m/nofp/libc.a(lib_a-strcpy.o)
                0x00004bf4                strcpy
 .text          0x00004c04       0x5c /usr/lib/gcc/arm-none-eabi/12.2.1/../../../arm-none-eabi/lib/thumb/v6-m/nofp/libc.a(lib_a-strlen-stub.o)
                0x00004c04                strlen
 .text          0x00004c60     0x15f0 /usr/lib/gcc/arm-none-eabi/12.2.1/../../../arm-none-eabi/lib/thumb/v6-m/nofp/libc.a(lib_a-svfprintf.o)
                0x00004c60                _svfprintf_r
 .text          0x00006250       0x88 /usr/lib/gcc/arm-none-eabi/12.2.1/../../../arm-none-eabi/lib/thumb/v6-m/nofp/libc.a(lib_a-__atexit.o)
                0x00006250                __register_exitproc
 .text          0x000062d8       0xe0 /usr/lib/gcc/arm-none-eabi/12.2.1/../../../arm-none-eabi/lib/thumb/v6-m/nofp/libc.a(lib_a-__call_atexit.o)
                0x000062d8                __call_exitprocs
 .text.startup  0x000063b8       0x18 /usr/lib/gcc/arm-none-eabi/12.2.1/../../../arm-none-eabi/lib/thumb/v6-m/nofp/libc.a(lib_a-__call_atexit.o)
 .text          0x000063d0     0x1104 /usr/lib/gcc/arm-none-eabi/12.2.1/../../../arm-none-eabi/lib/thumb/v6-m/nofp/libc.a(lib_a-dtoa.o)
                0x00006518                _dtoa_r
 .text          0x000074d4       0x14 /usr/lib/gcc/arm-none-eabi/12.2.1/../../../arm-none-eabi/lib/thumb/v6-m/nofp/libc.a(lib_a-localeconv.o)
                0x000074d4                __localeconv_l
                0x000074d8                _localeconv_r
                0x000074e0                localeconv
 .text          0x000074e8      0x574 /usr/lib/gcc/arm-none-eabi/12.2.1/../../../arm-none-eabi/lib/thumb/v6-m/nofp/libc.a(lib_a-mallocr.o)
                0x000074e8                _malloc_r
 .text          0x00007a5c       0x74 /usr/lib/gcc/arm-none-eabi/12.2.1/../../../arm-none-eabi/lib/thumb/v6-m/nofp/libc.a(lib_a-memchr-stub.o)
                0x00007a5c                memchr
 .text          0x00007ad0        0x8 /usr/lib/gcc/arm-none-eabi/12.2.1/../../../arm-none-eabi/lib/thumb/v6-m/nofp/libc.a(lib_a-mlock.o)
                0x00007ad0                __malloc_lock
                0x00007ad4                __malloc_unlock
 .text          0x00007ad8      0xafc /usr/lib/gcc/arm-none-eabi/12.2.1/../../../arm-none-eabi/lib/thumb/v6-m/nofp/libc.a(lib_a-mprec.o)
                0x00007ad8                _Balloc
                0x00007b28                _Bfree
                0x00007b3c                __multadd
                0x00007be4                __s2b
                0x00007c94                __hi0bits
                0x00007ccc                __lo0bits
                0x00007d28                __i2b
                0x00007d88                __multiply
                0x00007f2c                __pow5mult
                0x00008004                __lshift
                0x00008100                __mcmp
                0x00008134                __mdiff
                0x000082c0                __ulp
                0x00008308                __b2d
                0x000083d0                __d2b
                0x000084a8                __ratio
                0x00008510                _mprec_log10
                0x00008544                __copybits
                0x00008584                __any_on
 .text          0x000085d4      0xbfc /usr/lib/gcc/arm-none-eabi/12.2.1/../../../arm-none-eabi/lib/thumb/v6-m/nofp/libc.a(lib_a-svfiprintf.o)
                0x000085d4                __ssprint_r
                0x000086e8                _svfiprintf_r
 .text          0x000091d0       0x4c /usr/lib/gcc/arm-none-eabi/12.2.1/../../../arm-none-eabi/lib/thumb/v6-m/nofp/libc.a(lib_a-assert.o)
                0x000091d0                __assert_func
                0x00009210                __assert
 .text          0x0000921c       0x5c /usr/lib/gcc/arm-none-eabi/12.2.1/../../../arm-none-eabi/lib/thumb/v6-m/nofp/libc.a(lib_a-callocr.o)
                0x0000921c                _calloc_r
 .text          0x00009278       0x3c /usr/lib/gcc/arm-none-eabi/12.2.1/../../../arm-none-eabi/lib/thumb/v6-m/nofp/libc.a(lib_a-fiprintf.o)
                0x00009278                _fiprintf_r
                0x00009290                fiprintf
 .text          0x000092b4      0x260 /usr/lib/gcc/arm-none-eabi/12.2.1/../../../arm-none-eabi/lib/thumb/v6-m/nofp/libc.a(lib_a-freer.o)
                0x000092b4                _malloc_trim_r
                0x00009350                _free_r
 .text          0x00009514       0x98 /usr/lib/gcc/arm-none-eabi/12.2.1/../../../arm-none-eabi/lib/thumb/v6-m/nofp/libc.a(lib_a-locale.o)
                0x00009514                _setlocale_r
                0x00009558                __locale_mb_cur_max
                0x00009568                setlocale
 .text          0x000095ac       0x44 /usr/lib/gcc/arm-none-eabi/12.2.1/../../../arm-none-eabi/lib/thumb/v6-m/nofp/libc.a(lib_a-mbtowc_r.o)
                0x000095ac                _mbtowc_r
                0x000095c4                __ascii_mbtowc
 .text          0x000095f0      0x354 /usr/lib/gcc/arm-none-eabi/12.2.1/../../../arm-none-eabi/lib/thumb/v6-m/nofp/libc.a(lib_a-reallocr.o)
                0x000095f0                _realloc_r
 .text          0x00009944       0x88 /usr/lib/gcc/arm-none-eabi/12.2.1/../../../arm-none-eabi/lib/thumb/v6-m/nofp/libc.a(lib_a-strcmp.o)
                0x00009944                strcmp
 .text          0x000099cc      0xdd8 /usr/lib/gcc/arm-none-eabi/12.2.1/../../../arm-none-eabi/lib/thumb/v6-m/nofp/libc.a(lib_a-vfiprintf.o)
                0x00009a54                __sprint_r
                0x00009a68                _vfiprintf_r
                0x0000a718                vfiprintf
 .text          0x0000a7a4       0x2c /usr/lib/gcc/arm-none-eabi/12.2.1/../../../arm-none-eabi/lib/thumb/v6-m/nofp/libc.a(lib_a-wctomb_r.o)
                0x0000a7a4                _wctomb_r
                0x0000a7b4                __ascii_wctomb
 .text          0x0000a7d0       0xdc /usr/lib/gcc/arm-none-eabi/12.2.1/../../../arm-none-eabi/lib/thumb/v6-m/nofp/libc.a(lib_a-wsetup.o)
                0x0000a7d0                __swsetup_r
 .text          0x0000a8ac       0x10 /usr/lib/gcc/arm-none-eabi/12.2.1/../../../arm-none-eabi/lib/thumb/v6-m/nofp/libc.a(lib_a-abort.o)
                0x0000a8ac                abort
 .text          0x0000a8bc      0x1c0 /usr/lib/gcc/arm-none-eabi/12.2.1/../../../arm-none-eabi/lib/thumb/v6-m/nofp/libc.a(lib_a-fflush.o)
                0x0000a8bc                __sflush_r
                0x0000a9fc                _fflush_r
                0x0000aa28                fflush
 .text          0x0000aa7c      0x248 /usr/lib/gcc/arm-none-eabi/12.2.1/../../../arm-none-eabi/lib/thumb/v6-m/nofp/libc.a(lib_a-findfp.o)
                0x0000aa80                _cleanup_r
                0x0000ab7c                __sfmoreglue
                0x0000abac                __sfp
                0x0000ac5c                _cleanup
                0x0000ac74                __sinit
                0x0000ac84                __sfp_lock_acquire
                0x0000ac88                __sfp_lock_release
                0x0000ac8c                __sinit_lock_acquire
                0x0000ac90                __sinit_lock_release
                0x0000ac94                __fp_lock_all
                0x0000acac                __fp_unlock_all
 .text          0x0000acc4       0xfc /usr/lib/gcc/arm-none-eabi/12.2.1/../../../arm-none-eabi/lib/thumb/v6-m/nofp/libc.a(lib_a-fputwc.o)
                0x0000acc4                __fputwc
                0x0000ad5c                _fputwc_r
                0x0000ad7c                fputwc
 .text          0x0000adc0      0x2f4 /usr/lib/gcc/arm-none-eabi/12.2.1/../../../arm-none-eabi/lib/thumb/v6-m/nofp/libc.a(lib_a-fvwrite.o)
                0x0000adc0                __sfvwrite_r
 .text          0x0000b0b4       0x88 /usr/lib/gcc/arm-none-eabi/12.2.1/../../../arm-none-eabi/lib/thumb/v6-m/nofp/libc.a(lib_a-fwalk.o)
                0x0000b0b4                _fwalk
                0x0000b0f4                _fwalk_reent
 .text          0x0000b13c      0x144 /usr/lib/gcc/arm-none-eabi/12.2.1/../../../arm-none-eabi/lib/thumb/v6-m/nofp/libc.a(lib_a-makebuf.o)
                0x0000b13c                __smakebuf_r
                0x0000b220                __swhatbuf_r
 .text          0x0000b280      0x2a0 /usr/lib/gcc/arm-none-eabi/12.2.1/../../../arm-none-eabi/lib/thumb/v6-m/nofp/libc.a(lib_a-signal.o)
                0x0000b280                _init_signal_r
                0x0000b2b4                _signal_r
                0x0000b30c                _raise_r
                0x0000b368                __sigtramp_r
                0x0000b3c8                raise
                0x0000b428                signal
                0x0000b47c                _init_signal
                0x0000b4b8                __sigtramp
 .text          0x0000b520       0x30 /usr/lib/gcc/arm-none-eabi/12.2.1/../../../arm-none-eabi/lib/thumb/v6-m/nofp/libc.a(lib_a-signalr.o)
                0x0000b520                _kill_r
                0x0000b548                _getpid_r
 .text          0x0000b550       0xa4 /usr/lib/gcc/arm-none-eabi/12.2.1/../../../arm-none-eabi/lib/thumb/v6-m/nofp/libc.a(lib_a-stdio.o)
                0x0000b550                __sread
                0x0000b578                __seofread
                0x0000b57c                __swrite
                0x0000b5bc                __sseek
                0x0000b5e8                __sclose
 .text          0x0000b5f4       0xe0 /usr/lib/gcc/arm-none-eabi/12.2.1/../../../arm-none-eabi/lib/thumb/v6-m/nofp/libc.a(lib_a-wbuf.o)
                0x0000b5f4                __swbuf_r
                0x0000b6bc                __swbuf
 .text          0x0000b6d4       0x84 /usr/lib/gcc/arm-none-eabi/12.2.1/../../../arm-none-eabi/lib/thumb/v6-m/nofp/libc.a(lib_a-wcrtomb.o)
                0x0000b6d4                _wcrtomb_r
                0x0000b714                wcrtomb
 .text          0x0000b758       0x28 /usr/lib/gcc/arm-none-eabi/12.2.1/../../../arm-none-eabi/lib/thumb/v6-m/nofp/libc.a(lib_a-writer.o)
                0x0000b758                _write_r
 .text          0x0000b780       0x24 /usr/lib/gcc/arm-none-eabi/12.2.1/../../../arm-none-eabi/lib/thumb/v6-m/nofp/libc.a(lib_a-closer.o)
                0x0000b780                _close_r
 .text          0x0000b7a4       0xe8 /usr/lib/gcc/arm-none-eabi/12.2.1/../../../arm-none-eabi/lib/thumb/v6-m/nofp/libc.a(lib_a-fclose.o)
                0x0000b814                _fclose_r
                0x0000b84c                fclose
 .text          0x0000b88c       0x28 /usr/lib/gcc/arm-none-eabi/12.2.1/../../../arm-none-eabi/lib/thumb/v6-m/nofp/libc.a(lib_a-fstatr.o)
                0x0000b88c                _fstat_r
 .text          0x0000b8b4       0x24 /usr/lib/gcc/arm-none-eabi/12.2.1/../../../arm-none-eabi/lib/thumb/v6-m/nofp/libc.a(lib_a-isattyr.o)
                0x0000b8b4                _isatty_r
 .text          0x0000b8d8       0x28 /usr/lib/gcc/arm-none-eabi/12.2.1/../../../arm-none-eabi/lib/thumb/v6-m/nofp/libc.a(lib_a-lseekr.o)
                0x0000b8d8                _lseek_r
 .text          0x0000b900       0x28 /usr/lib/gcc/arm-none-eabi/12.2.1/../../../arm-none-eabi/lib/thumb/v6-m/nofp/libc.a(lib_a-readr.o)
                0x0000b900                _read_r
 .text          0x0000b928       0x14 /usr/lib/gcc/arm-none-eabi/12.2.1/thumb/v6-m/nofp/libgcc.a(_thumb1_case_sqi.o)
                0x0000b928                __gnu_thumb1_case_sqi
 .text          0x0000b93c       0x14 /usr/lib/gcc/arm-none-eabi/12.2.1/thumb/v6-m/nofp/libgcc.a(_thumb1_case_uqi.o)
                0x0000b93c                __gnu_thumb1_case_uqi
 .text          0x0000b950      0x114 /usr/lib/gcc/arm-none-eabi/12.2.1/thumb/v6-m/nofp/libgcc.a(_udivsi3.o)
                0x0000b950                __udivsi3
                0x0000b950                __aeabi_uidiv
                0x0000ba5c                __aeabi_uidivmod
 .text          0x0000ba64      0x1d4 /usr/lib/gcc/arm-none-eabi/12.2.1/thumb/v6-m/nofp/libgcc.a(_divsi3.o)
                0x0000ba64                __aeabi_idiv
                0x0000ba64                __divsi3
                0x0000bc30                __aeabi_idivmod
 .text          0x0000bc38        0x4 /usr/lib/gcc/arm-none-eabi/12.2.1/thumb/v6-m/nofp/libgcc.a(_dvmd_tls.o)
                0x0000bc38                __aeabi_ldiv0
                0x0000bc38                __aeabi_idiv0
 .text          0x0000bc3c       0x7c /usr/lib/gcc/arm-none-eabi/12.2.1/thumb/v6-m/nofp/libgcc.a(_arm_cmpdf2.o)
                0x0000bc3c                __aeabi_cdrcmple
                0x0000bc4c                __aeabi_cdcmple
                0x0000bc4c                __aeabi_cdcmpeq
                0x0000bc5c                __aeabi_dcmpeq
                0x0000bc68                __aeabi_dcmplt
                0x0000bc7c                __aeabi_dcmple
                0x0000bc90                __aeabi_dcmpgt
                0x0000bca4                __aeabi_dcmpge
 .text          0x0000bcb8       0x40 /usr/lib/gcc/arm-none-eabi/12.2.1/thumb/v6-m/nofp/libgcc.a(_aeabi_uldivmod.o)
                0x0000bcb8                __aeabi_uldivmod
 .text          0x0000bcf8       0x30 /usr/lib/gcc/arm-none-eabi/12.2.1/thumb/v6-m/nofp/libgcc.a(_fixunssfsi.o)
                0x0000bcf8                __aeabi_f2uiz
                0x0000bcf8                __fixunssfsi
 .text          0x0000bd28       0x3c /usr/lib/gcc/arm-none-eabi/12.2.1/thumb/v6-m/nofp/libgcc.a(_fixunsdfsi.o)
                0x0000bd28                __fixunsdfsi
                0x0000bd28                __aeabi_d2uiz
 .text          0x0000bd64      0x198 /usr/lib/gcc/arm-none-eabi/12.2.1/thumb/v6-m/nofp/libgcc.a(_udivmoddi4.o)
                0x0000bd64                __udivmoddi4
 .text          0x0000befc      0x304 /usr/lib/gcc/arm-none-eabi/12.2.1/thumb/v6-m/nofp/libgcc.a(addsf3.o)
                0x0000befc                __aeabi_fadd
 .text          0x0000c200      0x240 /usr/lib/gcc/arm-none-eabi/12.2.1/thumb/v6-m/nofp/libgcc.a(divsf3.o)
                0x0000c200                __aeabi_fdiv
 .text          0x0000c440      0x27c /usr/lib/gcc/arm-none-eabi/12.2.1/thumb/v6-m/nofp/libgcc.a(mulsf3.o)
                0x0000c440                __aeabi_fmul
 .text          0x0000c6bc      0x324 /usr/lib/gcc/arm-none-eabi/12.2.1/thumb/v6-m/nofp/libgcc.a(subsf3.o)
                0x0000c6bc                __aeabi_fsub
 .text          0x0000c9e0       0x40 /usr/lib/gcc/arm-none-eabi/12.2.1/thumb/v6-m/nofp/libgcc.a(fixsfsi.o)
                0x0000c9e0                __aeabi_f2iz
 .text          0x0000ca20       0x98 /usr/lib/gcc/arm-none-eabi/12.2.1/thumb/v6-m/nofp/libgcc.a(floatsisf.o)
                0x0000ca20                __aeabi_i2f
 .text          0x0000cab8       0x84 /usr/lib/gcc/arm-none-eabi/12.2.1/thumb/v6-m/nofp/libgcc.a(floatunsisf.o)
                0x0000cab8                __aeabi_ui2f
 .text          0x0000cb3c      0x6bc /usr/lib/gcc/arm-none-eabi/12.2.1/thumb/v6-m/nofp/libgcc.a(adddf3.o)
                0x0000cb3c                __aeabi_dadd
 .text          0x0000d1f8      0x638 /usr/lib/gcc/arm-none-eabi/12.2.1/thumb/v6-m/nofp/libgcc.a(divdf3.o)
                0x0000d1f8                __aeabi_ddiv
 .text          0x0000d830       0x88 /usr/lib/gcc/arm-none-eabi/12.2.1/thumb/v6-m/nofp/libgcc.a(eqdf2.o)
                0x0000d830                __eqdf2
                0x0000d830                __nedf2
 .text          0x0000d8b8       0xe8 /usr/lib/gcc/arm-none-eabi/12.2.1/thumb/v6-m/nofp/libgcc.a(gedf2.o)
                0x0000d8b8                __gtdf2
                0x0000d8b8                __gedf2
 .text          0x0000d9a0       0xe4 /usr/lib/gcc/arm-none-eabi/12.2.1/thumb/v6-m/nofp/libgcc.a(ledf2.o)
                0x0000d9a0                __ltdf2
                0x0000d9a0                __ledf2
 .text          0x0000da84      0x588 /usr/lib/gcc/arm-none-eabi/12.2.1/thumb/v6-m/nofp/libgcc.a(muldf3.o)
                0x0000da84                __aeabi_dmul
 .text          0x0000e00c      0x704 /usr/lib/gcc/arm-none-eabi/12.2.1/thumb/v6-m/nofp/libgcc.a(subdf3.o)
                0x0000e00c                __aeabi_dsub
 .text          0x0000e710       0x44 /usr/lib/gcc/arm-none-eabi/12.2.1/thumb/v6-m/nofp/libgcc.a(unorddf2.o)
                0x0000e710                __aeabi_dcmpun
 .text          0x0000e754       0x78 /usr/lib/gcc/arm-none-eabi/12.2.1/thumb/v6-m/nofp/libgcc.a(fixdfsi.o)
                0x0000e754                __aeabi_d2iz
 .text          0x0000e7cc       0x60 /usr/lib/gcc/arm-none-eabi/12.2.1/thumb/v6-m/nofp/libgcc.a(floatsidf.o)
                0x0000e7cc                __aeabi_i2d
 .text          0x0000e82c       0x4c /usr/lib/gcc/arm-none-eabi/12.2.1/thumb/v6-m/nofp/libgcc.a(floatunsidf.o)
                0x0000e82c                __aeabi_ui2d
 .text          0x0000e878       0x74 /usr/lib/gcc/arm-none-eabi/12.2.1/thumb/v6-m/nofp/libgcc.a(_arm_cmpsf2.o)
                0x0000e878                __aeabi_cfrcmple
                0x0000e880                __aeabi_cfcmple
                0x0000e880                __aeabi_cfcmpeq
                0x0000e890                __aeabi_fcmpeq
                0x0000e89c                __aeabi_fcmplt
                0x0000e8b0                __aeabi_fcmple
                0x0000e8c4                __aeabi_fcmpgt
                0x0000e8d8                __aeabi_fcmpge
 .text          0x0000e8ec       0x3c /usr/lib/gcc/arm-none-eabi/12.2.1/thumb/v6-m/nofp/libgcc.a(_clzsi2.o)
                0x0000e8ec                __clzsi2
 .text          0x0000e928       0x18 /usr/lib/gcc/arm-none-eabi/12.2.1/thumb/v6-m/nofp/libgcc.a(_clzdi2.o)
                0x0000e928                __clzdi2
 .text          0x0000e940       0x50 /usr/lib/gcc/arm-none-eabi/12.2.1/thumb/v6-m/nofp/libgcc.a(eqsf2.o)
                0x0000e940                __nesf2
                0x0000e940                __eqsf2
 .text          0x0000e990       0xa0 /usr/lib/gcc/arm-none-eabi/12.2.1/thumb/v6-m/nofp/libgcc.a(gesf2.o)
                0x0000e990                __gtsf2
                0x0000e990                __gesf2
 .text          0x0000ea30       0x9c /usr/lib/gcc/arm-none-eabi/12.2.1/thumb/v6-m/nofp/libgcc.a(lesf2.o)
                0x0000ea30                __lesf2
                0x0000ea30                __ltsf2
 .text          0x0000eacc       0x10 /usr/lib/gcc/arm-none-eabi/12.2.1/../../../arm-none-eabi/lib/thumb/v6-m/nofp/libnosys.a(close.o)
                0x0000eacc                _close
 .text          0x0000eadc       0x10 /usr/lib/gcc/arm-none-eabi/12.2.1/../../../arm-none-eabi/lib/thumb/v6-m/nofp/libnosys.a(fstat.o)
                0x0000eadc                _fstat
 .text          0x0000eaec       0x10 /usr/lib/gcc/arm-none-eabi/12.2.1/../../../arm-none-eabi/lib/thumb/v6-m/nofp/libnosys.a(getpid.o)
                0x0000eaec                _getpid
 .text          0x0000eafc       0x10 /usr/lib/gcc/arm-none-eabi/12.2.1/../../../arm-none-eabi/lib/thumb/v6-m/nofp/libnosys.a(isatty.o)
                0x0000eafc                _isatty
 .text          0x0000eb0c       0x10 /usr/lib/gcc/arm-none-eabi/12.2.1/../../../arm-none-eabi/lib/thumb/v6-m/nofp/libnosys.a(kill.o)
                0x0000eb0c                _kill
 .text          0x0000eb1c       0x10 /usr/lib/gcc/arm-none-eabi/12.2.1/../../../arm-none-eabi/lib/thumb/v6-m/nofp/libnosys.a(lseek.o)
                0x0000eb1c                _lseek
 .text          0x0000eb2c       0x10 /usr/lib/gcc/arm-none-eabi/12.2.1/../../../arm-none-eabi/lib/thumb/v6-m/nofp/libnosys.a(read.o)
                0x0000eb2c                _read
 .text          0x0000eb3c       0x10 /usr/lib/gcc/arm-none-eabi/12.2.1/../../../arm-none-eabi/lib/thumb/v6-m/nofp/libnosys.a(write.o)
                0x0000eb3c                _write
 .text          0x0000eb4c        0x4 /usr/lib/gcc/arm-none-eabi/12.2.1/../../../arm-none-eabi/lib/thumb/v6-m/nofp/libnosys.a(_exit.o)
                0x0000eb4c                _exit
 *(.init)
 .init          0x0000eb50        0x4 /usr/lib/gcc/arm-none-eabi/12.2.1/thumb/v6-m/nofp/crti.o
                0x0000eb50                _init
 .init          0x0000eb54        0x8 /usr/lib/gcc/arm-none-eabi/12.2.1/thumb/v6-m/nofp/crtn.o
 *(.fini)
 .fini          0x0000eb5c        0x4 /usr/lib/gcc/arm-none-eabi/12.2.1/thumb/v6-m/nofp/crti.o
                0x0000eb5c                _fini
 .fini          0x0000eb60        0x8 /usr/lib/gcc/arm-none-eabi/12.2.1/thumb/v6-m/nofp/crtn.o
 *crtbegin.o(.ctors)
 *crtbegin?.o(.ctors)
 *(EXCLUDE_FILE(*crtend.o *crtend?.o) .ctors)
 *(SORT_BY_NAME(.ctors.*))
 *(.ctors)
 *crtbegin.o(.dtors)
 *crtbegin?.o(.dtors)
 *(EXCLUDE_FILE(*crtend.o *crtend?.o) .dtors)
 *(SORT_BY_NAME(.dtors.*))
 *(.dtors)
 *(.rodata*)
 .rodata.clr_rscreen.str1.1
                0x0000eb68        0x5 main.vwo
 .rodata.print_line.str1.1
                0x0000eb6d       0x17 main.vwo
 .rodata.clr_screen.str1.1
                0x0000eb84        0x5 main.vwo
 .rodata.print_sniffer.str1.1
                0x0000eb89       0x85 main.vwo
                                 0x96 (size before relaxing)
 .rodata.print_debug.str1.1
                0x0000ec0e      0x244 main.vwo
                                0x247 (size before relaxing)
 .rodata.main.str1.1
                0x0000ee52        0x7 main.vwo
 .rodata.str1.1
                0x0000ee59       0xa7 main.vwo
 .rodata.CSWTCH.48
                0x0000ef00       0x20 main.vwo
 .rodata.CSWTCH.47
                0x0000ef20       0x10 main.vwo
 .rodata.CSWTCH.46
                0x0000ef30       0x1c main.vwo
 .rodata.canbox_cmd_process.str1.1
                0x0000ef4c       0x11 canbox.vwo
 .rodata        0x0000ef5d       0x1b canbox.vwo
 .rodata        0x0000ef78       0x20 vw_nc03/fw/nuc131bsp/Library/StdDriver/src/clk.vwo
 .rodata        0x0000ef98       0x10 vw_nc03/fw/nuc131bsp/Library/StdDriver/src/uart.vwo
 .rodata        0x0000efa8        0x4 /usr/lib/gcc/arm-none-eabi/12.2.1/../../../arm-none-eabi/lib/thumb/v6-m/nofp/libc.a(lib_a-impure.o)
                0x0000efa8                _global_impure_ptr
 .rodata.str1.4
                0x0000efac       0x42 /usr/lib/gcc/arm-none-eabi/12.2.1/../../../arm-none-eabi/lib/thumb/v6-m/nofp/libc.a(lib_a-svfprintf.o)
 *fill*         0x0000efee        0x2 
 .rodata        0x0000eff0      0x184 /usr/lib/gcc/arm-none-eabi/12.2.1/../../../arm-none-eabi/lib/thumb/v6-m/nofp/libc.a(lib_a-svfprintf.o)
 .rodata.str1.4
                0x0000f174       0x56 /usr/lib/gcc/arm-none-eabi/12.2.1/../../../arm-none-eabi/lib/thumb/v6-m/nofp/libc.a(lib_a-dtoa.o)
                                 0x5a (size before relaxing)
 *fill*         0x0000f1ca        0x2 
 .rodata.str1.4
                0x0000f1cc       0x33 /usr/lib/gcc/arm-none-eabi/12.2.1/../../../arm-none-eabi/lib/thumb/v6-m/nofp/libc.a(lib_a-mprec.o)
                                 0x47 (size before relaxing)
 *fill*         0x0000f1ff        0x1 
 .rodata        0x0000f200      0x128 /usr/lib/gcc/arm-none-eabi/12.2.1/../../../arm-none-eabi/lib/thumb/v6-m/nofp/libc.a(lib_a-mprec.o)
                0x0000f210                __mprec_tinytens
                0x0000f238                __mprec_bigtens
                0x0000f260                __mprec_tens
 .rodata.str1.4
                0x0000f328       0x2f /usr/lib/gcc/arm-none-eabi/12.2.1/../../../arm-none-eabi/lib/thumb/v6-m/nofp/libc.a(lib_a-svfiprintf.o)
 .rodata        0x0000f328      0x184 /usr/lib/gcc/arm-none-eabi/12.2.1/../../../arm-none-eabi/lib/thumb/v6-m/nofp/libc.a(lib_a-svfiprintf.o)
 .rodata.str1.4
                0x0000f4ac       0x3f /usr/lib/gcc/arm-none-eabi/12.2.1/../../../arm-none-eabi/lib/thumb/v6-m/nofp/libc.a(lib_a-assert.o)
                                 0x43 (size before relaxing)
 *fill*         0x0000f4eb        0x1 
 .rodata.str1.4
                0x0000f4ec        0xe /usr/lib/gcc/arm-none-eabi/12.2.1/../../../arm-none-eabi/lib/thumb/v6-m/nofp/libc.a(lib_a-locale.o)
                                 0x12 (size before relaxing)
 .rodata.str1.4
                0x0000f4fa       0x2f /usr/lib/gcc/arm-none-eabi/12.2.1/../../../arm-none-eabi/lib/thumb/v6-m/nofp/libc.a(lib_a-vfiprintf.o)
 *fill*         0x0000f4fa        0x2 
 .rodata        0x0000f4fc      0x184 /usr/lib/gcc/arm-none-eabi/12.2.1/../../../arm-none-eabi/lib/thumb/v6-m/nofp/libc.a(lib_a-vfiprintf.o)
 .rodata        0x0000f680      0x101 /usr/lib/gcc/arm-none-eabi/12.2.1/../../../arm-none-eabi/lib/thumb/v6-m/nofp/libc.a(lib_a-ctype_.o)
                0x0000f680                _ctype_
 *fill*         0x0000f781        0x3 
 .rodata        0x0000f784       0x7c /usr/lib/gcc/arm-none-eabi/12.2.1/thumb/v6-m/nofp/libgcc.a(divsf3.o)
 .rodata        0x0000f800       0x40 /usr/lib/gcc/arm-none-eabi/12.2.1/thumb/v6-m/nofp/libgcc.a(divdf3.o)
 *(.eh_frame*)
 .eh_frame      0x0000f840        0x0 /usr/lib/gcc/arm-none-eabi/12.2.1/thumb/v6-m/nofp/crtbegin.o
 .eh_frame      0x0000f840        0x4 /usr/lib/gcc/arm-none-eabi/12.2.1/thumb/v6-m/nofp/crtend.o

.glue_7         0x0000f844        0x0
 .glue_7        0x0000f844        0x0 linker stubs

.glue_7t        0x0000f844        0x0
 .glue_7t       0x0000f844        0x0 linker stubs

.vfp11_veneer   0x0000f844        0x0
 .vfp11_veneer  0x0000f844        0x0 linker stubs

.v4_bx          0x0000f844        0x0
 .v4_bx         0x0000f844        0x0 linker stubs

.iplt           0x0000f844        0x0
 .iplt          0x0000f844        0x0 /usr/lib/gcc/arm-none-eabi/12.2.1/thumb/v6-m/nofp/crtbegin.o

.ARM.extab
 *(.ARM.extab* .gnu.linkonce.armextab.*)
                0x0000f844                        __exidx_start = .

.ARM.exidx      0x0000f844        0x8
 *(.ARM.exidx* .gnu.linkonce.armexidx.*)
 .ARM.exidx     0x0000f844        0x8 /usr/lib/gcc/arm-none-eabi/12.2.1/../../../arm-none-eabi/lib/thumb/v6-m/nofp/crt0.o
                                 0x10 (size before relaxing)
 .ARM.exidx     0x0000f84c        0x0 /usr/lib/gcc/arm-none-eabi/12.2.1/thumb/v6-m/nofp/libgcc.a(_udivmoddi4.o)
                                  0x8 (size before relaxing)
                0x0000f84c                        __exidx_end = .
                0x0000f84c                        __etext = .

.rel.dyn        0x0000f84c        0x0
 .rel.iplt      0x0000f84c        0x0 /usr/lib/gcc/arm-none-eabi/12.2.1/thumb/v6-m/nofp/crtbegin.o

.data           0x20000000     0x14a0 load address 0x0000f84c
                0x20000000                        __data_start__ = .
 *(vtable)
 *(.data*)
 .data.max_show_sniff_num
                0x20000000        0x4 main.vwo
                0x20000000                max_show_sniff_num
 .data.key_cb   0x20000004       0x28 main.vwo
                0x20000004                key_cb
 .data.conf     0x2000002c       0x10 conf.vwo
                0x2000002c                conf
 .data.mercedes_w203_2005my_ms
                0x2000003c       0x90 car.vwo
 .data.toyota_premio_26x_ms
                0x200000cc       0x80 car.vwo
                0x200000cc                toyota_premio_26x_ms
 .data.q3_2015_ms
                0x2000014c       0xe0 car.vwo
 .data.skoda_fabia_ms
                0x2000022c       0x90 car.vwo
                0x2000022c                skoda_fabia_ms
 .data.xc90_2007my_ms
                0x200002bc       0x70 car.vwo
                0x200002bc                xc90_2007my_ms
 .data.lr2_2013my_ms
                0x2000032c       0x40 car.vwo
                0x2000032c                lr2_2013my_ms
 .data.lr2_2007my_ms
                0x2000036c       0x70 car.vwo
 .data.anymsg_desc
                0x200003dc       0x10 car.vwo
                0x200003dc                anymsg_desc
 .data.key_state
                0x200003ec       0x10 car.vwo
 .data.car_air_state
                0x200003fc       0x12 car.vwo
 *fill*         0x2000040e        0x2 
 .data.carstate
                0x20000410       0x50 car.vwo
 .data.speeds   0x20000460       0x18 vw_nc03/fw/hw_can.vwo
                0x20000460                speeds
 .data.can0     0x20000478      0x5d0 vw_nc03/fw/hw_can.vwo
 .data.ill      0x20000a48        0x8 vw_nc03/fw/hw_gpio.vwo
 .data.acc      0x20000a50        0x8 vw_nc03/fw/hw_gpio.vwo
 .data.park     0x20000a58        0x8 vw_nc03/fw/hw_gpio.vwo
 .data.rear     0x20000a60        0x8 vw_nc03/fw/hw_gpio.vwo
 .data.usart0   0x20000a68       0x54 vw_nc03/fw/hw_usart.vwo
 .data.gau32ClkSrcTbl
                0x20000abc       0x20 vw_nc03/fw/nuc131bsp/Library/Device/Nuvoton/NUC131/Source/system_NUC131.vwo
                0x20000abc                gau32ClkSrcTbl
 .data.PllClock
                0x20000adc        0x4 vw_nc03/fw/nuc131bsp/Library/Device/Nuvoton/NUC131/Source/system_NUC131.vwo
                0x20000adc                PllClock
 .data.CyclesPerUs
                0x20000ae0        0x4 vw_nc03/fw/nuc131bsp/Library/Device/Nuvoton/NUC131/Source/system_NUC131.vwo
                0x20000ae0                CyclesPerUs
 .data.SystemCoreClock
                0x20000ae4        0x4 vw_nc03/fw/nuc131bsp/Library/Device/Nuvoton/NUC131/Source/system_NUC131.vwo
                0x20000ae4                SystemCoreClock
 .data          0x20000ae8      0x430 /usr/lib/gcc/arm-none-eabi/12.2.1/../../../arm-none-eabi/lib/thumb/v6-m/nofp/libc.a(lib_a-impure.o)
                0x20000ae8                _impure_ptr
 .data          0x20000f18      0x410 /usr/lib/gcc/arm-none-eabi/12.2.1/../../../arm-none-eabi/lib/thumb/v6-m/nofp/libc.a(lib_a-mallocr.o)
                0x20000f18                __malloc_sbrk_base
                0x20000f1c                __malloc_trim_threshold
                0x20000f20                __malloc_av_
 .data          0x20001328      0x16c /usr/lib/gcc/arm-none-eabi/12.2.1/../../../arm-none-eabi/lib/thumb/v6-m/nofp/libc.a(lib_a-locale.o)
                0x20001328                __global_locale
                0x20001494                        . = ALIGN (0x4)
                0x20001494                        PROVIDE (__preinit_array_start = .)
 *(.preinit_array)
                0x20001494                        PROVIDE (__preinit_array_end = .)
                0x20001494                        . = ALIGN (0x4)
                0x20001494                        PROVIDE (__init_array_start = .)
 *(SORT_BY_NAME(.init_array.*))
 .init_array.00000
                0x20001494        0x4 /usr/lib/gcc/arm-none-eabi/12.2.1/../../../arm-none-eabi/lib/thumb/v6-m/nofp/libc.a(lib_a-__call_atexit.o)
 *(.init_array)
 .init_array    0x20001498        0x4 /usr/lib/gcc/arm-none-eabi/12.2.1/thumb/v6-m/nofp/crtbegin.o
                0x2000149c                        PROVIDE (__init_array_end = .)
                0x2000149c                        . = ALIGN (0x4)
                0x2000149c                        PROVIDE (__fini_array_start = .)
 *(SORT_BY_NAME(.fini_array.*))
 *(.fini_array)
 .fini_array    0x2000149c        0x4 /usr/lib/gcc/arm-none-eabi/12.2.1/thumb/v6-m/nofp/crtbegin.o
                0x200014a0                        PROVIDE (__fini_array_end = .)
 *(.jcr*)
                0x200014a0                        . = ALIGN (0x4)
                0x200014a0                        __data_end__ = .

.tm_clone_table
                0x200014a0        0x0 load address 0x00010cec
 .tm_clone_table
                0x200014a0        0x0 /usr/lib/gcc/arm-none-eabi/12.2.1/thumb/v6-m/nofp/crtbegin.o
 .tm_clone_table
                0x200014a0        0x0 /usr/lib/gcc/arm-none-eabi/12.2.1/thumb/v6-m/nofp/crtend.o

.igot.plt       0x200014a0        0x0 load address 0x00010cec
 .igot.plt      0x200014a0        0x0 /usr/lib/gcc/arm-none-eabi/12.2.1/thumb/v6-m/nofp/crtbegin.o

.bss            0x200014a0      0x2e0 load address 0x00010cec
                0x200014a0                        . = ALIGN (0x4)
                0x200014a0                        __bss_start__ = .
 *(.bss*)
 .bss           0x200014a0       0x1c /usr/lib/gcc/arm-none-eabi/12.2.1/thumb/v6-m/nofp/crtbegin.o
 .bss.wakeups   0x200014bc        0x4 main.vwo
                0x200014bc                wakeups
 .bss.sniffer_on
                0x200014c0        0x1 main.vwo
                0x200014c0                sniffer_on
 .bss.msg_idx   0x200014c1        0x1 main.vwo
                0x200014c1                msg_idx
 *fill*         0x200014c2        0x2 
 .bss.debug_on_cnt
                0x200014c4        0x4 main.vwo
                0x200014c4                debug_on_cnt
 .bss.debug_on  0x200014c8        0x1 main.vwo
                0x200014c8                debug_on
 *fill*         0x200014c9        0x3 
 .bss.rear_on_delay
                0x200014cc        0x4 main.vwo
 .bss.rear_off_delay
                0x200014d0        0x4 main.vwo
 .bss.park_is_on.0
                0x200014d4        0x1 canbox.vwo
 .bss.low_state.1
                0x200014d5        0x1 canbox.vwo
 .bss.park_is_on.2
                0x200014d6        0x1 canbox.vwo
 .bss.rx_state  0x200014d7        0x1 canbox.vwo
 .bss.rx_idx    0x200014d8        0x1 canbox.vwo
 .bss.rx_buffer
                0x200014d9       0x20 canbox.vwo
 *fill*         0x200014f9        0x1 
 .bss.div_5ms.0
                0x200014fa        0x2 tick.vwo
 .bss.div_100ms.1
                0x200014fc        0x2 tick.vwo
 .bss.div_250ms.2
                0x200014fe        0x2 tick.vwo
 .bss.div_1000ms.3
                0x20001500        0x2 tick.vwo
 *fill*         0x20001502        0x2 
 .bss.timer     0x20001504       0x14 tick.vwo
                0x20001504                timer
 .bss.usart_rx_ring_buffer
                0x20001518       0x20 hw.vwo
 .bss.usart_tx_ring_buffer
                0x20001538      0x200 hw.vwo
 .bss._heap_end
                0x20001738        0x4 sbrk.vwo
 .bss._cur_brk  0x2000173c        0x4 sbrk.vwo
 .bss.can_isr_cnt
                0x20001740        0x4 vw_nc03/fw/hw_can.vwo
                0x20001740                can_isr_cnt
 .bss.usart_isr_cnt
                0x20001744        0x4 vw_nc03/fw/hw_usart.vwo
                0x20001744                usart_isr_cnt
 .bss           0x20001748       0x34 /usr/lib/gcc/arm-none-eabi/12.2.1/../../../arm-none-eabi/lib/thumb/v6-m/nofp/libc.a(lib_a-mallocr.o)
                0x20001748                __malloc_top_pad
                0x2000174c                __malloc_current_mallinfo
                0x20001774                __malloc_max_sbrked_mem
                0x20001778                __malloc_max_total_mem
 .bss           0x2000177c        0x4 /usr/lib/gcc/arm-none-eabi/12.2.1/../../../arm-none-eabi/lib/thumb/v6-m/nofp/libc.a(lib_a-reent.o)
                0x2000177c                errno
 *(COMMON)
                0x20001780                        . = ALIGN (0x4)
                0x20001780                        __bss_end__ = .

.heap           0x20001780      0x100
                0x20001780                        __HeapBase = .
                0x20001780                        __end__ = .
                0x20001780                        end = __end__
 *(.heap*)
 .heap          0x20001780      0x100 vw_nc03/fw/nuc131bsp/Library/Device/Nuvoton/NUC131/Source/GCC/startup_NUC131.o
                0x20001880                        __HeapLimit = .

.stack_dummy    0x20001780      0x400
 *(.stack*)
 .stack         0x20001780      0x400 vw_nc03/fw/nuc131bsp/Library/Device/Nuvoton/NUC131/Source/GCC/startup_NUC131.o
                0x20002000                        __StackTop = (ORIGIN (RAM) + LENGTH (RAM))
                0x20001c00                        __StackLimit = (__StackTop - SIZEOF (.stack_dummy))
                0x20002000                        PROVIDE (__stack = __StackTop)
                0x00000001                        ASSERT ((__StackLimit >= __HeapLimit), region RAM overflowed with stack)
OUTPUT(vw_nc03.elf elf32-littlearm)
LOAD linker stubs

.ARM.attributes
                0x00000000       0x28
 .ARM.attributes
                0x00000000       0x1e /usr/lib/gcc/arm-none-eabi/12.2.1/thumb/v6-m/nofp/crti.o
 .ARM.attributes
                0x0000001e       0x2c /usr/lib/gcc/arm-none-eabi/12.2.1/thumb/v6-m/nofp/crtbegin.o
 .ARM.attributes
                0x0000004a       0x1b /usr/lib/gcc/arm-none-eabi/12.2.1/../../../arm-none-eabi/lib/thumb/v6-m/nofp/crt0.o
 .ARM.attributes
                0x00000065       0x2c main.vwo
 .ARM.attributes
                0x00000091       0x2c canbox.vwo
 .ARM.attributes
                0x000000bd       0x2c ring.vwo
 .ARM.attributes
                0x000000e9       0x2c conf.vwo
 .ARM.attributes
                0x00000115       0x2c car.vwo
 .ARM.attributes
                0x00000141       0x2c tick.vwo
 .ARM.attributes
                0x0000016d       0x2c hw.vwo
 .ARM.attributes
                0x00000199       0x2c sbrk.vwo
 .ARM.attributes
                0x000001c5       0x2c vw_nc03/fw/hw_clock.vwo
 .ARM.attributes
                0x000001f1       0x2c vw_nc03/fw/hw_can.vwo
 .ARM.attributes
                0x0000021d       0x2c vw_nc03/fw/hw_gpio.vwo
 .ARM.attributes
                0x00000249       0x2c vw_nc03/fw/hw_tick.vwo
 .ARM.attributes
                0x00000275       0x2c vw_nc03/fw/hw_usart.vwo
 .ARM.attributes
                0x000002a1       0x2c vw_nc03/fw/hw_sleep.vwo
 .ARM.attributes
                0x000002cd       0x2c vw_nc03/fw/hw_conf.vwo
 .ARM.attributes
                0x000002f9       0x2c vw_nc03/fw/nuc131bsp/Library/StdDriver/src/sys.vwo
 .ARM.attributes
                0x00000325       0x2c vw_nc03/fw/nuc131bsp/Library/StdDriver/src/clk.vwo
 .ARM.attributes
                0x00000351       0x2c vw_nc03/fw/nuc131bsp/Library/StdDriver/src/gpio.vwo
 .ARM.attributes
                0x0000037d       0x2c vw_nc03/fw/nuc131bsp/Library/StdDriver/src/uart.vwo
 .ARM.attributes
                0x000003a9       0x2c vw_nc03/fw/nuc131bsp/Library/StdDriver/src/can.vwo
 .ARM.attributes
                0x000003d5       0x2c vw_nc03/fw/nuc131bsp/Library/StdDriver/src/fmc.vwo
 .ARM.attributes
                0x00000401       0x2c vw_nc03/fw/nuc131bsp/Library/Device/Nuvoton/NUC131/Source/system_NUC131.vwo
 .ARM.attributes
                0x0000042d       0x1b vw_nc03/fw/nuc131bsp/Library/Device/Nuvoton/NUC131/Source/GCC/startup_NUC131.o
 .ARM.attributes
                0x00000448       0x2c /usr/lib/gcc/arm-none-eabi/12.2.1/../../../arm-none-eabi/lib/thumb/v6-m/nofp/libc.a(lib_a-atexit.o)
 .ARM.attributes
                0x00000474       0x2c /usr/lib/gcc/arm-none-eabi/12.2.1/../../../arm-none-eabi/lib/thumb/v6-m/nofp/libc.a(lib_a-exit.o)
 .ARM.attributes
                0x000004a0       0x2c /usr/lib/gcc/arm-none-eabi/12.2.1/../../../arm-none-eabi/lib/thumb/v6-m/nofp/libc.a(lib_a-fini.o)
 .ARM.attributes
                0x000004cc       0x2c /usr/lib/gcc/arm-none-eabi/12.2.1/../../../arm-none-eabi/lib/thumb/v6-m/nofp/libc.a(lib_a-impure.o)
 .ARM.attributes
                0x000004f8       0x2c /usr/lib/gcc/arm-none-eabi/12.2.1/../../../arm-none-eabi/lib/thumb/v6-m/nofp/libc.a(lib_a-init.o)
 .ARM.attributes
                0x00000524       0x2c /usr/lib/gcc/arm-none-eabi/12.2.1/../../../arm-none-eabi/lib/thumb/v6-m/nofp/libc.a(lib_a-memcpy-stub.o)
 .ARM.attributes
                0x00000550       0x2c /usr/lib/gcc/arm-none-eabi/12.2.1/../../../arm-none-eabi/lib/thumb/v6-m/nofp/libc.a(lib_a-memmove.o)
 .ARM.attributes
                0x0000057c       0x2c /usr/lib/gcc/arm-none-eabi/12.2.1/../../../arm-none-eabi/lib/thumb/v6-m/nofp/libc.a(lib_a-memset.o)
 .ARM.attributes
                0x000005a8       0x2c /usr/lib/gcc/arm-none-eabi/12.2.1/../../../arm-none-eabi/lib/thumb/v6-m/nofp/libc.a(lib_a-snprintf.o)
 .ARM.attributes
                0x000005d4       0x2c /usr/lib/gcc/arm-none-eabi/12.2.1/../../../arm-none-eabi/lib/thumb/v6-m/nofp/libc.a(lib_a-strcpy.o)
 .ARM.attributes
                0x00000600       0x2c /usr/lib/gcc/arm-none-eabi/12.2.1/../../../arm-none-eabi/lib/thumb/v6-m/nofp/libc.a(lib_a-strlen-stub.o)
 .ARM.attributes
                0x0000062c       0x2c /usr/lib/gcc/arm-none-eabi/12.2.1/../../../arm-none-eabi/lib/thumb/v6-m/nofp/libc.a(lib_a-svfprintf.o)
 .ARM.attributes
                0x00000658       0x2c /usr/lib/gcc/arm-none-eabi/12.2.1/../../../arm-none-eabi/lib/thumb/v6-m/nofp/libc.a(lib_a-__atexit.o)
 .ARM.attributes
                0x00000684       0x2c /usr/lib/gcc/arm-none-eabi/12.2.1/../../../arm-none-eabi/lib/thumb/v6-m/nofp/libc.a(lib_a-__call_atexit.o)
 .ARM.attributes
                0x000006b0       0x2c /usr/lib/gcc/arm-none-eabi/12.2.1/../../../arm-none-eabi/lib/thumb/v6-m/nofp/libc.a(lib_a-dtoa.o)
 .ARM.attributes
                0x000006dc       0x2c /usr/lib/gcc/arm-none-eabi/12.2.1/../../../arm-none-eabi/lib/thumb/v6-m/nofp/libc.a(lib_a-localeconv.o)
 .ARM.attributes
                0x00000708       0x2c /usr/lib/gcc/arm-none-eabi/12.2.1/../../../arm-none-eabi/lib/thumb/v6-m/nofp/libc.a(lib_a-mallocr.o)
 .ARM.attributes
                0x00000734       0x2c /usr/lib/gcc/arm-none-eabi/12.2.1/../../../arm-none-eabi/lib/thumb/v6-m/nofp/libc.a(lib_a-memchr-stub.o)
 .ARM.attributes
                0x00000760       0x2c /usr/lib/gcc/arm-none-eabi/12.2.1/../../../arm-none-eabi/lib/thumb/v6-m/nofp/libc.a(lib_a-mlock.o)
 .ARM.attributes
                0x0000078c       0x2c /usr/lib/gcc/arm-none-eabi/12.2.1/../../../arm-none-eabi/lib/thumb/v6-m/nofp/libc.a(lib_a-mprec.o)
 .ARM.attributes
                0x000007b8       0x2c /usr/lib/gcc/arm-none-eabi/12.2.1/../../../arm-none-eabi/lib/thumb/v6-m/nofp/libc.a(lib_a-svfiprintf.o)
 .ARM.attributes
                0x000007e4       0x2c /usr/lib/gcc/arm-none-eabi/12.2.1/../../../arm-none-eabi/lib/thumb/v6-m/nofp/libc.a(lib_a-assert.o)
 .ARM.attributes
                0x00000810       0x2c /usr/lib/gcc/arm-none-eabi/12.2.1/../../../arm-none-eabi/lib/thumb/v6-m/nofp/libc.a(lib_a-callocr.o)
 .ARM.attributes
                0x0000083c       0x2c /usr/lib/gcc/arm-none-eabi/12.2.1/../../../arm-none-eabi/lib/thumb/v6-m/nofp/libc.a(lib_a-fiprintf.o)
 .ARM.attributes
                0x00000868       0x2c /usr/lib/gcc/arm-none-eabi/12.2.1/../../../arm-none-eabi/lib/thumb/v6-m/nofp/libc.a(lib_a-freer.o)
 .ARM.attributes
                0x00000894       0x2c /usr/lib/gcc/arm-none-eabi/12.2.1/../../../arm-none-eabi/lib/thumb/v6-m/nofp/libc.a(lib_a-locale.o)
 .ARM.attributes
                0x000008c0       0x2c /usr/lib/gcc/arm-none-eabi/12.2.1/../../../arm-none-eabi/lib/thumb/v6-m/nofp/libc.a(lib_a-mbtowc_r.o)
 .ARM.attributes
                0x000008ec       0x2c /usr/lib/gcc/arm-none-eabi/12.2.1/../../../arm-none-eabi/lib/thumb/v6-m/nofp/libc.a(lib_a-reallocr.o)
 .ARM.attributes
                0x00000918       0x1b /usr/lib/gcc/arm-none-eabi/12.2.1/../../../arm-none-eabi/lib/thumb/v6-m/nofp/libc.a(lib_a-strcmp.o)
 .ARM.attributes
                0x00000933       0x2c /usr/lib/gcc/arm-none-eabi/12.2.1/../../../arm-none-eabi/lib/thumb/v6-m/nofp/libc.a(lib_a-vfiprintf.o)
 .ARM.attributes
                0x0000095f       0x2c /usr/lib/gcc/arm-none-eabi/12.2.1/../../../arm-none-eabi/lib/thumb/v6-m/nofp/libc.a(lib_a-wctomb_r.o)
 .ARM.attributes
                0x0000098b       0x2c /usr/lib/gcc/arm-none-eabi/12.2.1/../../../arm-none-eabi/lib/thumb/v6-m/nofp/libc.a(lib_a-wsetup.o)
 .ARM.attributes
                0x000009b7       0x2c /usr/lib/gcc/arm-none-eabi/12.2.1/../../../arm-none-eabi/lib/thumb/v6-m/nofp/libc.a(lib_a-abort.o)
 .ARM.attributes
                0x000009e3       0x2c /usr/lib/gcc/arm-none-eabi/12.2.1/../../../arm-none-eabi/lib/thumb/v6-m/nofp/libc.a(lib_a-ctype_.o)
 .ARM.attributes
                0x00000a0f       0x2c /usr/lib/gcc/arm-none-eabi/12.2.1/../../../arm-none-eabi/lib/thumb/v6-m/nofp/libc.a(lib_a-fflush.o)
 .ARM.attributes
                0x00000a3b       0x2c /usr/lib/gcc/arm-none-eabi/12.2.1/../../../arm-none-eabi/lib/thumb/v6-m/nofp/libc.a(lib_a-findfp.o)
 .ARM.attributes
                0x00000a67       0x2c /usr/lib/gcc/arm-none-eabi/12.2.1/../../../arm-none-eabi/lib/thumb/v6-m/nofp/libc.a(lib_a-fputwc.o)
 .ARM.attributes
                0x00000a93       0x2c /usr/lib/gcc/arm-none-eabi/12.2.1/../../../arm-none-eabi/lib/thumb/v6-m/nofp/libc.a(lib_a-fvwrite.o)
 .ARM.attributes
                0x00000abf       0x2c /usr/lib/gcc/arm-none-eabi/12.2.1/../../../arm-none-eabi/lib/thumb/v6-m/nofp/libc.a(lib_a-fwalk.o)
 .ARM.attributes
                0x00000aeb       0x2c /usr/lib/gcc/arm-none-eabi/12.2.1/../../../arm-none-eabi/lib/thumb/v6-m/nofp/libc.a(lib_a-makebuf.o)
 .ARM.attributes
                0x00000b17       0x2c /usr/lib/gcc/arm-none-eabi/12.2.1/../../../arm-none-eabi/lib/thumb/v6-m/nofp/libc.a(lib_a-signal.o)
 .ARM.attributes
                0x00000b43       0x2c /usr/lib/gcc/arm-none-eabi/12.2.1/../../../arm-none-eabi/lib/thumb/v6-m/nofp/libc.a(lib_a-signalr.o)
 .ARM.attributes
                0x00000b6f       0x2c /usr/lib/gcc/arm-none-eabi/12.2.1/../../../arm-none-eabi/lib/thumb/v6-m/nofp/libc.a(lib_a-stdio.o)
 .ARM.attributes
                0x00000b9b       0x2c /usr/lib/gcc/arm-none-eabi/12.2.1/../../../arm-none-eabi/lib/thumb/v6-m/nofp/libc.a(lib_a-wbuf.o)
 .ARM.attributes
                0x00000bc7       0x2c /usr/lib/gcc/arm-none-eabi/12.2.1/../../../arm-none-eabi/lib/thumb/v6-m/nofp/libc.a(lib_a-wcrtomb.o)
 .ARM.attributes
                0x00000bf3       0x2c /usr/lib/gcc/arm-none-eabi/12.2.1/../../../arm-none-eabi/lib/thumb/v6-m/nofp/libc.a(lib_a-writer.o)
 .ARM.attributes
                0x00000c1f       0x2c /usr/lib/gcc/arm-none-eabi/12.2.1/../../../arm-none-eabi/lib/thumb/v6-m/nofp/libc.a(lib_a-closer.o)
 .ARM.attributes
                0x00000c4b       0x2c /usr/lib/gcc/arm-none-eabi/12.2.1/../../../arm-none-eabi/lib/thumb/v6-m/nofp/libc.a(lib_a-fclose.o)
 .ARM.attributes
                0x00000c77       0x2c /usr/lib/gcc/arm-none-eabi/12.2.1/../../../arm-none-eabi/lib/thumb/v6-m/nofp/libc.a(lib_a-fstatr.o)
 .ARM.attributes
                0x00000ca3       0x2c /usr/lib/gcc/arm-none-eabi/12.2.1/../../../arm-none-eabi/lib/thumb/v6-m/nofp/libc.a(lib_a-isattyr.o)
 .ARM.attributes
                0x00000ccf       0x2c /usr/lib/gcc/arm-none-eabi/12.2.1/../../../arm-none-eabi/lib/thumb/v6-m/nofp/libc.a(lib_a-lseekr.o)
 .ARM.attributes
                0x00000cfb       0x2c /usr/lib/gcc/arm-none-eabi/12.2.1/../../../arm-none-eabi/lib/thumb/v6-m/nofp/libc.a(lib_a-readr.o)
 .ARM.attributes
                0x00000d27       0x2c /usr/lib/gcc/arm-none-eabi/12.2.1/../../../arm-none-eabi/lib/thumb/v6-m/nofp/libc.a(lib_a-reent.o)
 .ARM.attributes
                0x00000d53       0x1e /usr/lib/gcc/arm-none-eabi/12.2.1/thumb/v6-m/nofp/libgcc.a(_thumb1_case_sqi.o)
 .ARM.attributes
                0x00000d71       0x1e /usr/lib/gcc/arm-none-eabi/12.2.1/thumb/v6-m/nofp/libgcc.a(_thumb1_case_uqi.o)
 .ARM.attributes
                0x00000d8f       0x1e /usr/lib/gcc/arm-none-eabi/12.2.1/thumb/v6-m/nofp/libgcc.a(_udivsi3.o)
 .ARM.attributes
                0x00000dad       0x1e /usr/lib/gcc/arm-none-eabi/12.2.1/thumb/v6-m/nofp/libgcc.a(_divsi3.o)
 .ARM.attributes
                0x00000dcb       0x1e /usr/lib/gcc/arm-none-eabi/12.2.1/thumb/v6-m/nofp/libgcc.a(_dvmd_tls.o)
 .ARM.attributes
                0x00000de9       0x1e /usr/lib/gcc/arm-none-eabi/12.2.1/thumb/v6-m/nofp/libgcc.a(_arm_cmpdf2.o)
 .ARM.attributes
                0x00000e07       0x1e /usr/lib/gcc/arm-none-eabi/12.2.1/thumb/v6-m/nofp/libgcc.a(_aeabi_uldivmod.o)
 .ARM.attributes
                0x00000e25       0x2c /usr/lib/gcc/arm-none-eabi/12.2.1/thumb/v6-m/nofp/libgcc.a(_fixunssfsi.o)
 .ARM.attributes
                0x00000e51       0x2c /usr/lib/gcc/arm-none-eabi/12.2.1/thumb/v6-m/nofp/libgcc.a(_fixunsdfsi.o)
 .ARM.attributes
                0x00000e7d       0x2c /usr/lib/gcc/arm-none-eabi/12.2.1/thumb/v6-m/nofp/libgcc.a(_udivmoddi4.o)
 .ARM.attributes
                0x00000ea9       0x2c /usr/lib/gcc/arm-none-eabi/12.2.1/thumb/v6-m/nofp/libgcc.a(addsf3.o)
 .ARM.attributes
                0x00000ed5       0x2c /usr/lib/gcc/arm-none-eabi/12.2.1/thumb/v6-m/nofp/libgcc.a(divsf3.o)
 .ARM.attributes
                0x00000f01       0x2c /usr/lib/gcc/arm-none-eabi/12.2.1/thumb/v6-m/nofp/libgcc.a(mulsf3.o)
 .ARM.attributes
                0x00000f2d       0x2c /usr/lib/gcc/arm-none-eabi/12.2.1/thumb/v6-m/nofp/libgcc.a(subsf3.o)
 .ARM.attributes
                0x00000f59       0x2c /usr/lib/gcc/arm-none-eabi/12.2.1/thumb/v6-m/nofp/libgcc.a(fixsfsi.o)
 .ARM.attributes
                0x00000f85       0x2c /usr/lib/gcc/arm-none-eabi/12.2.1/thumb/v6-m/nofp/libgcc.a(floatsisf.o)
 .ARM.attributes
                0x00000fb1       0x2c /usr/lib/gcc/arm-none-eabi/12.2.1/thumb/v6-m/nofp/libgcc.a(floatunsisf.o)
 .ARM.attributes
                0x00000fdd       0x2c /usr/lib/gcc/arm-none-eabi/12.2.1/thumb/v6-m/nofp/libgcc.a(adddf3.o)
 .ARM.attributes
                0x00001009       0x2c /usr/lib/gcc/arm-none-eabi/12.2.1/thumb/v6-m/nofp/libgcc.a(divdf3.o)
 .ARM.attributes
                0x00001035       0x2c /usr/lib/gcc/arm-none-eabi/12.2.1/thumb/v6-m/nofp/libgcc.a(eqdf2.o)
 .ARM.attributes
                0x00001061       0x2c /usr/lib/gcc/arm-none-eabi/12.2.1/thumb/v6-m/nofp/libgcc.a(gedf2.o)
 .ARM.attributes
                0x0000108d       0x2c /usr/lib/gcc/arm-none-eabi/12.2.1/thumb/v6-m/nofp/libgcc.a(ledf2.o)
 .ARM.attributes
                0x000010b9       0x2c /usr/lib/gcc/arm-none-eabi/12.2.1/thumb/v6-m/nofp/libgcc.a(muldf3.o)
 .ARM.attributes
                0x000010e5       0x2c /usr/lib/gcc/arm-none-eabi/12.2.1/thumb/v6-m/nofp/libgcc.a(subdf3.o)
 .ARM.attributes
                0x00001111       0x2c /usr/lib/gcc/arm-none-eabi/12.2.1/thumb/v6-m/nofp/libgcc.a(unorddf2.o)
 .ARM.attributes
                0x0000113d       0x2c /usr/lib/gcc/arm-none-eabi/12.2.1/thumb/v6-m/nofp/libgcc.a(fixdfsi.o)
 .ARM.attributes
                0x00001169       0x2c /usr/lib/gcc/arm-none-eabi/12.2.1/thumb/v6-m/nofp/libgcc.a(floatsidf.o)
 .ARM.attributes
                0x00001195       0x2c /usr/lib/gcc/arm-none-eabi/12.2.1/thumb/v6-m/nofp/libgcc.a(floatunsidf.o)
 .ARM.attributes
                0x000011c1       0x1e /usr/lib/gcc/arm-none-eabi/12.2.1/thumb/v6-m/nofp/libgcc.a(_arm_cmpsf2.o)
 .ARM.attributes
                0x000011df       0x1e /usr/lib/gcc/arm-none-eabi/12.2.1/thumb/v6-m/nofp/libgcc.a(_clzsi2.o)
 .ARM.attributes
                0x000011fd       0x1e /usr/lib/gcc/arm-none-eabi/12.2.1/thumb/v6-m/nofp/libgcc.a(_clzdi2.o)
 .ARM.attributes
                0x0000121b       0x2c /usr/lib/gcc/arm-none-eabi/12.2.1/thumb/v6-m/nofp/libgcc.a(eqsf2.o)
 .ARM.attributes
                0x00001247       0x2c /usr/lib/gcc/arm-none-eabi/12.2.1/thumb/v6-m/nofp/libgcc.a(gesf2.o)
 .ARM.attributes
                0x00001273       0x2c /usr/lib/gcc/arm-none-eabi/12.2.1/thumb/v6-m/nofp/libgcc.a(lesf2.o)
 .ARM.attributes
                0x0000129f       0x2c /usr/lib/gcc/arm-none-eabi/12.2.1/thumb/v6-m/nofp/crtend.o
 .ARM.attributes
                0x000012cb       0x1e /usr/lib/gcc/arm-none-eabi/12.2.1/thumb/v6-m/nofp/crtn.o
 .ARM.attributes
                0x000012e9       0x2c /usr/lib/gcc/arm-none-eabi/12.2.1/../../../arm-none-eabi/lib/thumb/v6-m/nofp/libnosys.a(close.o)
 .ARM.attributes
                0x00001315       0x2c /usr/lib/gcc/arm-none-eabi/12.2.1/../../../arm-none-eabi/lib/thumb/v6-m/nofp/libnosys.a(fstat.o)
 .ARM.attributes
                0x00001341       0x2c /usr/lib/gcc/arm-none-eabi/12.2.1/../../../arm-none-eabi/lib/thumb/v6-m/nofp/libnosys.a(getpid.o)
 .ARM.attributes
                0x0000136d       0x2c /usr/lib/gcc/arm-none-eabi/12.2.1/../../../arm-none-eabi/lib/thumb/v6-m/nofp/libnosys.a(isatty.o)
 .ARM.attributes
                0x00001399       0x2c /usr/lib/gcc/arm-none-eabi/12.2.1/../../../arm-none-eabi/lib/thumb/v6-m/nofp/libnosys.a(kill.o)
 .ARM.attributes
                0x000013c5       0x2c /usr/lib/gcc/arm-none-eabi/12.2.1/../../../arm-none-eabi/lib/thumb/v6-m/nofp/libnosys.a(lseek.o)
 .ARM.attributes
                0x000013f1       0x2c /usr/lib/gcc/arm-none-eabi/12.2.1/../../../arm-none-eabi/lib/thumb/v6-m/nofp/libnosys.a(read.o)
 .ARM.attributes
                0x0000141d       0x2c /usr/lib/gcc/arm-none-eabi/12.2.1/../../../arm-none-eabi/lib/thumb/v6-m/nofp/libnosys.a(write.o)
 .ARM.attributes
                0x00001449       0x2c /usr/lib/gcc/arm-none-eabi/12.2.1/../../../arm-none-eabi/lib/thumb/v6-m/nofp/libnosys.a(_exit.o)

.comment        0x00000000       0x59
 .comment       0x00000000       0x26 /usr/lib/gcc/arm-none-eabi/12.2.1/thumb/v6-m/nofp/crtbegin.o
                                 0x27 (size before relaxing)
 .comment       0x00000026       0x27 main.vwo
 .comment       0x00000026       0x27 canbox.vwo
 .comment       0x00000026       0x27 ring.vwo
 .comment       0x00000026       0x27 conf.vwo
 .comment       0x00000026       0x27 car.vwo
 .comment       0x00000026       0x27 tick.vwo
 .comment       0x00000026       0x27 hw.vwo
 .comment       0x00000026       0x27 sbrk.vwo
 .comment       0x00000026       0x27 vw_nc03/fw/hw_clock.vwo
 .comment       0x00000026       0x27 vw_nc03/fw/hw_can.vwo
 .comment       0x00000026       0x27 vw_nc03/fw/hw_gpio.vwo
 .comment       0x00000026       0x27 vw_nc03/fw/hw_tick.vwo
 .comment       0x00000026       0x27 vw_nc03/fw/hw_usart.vwo
 .comment       0x00000026       0x27 vw_nc03/fw/hw_sleep.vwo
 .comment       0x00000026       0x27 vw_nc03/fw/hw_conf.vwo
 .comment       0x00000026       0x27 vw_nc03/fw/nuc131bsp/Library/StdDriver/src/sys.vwo
 .comment       0x00000026       0x27 vw_nc03/fw/nuc131bsp/Library/StdDriver/src/clk.vwo
 .comment       0x00000026       0x27 vw_nc03/fw/nuc131bsp/Library/StdDriver/src/gpio.vwo
 .comment       0x00000026       0x27 vw_nc03/fw/nuc131bsp/Library/StdDriver/src/uart.vwo
 .comment       0x00000026       0x27 vw_nc03/fw/nuc131bsp/Library/StdDriver/src/can.vwo
 .comment       0x00000026       0x27 vw_nc03/fw/nuc131bsp/Library/StdDriver/src/fmc.vwo
 .comment       0x00000026       0x27 vw_nc03/fw/nuc131bsp/Library/Device/Nuvoton/NUC131/Source/system_NUC131.vwo
 .comment       0x00000026       0x33 /usr/lib/gcc/arm-none-eabi/12.2.1/../../../arm-none-eabi/lib/thumb/v6-m/nofp/libc.a(lib_a-atexit.o)
                                 0x34 (size before relaxing)
 .comment       0x00000059       0x34 /usr/lib/gcc/arm-none-eabi/12.2.1/../../../arm-none-eabi/lib/thumb/v6-m/nofp/libc.a(lib_a-exit.o)
 .comment       0x00000059       0x34 /usr/lib/gcc/arm-none-eabi/12.2.1/../../../arm-none-eabi/lib/thumb/v6-m/nofp/libc.a(lib_a-fini.o)
 .comment       0x00000059       0x34 /usr/lib/gcc/arm-none-eabi/12.2.1/../../../arm-none-eabi/lib/thumb/v6-m/nofp/libc.a(lib_a-impure.o)
 .comment       0x00000059       0x34 /usr/lib/gcc/arm-none-eabi/12.2.1/../../../arm-none-eabi/lib/thumb/v6-m/nofp/libc.a(lib_a-init.o)
 .comment       0x00000059       0x34 /usr/lib/gcc/arm-none-eabi/12.2.1/../../../arm-none-eabi/lib/thumb/v6-m/nofp/libc.a(lib_a-memcpy-stub.o)
 .comment       0x00000059       0x34 /usr/lib/gcc/arm-none-eabi/12.2.1/../../../arm-none-eabi/lib/thumb/v6-m/nofp/libc.a(lib_a-memmove.o)
 .comment       0x00000059       0x34 /usr/lib/gcc/arm-none-eabi/12.2.1/../../../arm-none-eabi/lib/thumb/v6-m/nofp/libc.a(lib_a-memset.o)
 .comment       0x00000059       0x34 /usr/lib/gcc/arm-none-eabi/12.2.1/../../../arm-none-eabi/lib/thumb/v6-m/nofp/libc.a(lib_a-snprintf.o)
 .comment       0x00000059       0x34 /usr/lib/gcc/arm-none-eabi/12.2.1/../../../arm-none-eabi/lib/thumb/v6-m/nofp/libc.a(lib_a-strcpy.o)
 .comment       0x00000059       0x34 /usr/lib/gcc/arm-none-eabi/12.2.1/../../../arm-none-eabi/lib/thumb/v6-m/nofp/libc.a(lib_a-strlen-stub.o)
 .comment       0x00000059       0x34 /usr/lib/gcc/arm-none-eabi/12.2.1/../../../arm-none-eabi/lib/thumb/v6-m/nofp/libc.a(lib_a-svfprintf.o)
 .comment       0x00000059       0x34 /usr/lib/gcc/arm-none-eabi/12.2.1/../../../arm-none-eabi/lib/thumb/v6-m/nofp/libc.a(lib_a-__atexit.o)
 .comment       0x00000059       0x34 /usr/lib/gcc/arm-none-eabi/12.2.1/../../../arm-none-eabi/lib/thumb/v6-m/nofp/libc.a(lib_a-__call_atexit.o)
 .comment       0x00000059       0x34 /usr/lib/gcc/arm-none-eabi/12.2.1/../../../arm-none-eabi/lib/thumb/v6-m/nofp/libc.a(lib_a-dtoa.o)
 .comment       0x00000059       0x34 /usr/lib/gcc/arm-none-eabi/12.2.1/../../../arm-none-eabi/lib/thumb/v6-m/nofp/libc.a(lib_a-localeconv.o)
 .comment       0x00000059       0x34 /usr/lib/gcc/arm-none-eabi/12.2.1/../../../arm-none-eabi/lib/thumb/v6-m/nofp/libc.a(lib_a-mallocr.o)
 .comment       0x00000059       0x34 /usr/lib/gcc/arm-none-eabi/12.2.1/../../../arm-none-eabi/lib/thumb/v6-m/nofp/libc.a(lib_a-memchr-stub.o)
 .comment       0x00000059       0x34 /usr/lib/gcc/arm-none-eabi/12.2.1/../../../arm-none-eabi/lib/thumb/v6-m/nofp/libc.a(lib_a-mlock.o)
 .comment       0x00000059       0x34 /usr/lib/gcc/arm-none-eabi/12.2.1/../../../arm-none-eabi/lib/thumb/v6-m/nofp/libc.a(lib_a-mprec.o)
 .comment       0x00000059       0x34 /usr/lib/gcc/arm-none-eabi/12.2.1/../../../arm-none-eabi/lib/thumb/v6-m/nofp/libc.a(lib_a-svfiprintf.o)